[style] stormlight  ->  dramatic volumetric stormlight, moody chiaroscuro, hyperdetailed, cinematic, otherworldly
[dive] run dir: /mnt/c/Users/Phil/zoomer/output/skyfog_ds/v6
[dive] skyfog_ds: 253 frames, 576x1024, zoom 1.045/frame, denoise 0.5, ckpt dreamshaperXL.safetensors
[dive] object-approach ON (170 frames, point-track); depth preproc=DepthAnythingV2Preprocessor
[dive] frame 1/253 (14.9s/frame, ~3749s left) :: moving through the whole lamp-room at the top of the lightho
[dive] frame 11/253 (17.0s/frame, ~4114s left) :: moving through the whole lamp-room at the top of the lightho
[dive] frame 21/253 (16.9s/frame, ~3915s left) :: diving straight into the near windowpane filmed with condens
[dive] frame 31/253 (15.9s/frame, ~3539s left) :: a fine mist of condensation up close on the window pane, cou
[dive] frame 41/253 (15.8s/frame, ~3359s left) :: diving straight into one bead of water larger than the rest,
[dive] frame 51/253 (15.7s/frame, ~3168s left) :: a single clear swollen raindrop, its rounded skin catching t
[dive] frame 61/253 (14.4s/frame, ~2772s left) :: the whole view transforming, resolving into towering pillars
[dive] frame 71/253 (13.5s/frame, ~2459s left) :: the whole view transforming, resolving into towering pillars
[dive] frame 81/253 (13.9s/frame, ~2395s left) :: moving through towering pillars of glowing nebula mist, veil
[dive] frame 91/253 (14.2s/frame, ~2298s left) :: diving straight into one protostar bright at the pillar's he
[dive] frame 101/253 (14.4s/frame, ~2193s left) :: diving straight into one protostar bright at the pillar's he
[dive] frame 111/253 (14.6s/frame, ~2072s left) :: diving straight into one protostar bright at the pillar's he
[dive] frame 121/253 (14.3s/frame, ~1885s left) :: moving through the corona of a newborn star, arcs of fire an
[dive] frame 131/253 (14.5s/frame, ~1764s left) :: diving straight into one banded world past the flare, an orb
[dive] frame 141/253 (14.6s/frame, ~1634s left) :: diving straight into one banded world past the flare, an orb
[dive] frame 151/253 (14.4s/frame, ~1464s left) :: moving through the banded planet close, marbled cloud lit lo
[dive] frame 161/253 (14.5s/frame, ~1332s left) :: diving straight into the calm dark eye at the storm's center
[dive] frame 171/253 (14.5s/frame, ~1190s left) :: the storm's towering eye-wall, sheer canyons of cloud lit am
[dive] frame 181/253 (14.4s/frame, ~1038s left) :: moving through the storm's towering eye-wall, sheer canyons 
[dive] frame 191/253 (14.5s/frame, ~900s left) :: diving straight into a bank of luminous sea fog over the dar
[dive] frame 201/253 (14.5s/frame, ~752s left) :: a fog-drowned night coast, black water and wet rock, deep ba
[dive] frame 211/253 (14.5s/frame, ~607s left) :: moving through a fog-drowned night coast, black water and we
[dive] frame 221/253 (14.5s/frame, ~466s left) :: diving straight into a lighthouse tower in the fog, stone wa
[dive] frame 231/253 (14.4s/frame, ~317s left) :: beside the lighthouse's old stone tower in the fog, rain gli
[dive] frame 241/253 (14.2s/frame, ~170s left) :: moving through beside the lighthouse's old stone tower in th
[dive] frame 251/253 (13.9s/frame, ~28s left) :: diving straight into the lighthouse's lamp room at the top o
[dive] frame 253/253 (13.9s/frame, ~0s left) :: diving straight into the lighthouse's lamp room at the top o
[dive] interpolated 12 -> 24fps in 29s
[dive] primary (zoom-out): /mnt/c/Users/Phil/zoomer/output/skyfog_ds/v6/skyfog_ds.mp4 (28617 KB, 21.1s)
[dive] alt (dive-in): /mnt/c/Users/Phil/zoomer/output/skyfog_ds/v6/skyfog_ds_divein.mp4 (29500 KB, 21.1s)
[dive] done in 3540s
