[dive] run dir: /mnt/c/Users/Phil/zoomer/output/skyfog_ds/v4
[dive] skyfog_ds: 253 frames, 576x1024, zoom 1.045/frame, denoise 0.5, ckpt dreamshaperXL.safetensors
[dive] object-approach ON (170 frames); depth preproc=DepthAnythingV2Preprocessor
[dive] frame 1/253 (7.1s/frame, ~1793s left) :: moving through the whole lamp-room at the top of the lightho
[dive] frame 11/253 (18.8s/frame, ~4561s left) :: moving through the whole lamp-room at the top of the lightho
[dive] frame 21/253 (18.4s/frame, ~4271s left) :: diving straight into one round windowpane filmed with conden
[dive] frame 31/253 (17.2s/frame, ~3813s left) :: a fine mist of condensation on the window pane, countless sm
[dive] frame 41/253 (17.4s/frame, ~3682s left) :: diving straight into one bead of water larger than the rest,
[dive] frame 51/253 (17.4s/frame, ~3514s left) :: inside the curved skin of a single swollen raindrop, the lam
[dive] frame 61/253 (15.9s/frame, ~3050s left) :: the whole view transforming, resolving into towering pillars
[dive] frame 71/253 (14.8s/frame, ~2686s left) :: the whole view transforming, resolving into towering pillars
[dive] frame 81/253 (15.6s/frame, ~2684s left) :: moving through towering pillars of glowing nebula mist, veil
[dive] frame 91/253 (16.1s/frame, ~2603s left) :: diving straight into one protostar bright at the pillar's he
[dive] frame 101/253 (16.6s/frame, ~2531s left) :: diving straight into one protostar bright at the pillar's he
[dive] frame 111/253 (17.0s/frame, ~2407s left) :: diving straight into one protostar bright at the pillar's he
[dive] frame 121/253 (16.5s/frame, ~2180s left) :: moving through the corona of a newborn star, arcs of fire an
[dive] frame 131/253 (16.7s/frame, ~2037s left) :: diving straight into one banded world past the flare, an orb
[dive] frame 141/253 (16.9s/frame, ~1892s left) :: diving straight into one banded world past the flare, an orb
[dive] frame 151/253 (16.6s/frame, ~1689s left) :: moving through the banded planet close, marbled cloud lit lo
[dive] frame 161/253 (16.8s/frame, ~1542s left) :: diving straight into the calm dark eye at the storm's center
[dive] frame 171/253 (16.8s/frame, ~1377s left) :: the storm's towering eye-wall, sheer canyons of cloud lit am
[dive] frame 181/253 (16.7s/frame, ~1200s left) :: moving through the storm's towering eye-wall, sheer canyons 
[dive] frame 191/253 (16.8s/frame, ~1042s left) :: diving straight into a bank of luminous sea fog over the dar
[dive] frame 201/253 (16.7s/frame, ~870s left) :: a fog-drowned night coast, black water and wet rock, deep ba
[dive] frame 211/253 (16.8s/frame, ~705s left) :: moving through a fog-drowned night coast, black water and we
[dive] frame 221/253 (16.9s/frame, ~541s left) :: diving straight into a lighthouse tower in the fog, stone wa
[dive] frame 231/253 (16.7s/frame, ~368s left) :: beside the lighthouse's old stone tower in the fog, rain gli
[dive] frame 241/253 (16.4s/frame, ~197s left) :: moving through beside the lighthouse's old stone tower in th
[dive] frame 251/253 (16.1s/frame, ~32s left) :: diving straight into the lighthouse's lamp room glowing warm
[dive] frame 253/253 (16.0s/frame, ~0s left) :: diving straight into the lighthouse's lamp room glowing warm
[dive] interpolated 12 -> 24fps in 30s
[dive] counter overlay on 503 frames (32 decade pulses)
[dive] primary (zoom-out): /mnt/c/Users/Phil/zoomer/output/skyfog_ds/v4/skyfog_ds.mp4 (27166 KB, 21.1s)
[dive] alt (dive-in): /mnt/c/Users/Phil/zoomer/output/skyfog_ds/v4/skyfog_ds_divein.mp4 (28003 KB, 21.1s)
[dive] done in 4167s
