ARCHIVE -> E:                                 size  reason
  output/abyssal_chandelier_cambase         0.21G  orphan (no pipeline entry)
  output/abyssal_chandelier_camcam          0.32G  orphan (no pipeline entry)
  output/anemone_arsenal                    3.01G  video rejected
  output/bamboo_sea                         0.68G  video live
  output/bee_cathedral                      0.80G  video live
  output/bourdon_foundry                    1.69G  video rejected
  output/brinicle_grove                     0.58G  video live
  output/caddis_masonry                     3.06G  video live
  output/camera_lab                         1.10G  orphan (no pipeline entry)
  output/chameleon_prism                    1.11G  video live
  output/cherenkov_cistern                  2.25G  video rejected
  output/cherenkov_cistern_cambase          0.13G  orphan (no pipeline entry)
  output/cherenkov_cistern_camcam           0.13G  orphan (no pipeline entry)
  output/cobalt_rookery                     7.34G  video live
  output/coral_synapse                      8.88G  video rejected
  output/desert_rosette                     1.10G  video live
  output/dolly_lab                          1.47G  orphan (no pipeline entry)
  output/eclipse_waterhole                  1.21G  video live
  output/ember_meadow                       0.54G  video live
  output/fiddler_commons                    0.57G  video live
  output/kelp_dynamo                        0.98G  video rejected
  output/lantern_mangrove                   6.18G  video live
  output/lissajous_stage                    0.39G  video rejected
  output/magellanic_mob                     1.16G  video live
  output/magnetite_choir                    3.81G  video live
  output/mantis_drumline                    0.64G  video rejected
  output/meteorite_cradle                   3.57G  video live
  output/motmot_cenote                      1.02G  video rejected
  output/observatory_dusk                   0.84G  video rejected
  output/peony_shell                        1.60G  video live
  output/persist_lab                        0.47G  orphan (no pipeline entry)
  output/physarum_maze                      0.82G  video live
  output/pomegranate_vault                  1.08G  video live
  output/ruby_furnace                       4.90G  video live
  output/squid_lantern                      1.76G  video live
  output/sundew_snare                       1.17G  video live
  output/sunspot_archipelago                0.93G  video rejected
  output/termite_citadel                    4.29G  video live
  output/vesper_flight                      2.92G  video live
  output/whale_fall_republic                4.36G  video live
  output/wild_yeast                         3.43G  video live
  TOTAL                                    82.49G

KEEP on C:                              
  output/anvil_country                      0.95G  video review
  output/bayou_eyeshine                     0.88G  video review
  output/bromeliad_tank                     0.48G  video review
  output/cacao_temper                       1.16G  video review
  output/candidates                         0.19G  always-keep
  output/chalk_cellar                       1.06G  video review
  output/cicada_chorus                      1.20G  video review
  output/circuit_grotto                     0.37G  video queued
  output/fluorite_stope                     0.43G  video review
  output/garnet_glass                       1.10G  video review
  output/gecko_rampart                      2.03G  video review
  output/horseshoe_tide                     0.84G  video review
  output/lily_undercroft                    2.34G  video review
  output/locust_sorghum                     0.41G  video review
  output/mascots                            0.04G  always-keep
  output/music                              0.92G  always-keep
  output/natron_skein                       2.15G  video review
  output/phage_landing                      1.52G  video review
  output/pika_larder                        0.77G  video review
  output/plasma_script                      0.39G  video review
  output/realm_refs                         0.17G  always-keep
  output/saguaro_vigil                      1.23G  video review
  output/sargasso_windrow                   1.01G  video review
  output/sockeye_stair                      0.42G  video review
  output/venus_basket                       1.03G  video review
  output/vernal_clutch                      1.05G  video review
  output/voltaic_shoal                      0.49G  video queued
  output/waterbear_prairie                  0.96G  video review
  output/winter_murmuration                 1.12G  video queued
  TOTAL                                    26.71G

DELETE-CLASS inside kept trees (regenerable; NOT touched): 14.70G

dry run — nothing moved. --run to archive.
