ARCHIVE -> E:                                 size  reason
  output/abyssal_chandelier                 1.96G  video failed
  output/alexandria                         0.63G  video failed
  output/alexandria_ds                      0.83G  video failed
  output/ammonite_spiral                    0.70G  video rejected
  output/antenna_ball                       1.07G  video rejected
  output/antenna_ball_ds                    1.61G  video rejected
  output/antenna_ball_turbo                 0.39G  video rejected
  output/attic_drift                        0.40G  video rejected
  output/black_hole                         2.42G  video live
  output/black_hole_ds                      0.99G  video live
  output/brand                              0.03G  orphan (no pipeline entry)
  output/butterfly_meridian                 0.89G  video failed
  output/cartographer                       3.75G  video failed
  output/cartographer_ds                    4.25G  video failed
  output/cave_of_numbers                    0.29G  video failed
  output/chalkboard_infinities              0.59G  video failed
  output/chess_empires                      0.86G  video rejected
  output/cinder_veil                        0.92G  video failed
  output/circuit_city_ds                    0.90G  video failed
  output/circuit_city_turbo                 2.87G  video failed
  output/copper_rain                        1.26G  video failed
  output/cosmic_scales_remix_ds             1.23G  video failed
  output/cosmic_scales_remix_turbo         10.75G  video failed
  output/dollhouse                          0.79G  video failed
  output/dollhouse_ds                       1.48G  video failed
  output/droplet_zoo                        0.40G  video rejected
  output/first_dive                         0.06G  orphan (no pipeline entry)
  output/first_dive_ds                      0.16G  orphan (no pipeline entry)
  output/first_dive_v2                      0.15G  orphan (no pipeline entry)
  output/food_chain                         1.21G  video failed
  output/food_chain_ds                      2.44G  video failed
  output/frost_window                       0.88G  video failed
  output/frost_window_cn0                   0.45G  orphan (no pipeline entry)
  output/full_ladder                        6.17G  orphan (no pipeline entry)
  output/full_ladder_ds                     3.46G  orphan (no pipeline entry)
  output/geode_cosmos                       1.13G  video failed
  output/glass_apiary                       2.45G  video failed
  output/gossamer_dawn                      0.41G  video rejected
  output/grand_tour                         0.23G  orphan (no pipeline entry)
  output/heron_delta                        0.42G  video rejected
  output/ice_and_ember_ds                   0.19G  orphan (no pipeline entry)
  output/ice_and_ember_turbo                0.22G  orphan (no pipeline entry)
  output/ink_dynasty                        0.80G  video failed
  output/iris_observatory                   2.15G  video rejected
  output/iris_observatory_ds                1.30G  video rejected
  output/ivory_gambit                       2.16G  video failed
  output/jade_automata                      0.84G  video failed
  output/jewel_oculus                       0.92G  video rejected
  output/lab_4reg                           0.42G  orphan (no pipeline entry)
  output/lab_4reg_in                        0.31G  orphan (no pipeline entry)
  output/lather_atlas                       0.41G  video failed
  output/lichen_moor                        0.64G  video failed
  output/loom_of_nights                     1.88G  video rejected
  output/midnight_kitchen                   0.45G  video live
  output/midnight_kitchen_ds                0.45G  video live
  output/mineral_heart                      4.25G  video failed
  output/mineral_heart_ds                   5.30G  video failed
  output/mineral_heart_turbo                1.10G  video failed
  output/molten_clockwork_ds                0.19G  orphan (no pipeline entry)
  output/molten_clockwork_turbo             0.21G  orphan (no pipeline entry)
  output/moth_orchard_night                 1.45G  video failed
  output/neon_mycelium_ds                   0.18G  orphan (no pipeline entry)
  output/neon_mycelium_turbo                0.22G  orphan (no pipeline entry)
  output/night_bloom                        5.73G  video live
  output/night_bloom_ds                     1.99G  video live
  output/night_lido                         0.42G  video rejected
  output/orbit_lab                          0.03G  lab evidence
  output/origami_bloom_ds                   0.17G  orphan (no pipeline entry)
  output/origami_bloom_turbo                0.16G  orphan (no pipeline entry)
  output/pollen_court                       1.37G  video failed
  output/proof_4decade                      0.32G  orphan (no pipeline entry)
  output/proof_4decade_ds                   0.44G  orphan (no pipeline entry)
  output/quantum_orrery                     2.29G  video failed
  output/resolve_lab                        0.04G  lab evidence
  output/resonance_hall                     0.85G  video failed
  output/salt_mirror                        0.61G  video failed
  output/seam_lab                           1.53G  lab evidence
  output/skyfog                             0.84G  video rejected
  output/skyfog_ds                          3.41G  video rejected
  output/skyfog_turbo                       0.40G  video rejected
  output/snowfall                           0.67G  video failed
  output/snowfall_ds                        0.66G  video failed
  output/snowfall_turbo                     0.62G  video failed
  output/stained_glass_ocean_ds             0.19G  orphan (no pipeline entry)
  output/stained_glass_ocean_turbo          0.22G  orphan (no pipeline entry)
  output/static_bloom                       0.00G  orphan (no pipeline entry)
  output/stormglass_ds                      1.06G  video rejected
  output/stormglass_turbo                   0.79G  video rejected
  output/sugar_nebula                       1.36G  video failed
  output/tempo_lab                          1.35G  lab evidence
  output/tesla_garden                       0.67G  video failed
  output/tide_glass                         0.61G  video failed
  output/tide_of_life                       2.26G  video live
  output/tide_of_life_ds                    1.09G  video live
  output/turing_springs                     0.59G  video rejected
  output/velvet_atlas                       1.29G  video failed
  TOTAL                                   121.91G

KEEP on C:                              
  output/candidates                         0.08G  always-keep
  output/cobalt_rookery                     1.13G  video review
  output/coral_synapse                      1.00G  video review
  output/desert_rosette                     1.10G  video review
  output/ember_meadow                       0.54G  video review
  output/lantern_mangrove                   0.85G  video review
  output/magnetite_choir                    0.50G  video review
  output/mascots                            0.04G  always-keep
  output/music                              0.42G  always-keep
  output/realm_refs                         0.17G  always-keep
  output/ruby_furnace                       0.77G  video review
  output/squid_lantern                      0.71G  video review
  output/sundew_snare                       1.17G  video review
  output/termite_citadel                    0.82G  video review
  output/whale_fall_republic                2.17G  video review
  TOTAL                                    11.46G

DELETE-CLASS inside kept trees (regenerable; NOT touched): 6.42G
moving output/abyssal_chandelier (1.96G) ...
moving output/alexandria (0.63G) ...
moving output/alexandria_ds (0.83G) ...
moving output/ammonite_spiral (0.70G) ...
moving output/antenna_ball (1.07G) ...
moving output/antenna_ball_ds (1.61G) ...
moving output/antenna_ball_turbo (0.39G) ...
moving output/attic_drift (0.40G) ...
moving output/black_hole (2.42G) ...
moving output/black_hole_ds (0.99G) ...
moving output/brand (0.03G) ...
moving output/butterfly_meridian (0.89G) ...
moving output/cartographer (3.75G) ...
moving output/cartographer_ds (4.25G) ...
moving output/cave_of_numbers (0.29G) ...
moving output/chalkboard_infinities (0.59G) ...
moving output/chess_empires (0.86G) ...
moving output/cinder_veil (0.92G) ...
moving output/circuit_city_ds (0.90G) ...
moving output/circuit_city_turbo (2.87G) ...
moving output/copper_rain (1.26G) ...
moving output/cosmic_scales_remix_ds (1.23G) ...
moving output/cosmic_scales_remix_turbo (10.75G) ...
moving output/dollhouse (0.79G) ...
moving output/dollhouse_ds (1.48G) ...
moving output/droplet_zoo (0.40G) ...
moving output/first_dive (0.06G) ...
moving output/first_dive_ds (0.16G) ...
moving output/first_dive_v2 (0.15G) ...
moving output/food_chain (1.21G) ...
moving output/food_chain_ds (2.44G) ...
moving output/frost_window (0.88G) ...
moving output/frost_window_cn0 (0.45G) ...
moving output/full_ladder (6.17G) ...
moving output/full_ladder_ds (3.46G) ...
moving output/geode_cosmos (1.13G) ...
moving output/glass_apiary (2.45G) ...
moving output/gossamer_dawn (0.41G) ...
moving output/grand_tour (0.23G) ...
moving output/heron_delta (0.42G) ...
moving output/ice_and_ember_ds (0.19G) ...
moving output/ice_and_ember_turbo (0.22G) ...
moving output/ink_dynasty (0.80G) ...
moving output/iris_observatory (2.15G) ...
moving output/iris_observatory_ds (1.30G) ...
moving output/ivory_gambit (2.16G) ...
moving output/jade_automata (0.84G) ...
moving output/jewel_oculus (0.92G) ...
moving output/lab_4reg (0.42G) ...
moving output/lab_4reg_in (0.31G) ...
moving output/lather_atlas (0.41G) ...
moving output/lichen_moor (0.64G) ...
moving output/loom_of_nights (1.88G) ...
moving output/midnight_kitchen (0.45G) ...
moving output/midnight_kitchen_ds (0.45G) ...
moving output/mineral_heart (4.25G) ...
moving output/mineral_heart_ds (5.30G) ...
moving output/mineral_heart_turbo (1.10G) ...
moving output/molten_clockwork_ds (0.19G) ...
moving output/molten_clockwork_turbo (0.21G) ...
moving output/moth_orchard_night (1.45G) ...
moving output/neon_mycelium_ds (0.18G) ...
moving output/neon_mycelium_turbo (0.22G) ...
moving output/night_bloom (5.73G) ...
moving output/night_bloom_ds (1.99G) ...
moving output/night_lido (0.42G) ...
moving output/orbit_lab (0.03G) ...
moving output/origami_bloom_ds (0.17G) ...
moving output/origami_bloom_turbo (0.16G) ...
moving output/pollen_court (1.37G) ...
moving output/proof_4decade (0.32G) ...
moving output/proof_4decade_ds (0.44G) ...
moving output/quantum_orrery (2.29G) ...
moving output/resolve_lab (0.04G) ...
moving output/resonance_hall (0.85G) ...
moving output/salt_mirror (0.61G) ...
moving output/seam_lab (1.53G) ...
moving output/skyfog (0.84G) ...
moving output/skyfog_ds (3.41G) ...
moving output/skyfog_turbo (0.40G) ...
moving output/snowfall (0.67G) ...
moving output/snowfall_ds (0.66G) ...
moving output/snowfall_turbo (0.62G) ...
moving output/stained_glass_ocean_ds (0.19G) ...
moving output/stained_glass_ocean_turbo (0.22G) ...
moving output/static_bloom (0.00G) ...
moving output/stormglass_ds (1.06G) ...
moving output/stormglass_turbo (0.79G) ...
moving output/sugar_nebula (1.36G) ...
moving output/tempo_lab (1.35G) ...
moving output/tesla_garden (0.67G) ...
moving output/tide_glass (0.61G) ...
moving output/tide_of_life (2.26G) ...
moving output/tide_of_life_ds (1.09G) ...
moving output/turing_springs (0.59G) ...
moving output/velvet_atlas (1.29G) ...

archived 121.91G to /mnt/e/zoomer_archive
