ammonite_spiral (divein): bar 2.333s -> 103 bpm, key E minor; lane night_market; generating 8, keeping 5
♪ generating 22.0s | 103bpm E minor | seed 10957 steps 8
  tags: chill hypnotic ambient evoking a tidal iridescent hush — slow shimmering bells over a deep...
  done in 17s -> ammonite_spiral_00009_.flac (1.1 MB)
  saved /mnt/c/Users/Phil/zoomer/output/music/ammonite_spiral_night_market.flac
  aligned -> /mnt/c/Users/Phil/zoomer/review/music/candidates/ammonite_spiral/night_market.mp4
    bar 2.318s | music bar 2.304s (conf 0.56) -> stretch 0.9941 | phase 0.970s | lock 8.74x | seamless loop @ 18.54s (music tiled x2, xf 0.50s)
  [night_market] lock 8.74x conf 0.56 score 9.22 -> review/music/candidates/ammonite_spiral/night_market.mp4
♪ generating 22.0s | 103bpm E minor | seed 10994 steps 8
  tags: chill hypnotic ambient evoking a tidal iridescent hush — slow shimmering bells over a deep...
  done in 13s -> ammonite_spiral_00010_.flac (1.1 MB)
  saved /mnt/c/Users/Phil/zoomer/output/music/ammonite_spiral_night_market-b.flac
  aligned -> /mnt/c/Users/Phil/zoomer/review/music/candidates/ammonite_spiral/night_market-b.mp4
    bar 2.318s | music bar 2.283s (conf 0.48) -> stretch 0.9849 | phase 1.010s | lock 13.30x | seamless loop @ 18.54s (music tiled x2, xf 0.50s)
  [night_market-b] lock 13.30x conf 0.48 score 13.08 -> review/music/candidates/ammonite_spiral/night_market-b.mp4
♪ generating 22.0s | 103bpm E minor | seed 11031 steps 8
  tags: chill hypnotic ambient evoking a tidal iridescent hush — slow shimmering bells over a deep...
  done in 13s -> ammonite_spiral_00011_.flac (1.1 MB)
  saved /mnt/c/Users/Phil/zoomer/output/music/ammonite_spiral_night_market-third_answer.flac
  aligned -> /mnt/c/Users/Phil/zoomer/review/music/candidates/ammonite_spiral/night_market-third_answer.mp4
    bar 2.318s | music bar 2.325s (conf 0.31) -> stretch 1.0033 | phase 2.160s | lock 5.90x | seamless loop @ 18.54s (music tiled x2, xf 0.50s)
  [night_market-third_answer] lock 5.90x conf 0.31 score 4.75 -> review/music/candidates/ammonite_spiral/night_market-third_answer.mp4
♪ generating 22.0s | 103bpm E minor | seed 11068 steps 8
  tags: chill hypnotic ambient evoking a tidal iridescent hush — slow shimmering bells over a deep...
  done in 13s -> ammonite_spiral_00012_.flac (0.9 MB)
  saved /mnt/c/Users/Phil/zoomer/output/music/ammonite_spiral_ember_pulse-wild.flac
  aligned -> /mnt/c/Users/Phil/zoomer/review/music/candidates/ammonite_spiral/ember_pulse-wild.mp4
    bar 2.318s | music bar 2.357s (conf 0.50) -> stretch 1.0171 | phase 1.860s | lock 8.39x | seamless loop @ 18.54s (music tiled x2, xf 0.50s)
  [ember_pulse-wild] lock 8.39x conf 0.50 score 8.40 -> review/music/candidates/ammonite_spiral/ember_pulse-wild.mp4
♪ generating 22.0s | 103bpm E minor | seed 11105 steps 8
  tags: chill hypnotic ambient evoking a tidal iridescent hush — slow shimmering bells over a deep...
  done in 12s -> ammonite_spiral_00013_.flac (0.9 MB)
  saved /mnt/c/Users/Phil/zoomer/output/music/ammonite_spiral_tide_organ-wild.flac
  aligned -> /mnt/c/Users/Phil/zoomer/review/music/candidates/ammonite_spiral/tide_organ-wild.mp4
    bar 2.318s | music bar 2.325s (conf 0.31) -> stretch 1.0033 | phase 0.030s | lock 11.47x | seamless loop @ 18.54s (music tiled x2, xf 0.50s)
  [tide_organ-wild] lock 11.47x conf 0.31 score 9.33 -> review/music/candidates/ammonite_spiral/tide_organ-wild.mp4
♪ generating 22.0s | 103bpm E minor | seed 11142 steps 8
  tags: chill hypnotic ambient evoking a tidal iridescent hush — slow shimmering bells over a deep...
  done in 13s -> ammonite_spiral_00014_.flac (1.5 MB)
  saved /mnt/c/Users/Phil/zoomer/output/music/ammonite_spiral_night_market-halftime.flac
  aligned -> /mnt/c/Users/Phil/zoomer/review/music/candidates/ammonite_spiral/night_market-halftime.mp4
    bar 2.318s | music bar 2.293s (conf 0.40) -> stretch 0.9895 | phase 0.080s | lock 6.96x | seamless loop @ 18.54s (music tiled x1, xf 0.50s)
  [night_market-halftime] lock 6.96x conf 0.40 score 6.26 -> review/music/candidates/ammonite_spiral/night_market-halftime.mp4
♪ generating 22.0s | 103bpm E minor | seed 11179 steps 8
  tags: chill hypnotic ambient evoking a tidal iridescent hush — slow shimmering bells over a deep...
  done in 12s -> ammonite_spiral_00015_.flac (1.1 MB)
  saved /mnt/c/Users/Phil/zoomer/output/music/ammonite_spiral_aurora_strings-wild.flac
  aligned -> /mnt/c/Users/Phil/zoomer/review/music/candidates/ammonite_spiral/aurora_strings-wild.mp4
    bar 2.318s | music bar 2.347s (conf 0.20) -> stretch 1.0125 | phase 0.110s | lock 5.71x | seamless loop @ 18.54s (music tiled x2, xf 0.50s)
  [aurora_strings-wild] lock 5.71x conf 0.20 score 4.02 -> review/music/candidates/ammonite_spiral/aurora_strings-wild.mp4
♪ generating 22.0s | 103bpm E minor | seed 11216 steps 8
  tags: chill hypnotic ambient evoking a tidal iridescent hush — slow shimmering bells over a deep...
  done in 12s -> ammonite_spiral_00016_.flac (1.2 MB)
  saved /mnt/c/Users/Phil/zoomer/output/music/ammonite_spiral_night_market-heartbeat.flac
  aligned -> /mnt/c/Users/Phil/zoomer/review/music/candidates/ammonite_spiral/night_market-heartbeat.mp4
    bar 2.318s | music bar 2.357s (conf 0.34) -> stretch 1.0171 | phase 0.100s | lock 9.30x | seamless loop @ 18.54s (music tiled x2, xf 0.50s)
  [night_market-heartbeat] lock 9.30x conf 0.34 score 7.81 -> review/music/candidates/ammonite_spiral/night_market-heartbeat.mp4
kept: night_market-b, tide_organ-wild, night_market, ember_pulse-wild, aurora_strings-wild
  (ComfyUI models unloaded — VRAM freed)
recorded 5 candidates; audition in the dashboard Music panel
