moth_orchard_night (divein): bar 2.000s -> 120 bpm, key D minor; lane night_market; generating 8, keeping 5
♪ generating 23.0s | 120bpm D minor | seed 4873 steps 8
  tags: all percussion is a single deep soft kick drum landing exactly on the downbeat of every ba...
  done in 30s -> moth_orchard_night_00011_.flac (1.1 MB)
  saved /mnt/c/Users/Phil/zoomer/output/music/moth_orchard_night_night_market.flac
  aligned -> /mnt/c/Users/Phil/zoomer/review/music/candidates/moth_orchard_night/night_market.mp4
    bar 2.000s | music bar 2.005s (conf 0.16) -> stretch 1.0027 | phase 0.870s | lock 6.84x | kick -0.06 | seamless loop @ 20.00s (music tiled x2, xf 0.50s)
  [night_market] lock 6.84x conf 0.16 kick -0.06 score 1.13 -> review/music/candidates/moth_orchard_night/night_market.mp4
♪ generating 23.0s | 120bpm D minor | seed 4910 steps 8
  tags: all percussion is a single deep soft kick drum landing exactly on the downbeat of every ba...
  done in 31s -> moth_orchard_night_00012_.flac (1.2 MB)
  saved /mnt/c/Users/Phil/zoomer/output/music/moth_orchard_night_night_market-b.flac
  aligned -> /mnt/c/Users/Phil/zoomer/review/music/candidates/moth_orchard_night/night_market-b.mp4
    bar 2.000s | music bar 2.005s (conf 0.68) -> stretch 1.0027 | phase 1.860s | lock 9.21x | kick 0.56 | seamless loop @ 20.00s (music tiled x2, xf 0.50s)
  [night_market-b] lock 9.21x conf 0.68 kick 0.56 score 8.79 -> review/music/candidates/moth_orchard_night/night_market-b.mp4
♪ generating 23.0s | 120bpm D minor | seed 4947 steps 8
  tags: all percussion is a deep soft kick on the downbeat of every bar and a quieter deep thump a...
  done in 31s -> moth_orchard_night_00013_.flac (1.1 MB)
  saved /mnt/c/Users/Phil/zoomer/output/music/moth_orchard_night_night_market-third_answer.flac
  aligned -> /mnt/c/Users/Phil/zoomer/review/music/candidates/moth_orchard_night/night_market-third_answer.mp4
    bar 2.000s | music bar 1.995s (conf 0.65) -> stretch 0.9973 | phase 1.410s | lock 21.45x | kick 0.51 | seamless loop @ 20.00s (music tiled x2, xf 0.50s)
  [night_market-third_answer] lock 21.45x conf 0.65 kick 0.51 score 18.61 -> review/music/candidates/moth_orchard_night/night_market-third_answer.mp4
♪ generating 23.0s | 120bpm D minor | seed 4984 steps 8
  tags: all percussion is a single deep 808 kick landing exactly on the downbeat, long empty space...
  done in 32s -> moth_orchard_night_00014_.flac (0.7 MB)
  saved /mnt/c/Users/Phil/zoomer/output/music/moth_orchard_night_ember_pulse-wild.flac
  aligned -> /mnt/c/Users/Phil/zoomer/review/music/candidates/moth_orchard_night/ember_pulse-wild.mp4
    bar 2.000s | music bar 2.005s (conf 0.05) -> stretch 1.0000 | phase 1.910s | lock 7.13x | kick 0.06 | seamless loop @ 20.00s (music tiled x2, xf 0.50s)
  [ember_pulse-wild] lock 7.13x conf 0.05 kick 0.07 score 1.24 -> review/music/candidates/moth_orchard_night/ember_pulse-wild.mp4
♪ generating 23.0s | 120bpm D minor | seed 5021 steps 8
  tags: all percussion is a deep sub-bass heartbeat, two soft low beats then space, the first land...
  done in 31s -> moth_orchard_night_00015_.flac (1.0 MB)
  saved /mnt/c/Users/Phil/zoomer/output/music/moth_orchard_night_tide_organ-wild.flac
  aligned -> /mnt/c/Users/Phil/zoomer/review/music/candidates/moth_orchard_night/tide_organ-wild.mp4
    bar 2.000s | music bar 1.995s (conf 0.10) -> stretch 1.0000 | phase 1.110s | lock 24.07x | kick -0.01 | seamless loop @ 20.00s (music tiled x1, xf 0.50s)
  [tide_organ-wild] lock 24.07x conf 0.10 kick -0.01 score 3.60 -> review/music/candidates/moth_orchard_night/tide_organ-wild.mp4
♪ generating 23.0s | 120bpm D minor | seed 5058 steps 8
  tags: all percussion is a single deep 808 kick landing exactly on the downbeat, long empty space...
  done in 31s -> moth_orchard_night_00016_.flac (1.3 MB)
  saved /mnt/c/Users/Phil/zoomer/output/music/moth_orchard_night_night_market-halftime.flac
  aligned -> /mnt/c/Users/Phil/zoomer/review/music/candidates/moth_orchard_night/night_market-halftime.mp4
    bar 2.000s | music bar 2.005s (conf 0.22) -> stretch 1.0027 | phase 1.350s | lock 13.47x | kick 0.08 | seamless loop @ 20.00s (music tiled x1, xf 0.50s)
  [night_market-halftime] lock 13.47x conf 0.22 kick 0.08 score 3.22 -> review/music/candidates/moth_orchard_night/night_market-halftime.mp4
♪ generating 23.0s | 120bpm D minor | seed 5095 steps 8
  tags: all percussion is a single deep soft kick drum landing exactly on the downbeat of every ba...
  done in 30s -> moth_orchard_night_00017_.flac (0.7 MB)
  saved /mnt/c/Users/Phil/zoomer/output/music/moth_orchard_night_aurora_strings-wild.flac
  aligned -> /mnt/c/Users/Phil/zoomer/review/music/candidates/moth_orchard_night/aurora_strings-wild.mp4
    bar 2.000s | music bar 1.824s (conf 0.00) -> stretch 1.0000 | phase 0.070s | lock 2.63x | kick -0.02 | seamless loop @ 20.00s (music tiled x11, xf 0.50s)
  [aurora_strings-wild] lock 2.63x conf 0.00 kick -0.02 score 0.33 -> review/music/candidates/moth_orchard_night/aurora_strings-wild.mp4
♪ generating 23.0s | 120bpm D minor | seed 5132 steps 8
  tags: all percussion is a deep sub-bass heartbeat, two soft low beats then space, the first land...
  done in 18s -> moth_orchard_night_00018_.flac (0.7 MB)
  saved /mnt/c/Users/Phil/zoomer/output/music/moth_orchard_night_night_market-heartbeat.flac
  aligned -> /mnt/c/Users/Phil/zoomer/review/music/candidates/moth_orchard_night/night_market-heartbeat.mp4
    bar 2.000s | music bar 1.995s (conf 0.05) -> stretch 1.0000 | phase 1.350s | lock 14.48x | kick 0.26 | seamless loop @ 20.00s (music tiled x3, xf 0.50s)
  [night_market-heartbeat] lock 14.48x conf 0.05 kick 0.26 score 4.01 -> review/music/candidates/moth_orchard_night/night_market-heartbeat.mp4
♪ generating 23.0s | 120bpm D minor | seed 5233 steps 8
  tags: all percussion is a single deep soft kick drum landing exactly on the downbeat of every ba...
  done in 13s -> moth_orchard_night_00019_.flac (0.9 MB)
  saved /mnt/c/Users/Phil/zoomer/output/music/moth_orchard_night_pulse1-night_market.flac
  aligned -> /mnt/c/Users/Phil/zoomer/review/music/candidates/moth_orchard_night/pulse1-night_market.mp4
    bar 2.000s | music bar 1.995s (conf 0.32) -> stretch 0.9973 | phase 1.350s | lock 21.43x | kick 0.26 | seamless loop @ 20.00s (music tiled x2, xf 0.50s)
  [pulse1-night_market] kick 0.26 (top-up 1)
♪ generating 23.0s | 120bpm D minor | seed 5334 steps 8
  tags: all percussion is a single deep soft kick drum landing exactly on the downbeat of every ba...
  done in 12s -> moth_orchard_night_00020_.flac (1.0 MB)
  saved /mnt/c/Users/Phil/zoomer/output/music/moth_orchard_night_pulse2-night_market.flac
  aligned -> /mnt/c/Users/Phil/zoomer/review/music/candidates/moth_orchard_night/pulse2-night_market.mp4
    bar 2.000s | music bar 2.005s (conf 0.66) -> stretch 1.0027 | phase 0.820s | lock 16.42x | kick 0.40 | seamless loop @ 20.00s (music tiled x2, xf 0.50s)
  [pulse2-night_market] kick 0.40 (top-up 2)
kept: night_market-third_answer, pulse2-night_market, tide_organ-wild, ember_pulse-wild, aurora_strings-wild
  (ComfyUI models unloaded — VRAM freed)
recorded 5 candidates; audition in the dashboard Music panel
