abyssal_chandelier (divein): bar 2.333s -> 103 bpm, key D minor; lane ember_pulse; generating 8, keeping 5
♪ generating 29.0s | 103bpm D minor | seed 13440 steps 8
  tags: all percussion is a single deep 808 kick landing exactly on the downbeat, long empty space...
  done in 28s -> abyssal_chandelier_00001_.flac (1.1 MB)
  saved /mnt/c/Users/Phil/zoomer/output/music/abyssal_chandelier_ember_pulse.flac
  aligned -> /mnt/c/Users/Phil/zoomer/review/music/candidates/abyssal_chandelier/ember_pulse.mp4
    bar 2.333s | music bar 2.208s (conf 0.07) -> stretch 1.0000 | phase 1.470s | lock 2.73x | kick 0.03 | seamless loop @ 25.67s (music tiled x2, xf 0.50s)
  [ember_pulse] lock 2.73x conf 0.07 kick 0.03 score 0.43 -> review/music/candidates/abyssal_chandelier/ember_pulse.mp4
♪ generating 29.0s | 103bpm D minor | seed 13477 steps 8
  tags: all percussion is a single deep 808 kick landing exactly on the downbeat, long empty space...
  done in 19s -> abyssal_chandelier_00002_.flac (1.4 MB)
  saved /mnt/c/Users/Phil/zoomer/output/music/abyssal_chandelier_ember_pulse-b.flac
  aligned -> /mnt/c/Users/Phil/zoomer/review/music/candidates/abyssal_chandelier/ember_pulse-b.mp4
    bar 2.333s | music bar 2.304s (conf 0.69) -> stretch 0.9874 | phase 1.700s | lock 11.47x | kick 0.46 | seamless loop @ 25.67s (music tiled x2, xf 0.50s)
  [ember_pulse-b] lock 11.47x conf 0.69 kick 0.46 score 9.66 -> review/music/candidates/abyssal_chandelier/ember_pulse-b.mp4
♪ generating 29.0s | 103bpm D minor | seed 13514 steps 8
  tags: all percussion is a deep sub-bass heartbeat, two soft low beats then space, the first land...
  done in 17s -> abyssal_chandelier_00003_.flac (1.1 MB)
  saved /mnt/c/Users/Phil/zoomer/output/music/abyssal_chandelier_ember_pulse-heartbeat.flac
  aligned -> /mnt/c/Users/Phil/zoomer/review/music/candidates/abyssal_chandelier/ember_pulse-heartbeat.mp4
    bar 2.333s | music bar 2.357s (conf 0.61) -> stretch 1.0103 | phase 1.640s | lock 17.73x | kick 0.63 | seamless loop @ 25.67s (music tiled x2, xf 0.50s)
  [ember_pulse-heartbeat] lock 17.73x conf 0.61 kick 0.63 score 17.33 -> review/music/candidates/abyssal_chandelier/ember_pulse-heartbeat.mp4
♪ generating 29.0s | 103bpm D minor | seed 13551 steps 8
  tags: all percussion is a single deep 808 kick landing exactly on the downbeat, long empty space...
  done in 17s -> abyssal_chandelier_00004_.flac (1.0 MB)
  saved /mnt/c/Users/Phil/zoomer/output/music/abyssal_chandelier_deep_archive-wild.flac
  aligned -> /mnt/c/Users/Phil/zoomer/review/music/candidates/abyssal_chandelier/deep_archive-wild.mp4
    bar 2.333s | music bar 2.123s (conf -0.22) -> stretch 1.0000 | phase 0.310s | lock 2.06x | kick -0.23 | seamless loop @ 25.67s (music tiled x2, xf 0.50s)
  [deep_archive-wild] lock 2.06x conf -0.22 kick -0.23 score 0.26 -> review/music/candidates/abyssal_chandelier/deep_archive-wild.mp4
♪ generating 29.0s | 103bpm D minor | seed 13588 steps 8
  tags: all percussion is a single deep soft kick drum landing exactly on the downbeat of every ba...
  done in 16s -> abyssal_chandelier_00005_.flac (1.3 MB)
  saved /mnt/c/Users/Phil/zoomer/output/music/abyssal_chandelier_night_market-wild.flac
  aligned -> /mnt/c/Users/Phil/zoomer/review/music/candidates/abyssal_chandelier/night_market-wild.mp4
    bar 2.333s | music bar 2.304s (conf 0.52) -> stretch 0.9874 | phase 1.680s | lock 11.56x | kick 0.48 | seamless loop @ 25.67s (music tiled x2, xf 0.50s)
  [night_market-wild] lock 11.56x conf 0.52 kick 0.48 score 8.66 -> review/music/candidates/abyssal_chandelier/night_market-wild.mp4
♪ generating 29.0s | 103bpm D minor | seed 13625 steps 8
  tags: all percussion is a single deep 808 kick landing exactly on the downbeat, long empty space...
  done in 20s -> abyssal_chandelier_00006_.flac (1.3 MB)
  saved /mnt/c/Users/Phil/zoomer/output/music/abyssal_chandelier_ember_pulse-halftime.flac
  aligned -> /mnt/c/Users/Phil/zoomer/review/music/candidates/abyssal_chandelier/ember_pulse-halftime.mp4
    bar 2.333s | music bar 2.315s (conf 0.67) -> stretch 0.9920 | phase 1.640s | lock 12.94x | kick 0.01 | seamless loop @ 25.67s (music tiled x2, xf 0.50s)
  [ember_pulse-halftime] lock 12.94x conf 0.67 kick 0.01 score 3.94 -> review/music/candidates/abyssal_chandelier/ember_pulse-halftime.mp4
♪ generating 29.0s | 103bpm D minor | seed 13662 steps 8
  tags: all percussion is a single deep soft kick drum landing exactly on the downbeat of every ba...
  done in 19s -> abyssal_chandelier_00007_.flac (1.1 MB)
  saved /mnt/c/Users/Phil/zoomer/output/music/abyssal_chandelier_analog_dawn-wild.flac
  aligned -> /mnt/c/Users/Phil/zoomer/review/music/candidates/abyssal_chandelier/analog_dawn-wild.mp4
    bar 2.333s | music bar 2.283s (conf 0.62) -> stretch 0.9783 | phase 1.650s | lock 25.65x | kick 0.56 | seamless loop @ 25.67s (music tiled x2, xf 0.50s)
  [analog_dawn-wild] lock 25.65x conf 0.62 kick 0.56 score 23.42 -> review/music/candidates/abyssal_chandelier/analog_dawn-wild.mp4
♪ generating 29.0s | 77bpm D minor | seed 13699 steps 8
  tags: a gently lilting waltz in 3/4 time, all percussion is a single deep soft kick drum landing...
  done in 18s -> abyssal_chandelier_00008_.flac (1.3 MB)
  saved /mnt/c/Users/Phil/zoomer/output/music/abyssal_chandelier_waltz-ember_pulse.flac
  aligned -> /mnt/c/Users/Phil/zoomer/review/music/candidates/abyssal_chandelier/waltz-ember_pulse.mp4
    bar 2.333s | music bar 2.368s (conf 0.31) -> stretch 1.0149 | phase 1.670s | lock 16.52x | kick 0.13 | seamless loop @ 25.67s (music tiled x2, xf 0.50s)
  [waltz-ember_pulse] lock 16.52x conf 0.31 kick 0.13 score 5.05 -> review/music/candidates/abyssal_chandelier/waltz-ember_pulse.mp4
♪ generating 29.0s | 103bpm D minor | seed 13800 steps 8
  tags: all percussion is a single deep soft kick drum landing exactly on the downbeat of every ba...
  done in 18s -> abyssal_chandelier_00009_.flac (1.5 MB)
  saved /mnt/c/Users/Phil/zoomer/output/music/abyssal_chandelier_pulse1-ember_pulse.flac
  aligned -> /mnt/c/Users/Phil/zoomer/review/music/candidates/abyssal_chandelier/pulse1-ember_pulse.mp4
    bar 2.333s | music bar 2.347s (conf 0.58) -> stretch 1.0057 | phase 1.760s | lock 8.80x | kick 0.04 | seamless loop @ 25.67s (music tiled x2, xf 0.50s)
  [pulse1-ember_pulse] kick 0.04 (top-up 1)
♪ generating 29.0s | 103bpm D minor | seed 13901 steps 8
  tags: all percussion is a single deep soft kick drum landing exactly on the downbeat of every ba...
  done in 16s -> abyssal_chandelier_00010_.flac (1.1 MB)
  saved /mnt/c/Users/Phil/zoomer/output/music/abyssal_chandelier_pulse2-ember_pulse.flac
  aligned -> /mnt/c/Users/Phil/zoomer/review/music/candidates/abyssal_chandelier/pulse2-ember_pulse.mp4
    bar 2.333s | music bar 2.293s (conf 0.50) -> stretch 0.9829 | phase 1.670s | lock 23.14x | kick 0.48 | seamless loop @ 25.67s (music tiled x2, xf 0.50s)
  [pulse2-ember_pulse] kick 0.48 (top-up 2)
kept: analog_dawn-wild, ember_pulse-heartbeat, pulse2-ember_pulse, night_market-wild, deep_archive-wild
  (ComfyUI models unloaded — VRAM freed)
recorded 5 candidates; audition in the dashboard Music panel
