FRESH regeneration attempt 2 (re-rolled seeds + lanes)
saguaro_vigil (zoomout): bar 3.000s -> 80 bpm, key D minor; lane choir_of_dust; generating 8, keeping 5
♪ generating 33.0s | 80bpm D minor | seed 2803 steps 8
  tags: all percussion is a deep sub-bass heartbeat, two soft low beats then space, the first land...
  done in 28s -> saguaro_vigil_00023_.flac (1.2 MB)
  saved /mnt/c/Users/Phil/zoomer/output/music/saguaro_vigil_choir_of_dust.flac
  aligned -> /mnt/c/Users/Phil/zoomer/review/music/candidates/saguaro_vigil/choir_of_dust.mp4
    bar 3.000s | music bar 2.944s (conf 0.08) -> stretch 1.0000 | phase 0.110s | lock 2.08x | kick 0.02 | beat 1/4 of the bar | seamless loop @ 30.00s (music tiled x2, xf 0.50s)
  [choir_of_dust] lock 2.08x conf 0.08 kick 0.03 score 0.12 -> review/music/candidates/saguaro_vigil/choir_of_dust.mp4
♪ generating 33.0s | 80bpm D minor | seed 2840 steps 8
  tags: all percussion is a deep sub-bass heartbeat, two soft low beats then space, the first land...
  done in 19s -> saguaro_vigil_00024_.flac (1.5 MB)
  saved /mnt/c/Users/Phil/zoomer/output/music/saguaro_vigil_choir_of_dust-b.flac
  aligned -> /mnt/c/Users/Phil/zoomer/review/music/candidates/saguaro_vigil/choir_of_dust-b.mp4
    bar 3.000s | music bar 2.997s (conf 0.44) -> stretch 0.9991 | phase 0.040s | lock 11.46x | kick 0.42 | beat 1/4 of the bar | seamless loop @ 30.00s (music tiled x2, xf 0.50s)
  [choir_of_dust-b] lock 11.46x conf 0.44 kick 0.42 score 1.74 -> review/music/candidates/saguaro_vigil/choir_of_dust-b.mp4
♪ generating 33.0s | 80bpm D minor | seed 2877 steps 8
  tags: all percussion is a single deep 808 kick landing exactly on the downbeat, long empty space...
  done in 19s -> saguaro_vigil_00025_.flac (1.2 MB)
  saved /mnt/c/Users/Phil/zoomer/output/music/saguaro_vigil_choir_of_dust-halftime.flac
  aligned -> /mnt/c/Users/Phil/zoomer/review/music/candidates/saguaro_vigil/choir_of_dust-halftime.mp4
    bar 3.000s | music bar 2.997s (conf 0.66) -> stretch 0.9991 | phase 1.140s | lock 20.60x | kick 0.72 | beat 1/3 of the bar | seamless loop @ 30.00s (music tiled x2, xf 0.50s)
  [choir_of_dust-halftime] lock 20.60x conf 0.66 kick 0.72 score 4.98 -> review/music/candidates/saguaro_vigil/choir_of_dust-halftime.mp4
♪ generating 33.0s | 80bpm D minor | seed 2914 steps 8
  tags: all percussion is a single deep 808 kick landing exactly on the downbeat, long empty space...
  done in 19s -> saguaro_vigil_00026_.flac (1.2 MB)
  saved /mnt/c/Users/Phil/zoomer/output/music/saguaro_vigil_ember_pulse-wild.flac
  aligned -> /mnt/c/Users/Phil/zoomer/review/music/candidates/saguaro_vigil/ember_pulse-wild.mp4
    bar 3.000s | music bar 3.296s (conf 0.05) -> stretch 1.0000 | phase 0.950s | lock 1.74x | kick 0.08 | beat 2/4 of the bar | seamless loop @ 30.00s (music tiled x2, xf 0.50s)
  [ember_pulse-wild] lock 1.74x conf 0.05 kick 0.08 score 0.14 -> review/music/candidates/saguaro_vigil/ember_pulse-wild.mp4
♪ generating 33.0s | 80bpm D minor | seed 2951 steps 8
  tags: all percussion is a single deep soft kick drum landing exactly on the downbeat of every ba...
  done in 18s -> saguaro_vigil_00027_.flac (1.2 MB)
  saved /mnt/c/Users/Phil/zoomer/output/music/saguaro_vigil_night_market-wild.flac
  aligned -> /mnt/c/Users/Phil/zoomer/review/music/candidates/saguaro_vigil/night_market-wild.mp4
    bar 3.000s | music bar 2.976s (conf 0.04) -> stretch 1.0000 | phase 0.500s | lock 5.14x | kick 0.11 | beat 1/4 of the bar | seamless loop @ 30.00s (music tiled x2, xf 0.50s)
  [night_market-wild] lock 5.14x conf 0.04 kick 0.11 score 0.26 -> review/music/candidates/saguaro_vigil/night_market-wild.mp4
♪ generating 33.0s | 80bpm D minor | seed 2988 steps 8
  tags: all percussion is a deep soft kick on the downbeat of every bar and a quieter deep thump a...
  done in 18s -> saguaro_vigil_00028_.flac (1.3 MB)
  saved /mnt/c/Users/Phil/zoomer/output/music/saguaro_vigil_choir_of_dust-third_answer.flac
  aligned -> /mnt/c/Users/Phil/zoomer/review/music/candidates/saguaro_vigil/choir_of_dust-third_answer.mp4
    bar 3.000s | music bar 2.699s (conf 0.08) -> stretch 1.0000 | phase 1.710s | lock 2.58x | kick 0.15 | beat 4/4 of the bar | seamless loop @ 30.00s (music tiled x2, xf 0.50s)
  [choir_of_dust-third_answer] lock 2.58x conf 0.08 kick 0.15 score 0.23 -> review/music/candidates/saguaro_vigil/choir_of_dust-third_answer.mp4
♪ generating 33.0s | 80bpm D minor | seed 3025 steps 8
  tags: all percussion is a single deep soft kick drum landing exactly on the downbeat of every ba...
  done in 19s -> saguaro_vigil_00029_.flac (1.2 MB)
  saved /mnt/c/Users/Phil/zoomer/output/music/saguaro_vigil_analog_dawn-wild.flac
  aligned -> /mnt/c/Users/Phil/zoomer/review/music/candidates/saguaro_vigil/analog_dawn-wild.mp4
    bar 3.000s | music bar 2.997s (conf 0.44) -> stretch 0.9991 | phase 0.030s | lock 12.24x | kick 0.03 | beat 1/4 of the bar | seamless loop @ 30.00s (music tiled x2, xf 0.50s)
  [analog_dawn-wild] lock 12.24x conf 0.44 kick 0.03 score 0.48 -> review/music/candidates/saguaro_vigil/analog_dawn-wild.mp4
♪ generating 33.0s | 80bpm D minor | seed 3062 steps 8
  tags: all percussion is a deep soft kick on the downbeat of every bar and a quieter deep thump a...
  done in 18s -> saguaro_vigil_00030_.flac (1.3 MB)
  saved /mnt/c/Users/Phil/zoomer/output/music/saguaro_vigil_choir_of_dust-third_answer2.flac
  aligned -> /mnt/c/Users/Phil/zoomer/review/music/candidates/saguaro_vigil/choir_of_dust-third_answer2.mp4
    bar 3.000s | music bar 3.051s (conf 0.02) -> stretch 1.0000 | phase 0.030s | lock 7.86x | kick 0.02 | beat 1/3 of the bar | seamless loop @ 30.00s (music tiled x2, xf 0.50s)
  [choir_of_dust-third_answer2] lock 7.86x conf 0.02 kick 0.02 score 0.20 -> review/music/candidates/saguaro_vigil/choir_of_dust-third_answer2.mp4
♪ generating 33.0s | 80bpm D minor | seed 3163 steps 8
  tags: all percussion is a single deep soft kick drum landing exactly on the downbeat of every ba...
  done in 18s -> saguaro_vigil_00031_.flac (1.2 MB)
  saved /mnt/c/Users/Phil/zoomer/output/music/saguaro_vigil_pulse1-choir_of_dust.flac
  aligned -> /mnt/c/Users/Phil/zoomer/review/music/candidates/saguaro_vigil/pulse1-choir_of_dust.mp4
    bar 3.000s | music bar 2.699s (conf 0.06) -> stretch 1.0000 | phase 2.580s | lock 2.52x | kick 0.13 | beat 4/4 of the bar | seamless loop @ 30.00s (music tiled x2, xf 0.50s)
  [pulse1-choir_of_dust] kick 0.13 (top-up 1)
♪ generating 33.0s | 80bpm D minor | seed 3264 steps 8
  tags: all percussion is a single deep soft kick drum landing exactly on the downbeat of every ba...
  done in 18s -> saguaro_vigil_00032_.flac (1.1 MB)
  saved /mnt/c/Users/Phil/zoomer/output/music/saguaro_vigil_pulse2-choir_of_dust.flac
  aligned -> /mnt/c/Users/Phil/zoomer/review/music/candidates/saguaro_vigil/pulse2-choir_of_dust.mp4
    bar 3.000s | music bar 2.699s (conf 0.48) -> stretch 0.9700 | phase 0.200s | lock 1.94x | kick 0.46 | beat 1/4 of the bar | seamless loop @ 30.00s (music tiled x2, xf 0.50s)
  [pulse2-choir_of_dust] kick 0.46 (top-up 2)
♪ generating 33.0s | 80bpm D minor | seed 3365 steps 8
  tags: all percussion is a single deep soft kick drum landing exactly on the downbeat of every ba...
  done in 19s -> saguaro_vigil_00033_.flac (1.1 MB)
  saved /mnt/c/Users/Phil/zoomer/output/music/saguaro_vigil_pulse3-choir_of_dust.flac
  aligned -> /mnt/c/Users/Phil/zoomer/review/music/candidates/saguaro_vigil/pulse3-choir_of_dust.mp4
    bar 3.000s | music bar 2.720s (conf 0.08) -> stretch 1.0000 | phase 2.130s | lock 2.91x | kick 0.09 | beat 2/4 of the bar | seamless loop @ 30.00s (music tiled x3, xf 0.50s)
  [pulse3-choir_of_dust] kick 0.09 (top-up 3)
kept: choir_of_dust-halftime, choir_of_dust-b, analog_dawn-wild, night_market-wild, ember_pulse-wild
  (ComfyUI models unloaded — VRAM freed)
recorded 5 candidates; audition in the dashboard Music panel
