=== 11:19:37 batch start [manual] — 1 journeys: coral_synapse
=== 11:19:38 --- coral_synapse ---
[style] liquid_light  ->  bioluminescent glow, wet luminous surfaces, deep saturated color, ultra-detailed, cinematic, dreamlike, glittering specular highlights, iridescent sparkle, vivid complementary colour contrast, jewel-bright accents
[dive] run dir: /mnt/c/Users/Phil/zoomer/output/coral_synapse/v1
[dive] coral_synapse: 308 frames, 576x1024, zoom 1.045/frame, denoise 0.5, MODEL ds (dreamshaperXL.safetensors)
[dive] RESOLVE ON — atom_core(sea)[22..44], spiral_galaxy(sea)[78..100], reef_shelf(surface)[134..156], brain_dome(surface)[162..184], polyp_valley(surface)[190..212], coral_tissue(sea)[218..240], nerve_mesh(sea)[246..268], junction_gap(sea)[274..283]
[dive] TRACKER v3 ON (175 approach frames; detect every 4, Florence-2-large-ft); depth preproc=DepthAnythingV2Preprocessor
[dive] frame-0 establish: a vast wide panoramic view of the aragonite lattice of the coral skeleton, ranked rows of blue-white spheres s
[dive] frame 1/308 (35.7s/frame, ~10965s left) :: moving through the aragonite lattice of the coral skeleton, 
[dive] frame 11/308 (23.6s/frame, ~7000s left) :: moving through the aragonite lattice of the coral skeleton, 
[dive] frame 21/308 (20.6s/frame, ~5910s left) :: diving straight into a glowing atom as it swells to fill the
[dive] frame 31/308 (18.6s/frame, ~5142s left) :: deep inside one atom, a tight droplet of packed white-hot sp
[dive] frame 41/308 (17.0s/frame, ~4546s left) :: deep inside deep inside one atom, a tight droplet of packed 
[dive] frame 51/308 (15.6s/frame, ~4016s left) :: deep inside deep inside one atom, a tight droplet of packed 
[dive] frame 61/308 (14.8s/frame, ~3666s left) :: the whole view transforming, resolving into the cosmic web s
[dive] frame 71/308 (15.3s/frame, ~3624s left) :: moving through the cosmic web strung across black space, lon
[dive] frame 81/308 (15.7s/frame, ~3560s left) :: diving straight into a bright spiral galaxy as it swells to 
[dive] frame 91/308 (15.5s/frame, ~3355s left) :: a spiral galaxy set in black space, two great arms of cold b
[dive] frame 101/308 (15.1s/frame, ~3129s left) :: deep inside a spiral galaxy set in black space, two great ar
[dive] frame 111/308 (14.5s/frame, ~2860s left) :: deep inside a spiral galaxy set in black space, two great ar
[dive] frame 121/308 (14.5s/frame, ~2704s left) :: moving through a black night ocean seen from high and obliqu
[dive] frame 131/308 (14.9s/frame, ~2637s left) :: diving straight into a shallow reef bank as it swells to fil
[dive] frame 141/308 (15.0s/frame, ~2510s left) :: a moonlit coral reef slope seen from a little above the sand
[dive] frame 151/308 (14.9s/frame, ~2336s left) :: moving through a moonlit coral reef slope seen from a little
[dive] frame 161/308 (14.9s/frame, ~2193s left) :: diving straight into a round ridged brain coral as it swells
[dive] frame 171/308 (15.0s/frame, ~2055s left) :: a great brain coral standing clear of the sand, winding ridg
[dive] frame 181/308 (14.8s/frame, ~1886s left) :: moving through a great brain coral standing clear of the san
[dive] frame 191/308 (15.0s/frame, ~1756s left) :: diving straight into a deep shadowed groove as it swells to 
[dive] frame 201/308 (15.0s/frame, ~1604s left) :: the crowded trough between two coral ridges, ranks of round 
[dive] frame 211/308 (14.8s/frame, ~1440s left) :: moving through the crowded trough between two coral ridges, 
[dive] frame 221/308 (15.0s/frame, ~1303s left) :: diving straight into a translucent coral polyp as it swells 
[dive] frame 231/308 (14.9s/frame, ~1149s left) :: living coral tissue in layers, sheets of glassy blue-green c
[dive] frame 241/308 (14.8s/frame, ~993s left) :: diving straight into a glowing thread as it swells to fill t
[dive] frame 251/308 (14.9s/frame, ~852s left) :: diving straight into a glowing thread as it swells to fill t
[dive] frame 261/308 (14.9s/frame, ~701s left) :: moving through the coral's nerve net, long threads of cold e
[dive] frame 271/308 (14.9s/frame, ~552s left) :: diving straight into a glowing junction bead as it swells to
[dive] frame 281/308 (14.9s/frame, ~403s left) :: the narrow gap inside one nerve junction, round vesicles cro
[dive] frame 291/308 (14.9s/frame, ~254s left) :: moving through the narrow gap inside one nerve junction, rou
[dive] frame 301/308 (15.0s/frame, ~105s left) :: diving straight into ranked rows of blue-white spheres in a 
[dive] frame 308/308 (15.1s/frame, ~0s left) :: diving straight into ranked rows of blue-white spheres in a 
[dive] interpolated 12 -> 24fps (616 frames, loop-bridged) in 36s
[dive] counter overlay on 616 frames (38 decade pulses)
[dive] primary (zoom-out): /mnt/c/Users/Phil/zoomer/output/coral_synapse/v1/coral_synapse.mp4 (37780 KB, 25.7s)
[dive] alt (dive-in): /mnt/c/Users/Phil/zoomer/output/coral_synapse/v1/coral_synapse_divein.mp4 (38221 KB, 25.7s)
[dive] done in 4808s
=== 12:39:46 coral_synapse: rendered in 4808s
  copied coral_synapse.mp4 -> review/coral_synapse_ds.mp4
  copied coral_synapse_divein.mp4 -> review_divein/coral_synapse_ds_divein.mp4
coral_synapse: queued to REVIEW (ds/divein) from v1
  coral_synapse: 5 caption+title pairs (spot=True); theme='A slow, pulsing synthwave with deep ocea'
    [0] Dive into the endless fractal of life 🌊✨ Can you spot Amos hiding in the glow? 👀 #CoralCosmos #InfiniteDive #BioluminescentFractals #EndlessLoop #powersofzen #oddlysatisfying #zoomer #animation #art #aiart #chillbeats  ||  YT: Dive into the endless fractal of life 🌊✨
    [1] A coral’s heartbeat echoes through the cosmos 🌌💫 Can you spot Amos hiding in the glow? 👀 #CoralCosmos #InfiniteDive #BioluminescentFractals #EndlessLoop #powersofzen #oddlysatisfying #zoomer #animation #art #aiart #chillbeats  ||  YT: A coral’s heartbeat echoes through the cosmos 🌌💫
    [2] Where the ocean meets infinity in a loop of light Can you spot Amos hiding in the glow? 👀 #CoralCosmos #InfiniteDive #BioluminescentFractals #EndlessLoop #powersofzen #oddlysatisfying #zoomer #animation #art #aiart #chillbeats  ||  YT: Where the ocean meets infinity in a loop of light
    [3] Lost in the glowing veins of time and tide 🌙🔮 Can you spot Amos hiding in the glow? 👀 #CoralCosmos #InfiniteDive #BioluminescentFractals #EndlessLoop #powersofzen #oddlysatisfying #zoomer #animation #art #aiart #chillbeats  ||  YT: Lost in the glowing veins of time and tide 🌙🔮
    [4] The universe hums in the cracks between atoms Can you spot Amos hiding in the glow? 👀 #CoralCosmos #InfiniteDive #BioluminescentFractals #EndlessLoop #powersofzen #oddlysatisfying #zoomer #animation #art #aiart #chillbeats  ||  YT: The universe hums in the cracks between atoms
=== 12:41:07 coral_synapse -> REVIEW (captioned)
=== 12:41:07 batch done in 1.4h — 1 to Review
=== 12:41:07 ComfyUI models unloaded — VRAM freed
=== 12:41:07 log: outbox/night_batch_0815_111937.log
