=== 01:30:02 batch start [LLLS] — 4 journeys: coral_synapse lantern_mangrove termite_citadel magnetite_choir
=== 01:30:03 --- coral_synapse ---
[style] liquid_light  ->  bioluminescent glow, wet luminous surfaces, deep saturated color, ultra-detailed, cinematic, dreamlike, glittering specular highlights, iridescent sparkle, vivid complementary colour contrast, jewel-bright accents
[dive] run dir: /mnt/c/Users/Phil/zoomer/output/coral_synapse/v2
[dive] coral_synapse: 308 frames, 576x1024, zoom 1.045/frame, denoise 0.5, MODEL ds (dreamshaperXL.safetensors)
[dive] RESOLVE ON — atom_core(sea)[22..44], spiral_galaxy(sea)[78..100], reef_shelf(surface)[134..156], brain_dome(surface)[162..184], polyp_valley(surface)[190..212], coral_tissue(sea)[218..240], nerve_mesh(sea)[246..268], junction_gap(sea)[274..283]
[dive] TRACKER v3 ON (175 approach frames; detect every 4, Florence-2-large-ft); depth preproc=DepthAnythingV2Preprocessor
[dive] frame-0 establish: a vast wide panoramic view of the aragonite lattice of the coral skeleton, ranked rows of blue-white spheres s
[dive] frame 1/308 (38.2s/frame, ~11716s left) :: moving through the aragonite lattice of the coral skeleton, 
[dive] frame 11/308 (24.4s/frame, ~7236s left) :: moving through the aragonite lattice of the coral skeleton, 
[dive] frame 21/308 (21.2s/frame, ~6073s left) :: diving straight into a glowing atom as it swells to fill the
[dive] frame 31/308 (19.0s/frame, ~5262s left) :: deep inside one atom, a tight droplet of packed white-hot sp
[dive] frame 41/308 (17.4s/frame, ~4647s left) :: deep inside deep inside one atom, a tight droplet of packed 
[dive] frame 51/308 (16.0s/frame, ~4120s left) :: deep inside deep inside one atom, a tight droplet of packed 
[dive] frame 61/308 (15.2s/frame, ~3751s left) :: the whole view transforming, resolving into the cosmic web s
[dive] frame 71/308 (15.7s/frame, ~3718s left) :: moving through the cosmic web strung across black space, lon
[dive] frame 81/308 (16.1s/frame, ~3661s left) :: diving straight into a bright spiral galaxy as it swells to 
[dive] frame 91/308 (16.0s/frame, ~3471s left) :: a spiral galaxy set in black space, two great arms of cold b
[dive] frame 101/308 (15.6s/frame, ~3236s left) :: deep inside a spiral galaxy set in black space, two great ar
[dive] frame 111/308 (15.0s/frame, ~2959s left) :: deep inside a spiral galaxy set in black space, two great ar
[dive] frame 121/308 (15.0s/frame, ~2797s left) :: moving through a black night ocean seen from high and obliqu
[dive] frame 131/308 (15.6s/frame, ~2757s left) :: diving straight into a shallow reef bank as it swells to fil
[dive] frame 141/308 (15.7s/frame, ~2621s left) :: a moonlit coral reef slope seen from a little above the sand
[dive] frame 151/308 (15.5s/frame, ~2438s left) :: moving through a moonlit coral reef slope seen from a little
[dive] frame 161/308 (15.6s/frame, ~2288s left) :: diving straight into a round ridged brain coral as it swells
[dive] frame 171/308 (15.6s/frame, ~2139s left) :: a great brain coral standing clear of the sand, winding ridg
[dive] frame 181/308 (15.4s/frame, ~1960s left) :: moving through a great brain coral standing clear of the san
[dive] frame 191/308 (15.6s/frame, ~1822s left) :: diving straight into a deep shadowed groove as it swells to 
[dive] frame 201/308 (15.5s/frame, ~1659s left) :: the crowded trough between two coral ridges, ranks of round 
[dive] frame 211/308 (15.3s/frame, ~1489s left) :: moving through the crowded trough between two coral ridges, 
[dive] frame 221/308 (15.5s/frame, ~1347s left) :: diving straight into a translucent coral polyp as it swells 
[dive] frame 231/308 (15.5s/frame, ~1190s left) :: living coral tissue in layers, sheets of glassy blue-green c
[dive] frame 241/308 (15.3s/frame, ~1027s left) :: diving straight into a glowing thread as it swells to fill t
[dive] frame 251/308 (15.5s/frame, ~881s left) :: diving straight into a glowing thread as it swells to fill t
[dive] frame 261/308 (15.4s/frame, ~723s left) :: moving through the coral's nerve net, long threads of cold e
[dive] frame 271/308 (15.4s/frame, ~569s left) :: diving straight into a glowing junction bead as it swells to
[dive] frame 281/308 (15.4s/frame, ~416s left) :: the narrow gap inside one nerve junction, round vesicles cro
[dive] frame 291/308 (15.4s/frame, ~262s left) :: moving through the narrow gap inside one nerve junction, rou
[dive] frame 301/308 (15.5s/frame, ~108s left) :: diving straight into ranked rows of blue-white spheres in a 
[dive] frame 308/308 (15.6s/frame, ~0s left) :: diving straight into ranked rows of blue-white spheres in a 
[dive] interpolated 12 -> 24fps (616 frames, loop-bridged) in 62s
[dive] counter overlay on 616 frames (38 decade pulses)
[dive] primary (zoom-out): /mnt/c/Users/Phil/zoomer/output/coral_synapse/v2/coral_synapse.mp4 (38340 KB, 25.7s)
[dive] alt (dive-in): /mnt/c/Users/Phil/zoomer/output/coral_synapse/v2/coral_synapse_divein.mp4 (38687 KB, 25.7s)
[dive] done in 4968s
=== 02:52:51 coral_synapse: rendered in 4969s
  copied coral_synapse.mp4 -> review/coral_synapse_ds.mp4
  copied coral_synapse_divein.mp4 -> review_divein/coral_synapse_ds_divein.mp4
coral_synapse: queued to REVIEW (ds/divein) from v2
  coral_synapse: 5 caption+title pairs (spot=True); theme='A slow, pulsing synth melody that swells'
    [0] Dive into the endless fractal of life 🌊✨ Can you spot Cosmo hiding in the infinite loop? 👀 #cosmiccoral #fractaldiving #bioluminescentdream #endlesszoom #powersofzen #oddlysatisfying #zoomer #animation #art #aiart #chillbeats  ||  YT: Dive into the endless fractal of life 🌊✨
    [1] A coral’s heartbeat echoes through the Cosmos Can you spot Cosmo hiding in the infinite loop? 👀 #cosmiccoral #fractaldiving #bioluminescentdream #endlesszoom #powersofzen #oddlysatisfying #zoomer #animation #art #aiart #chillbeats  ||  YT: A coral’s heartbeat echoes through the Cosmos
    [2] Where the smallest spark becomes a galaxy Can you spot Cosmo hiding in the infinite loop? 👀 #cosmiccoral #fractaldiving #bioluminescentdream #endlesszoom #powersofzen #oddlysatisfying #zoomer #animation #art #aiart #chillbeats  ||  YT: Where the smallest spark becomes a galaxy
    [3] Lost in the luminous depths of infinity Can you spot Cosmo hiding in the infinite loop? 👀 #cosmiccoral #fractaldiving #bioluminescentdream #endlesszoom #powersofzen #oddlysatisfying #zoomer #animation #art #aiart #chillbeats  ||  YT: Lost in the luminous depths of infinity
    [4] The universe hums in every cell Can you spot Cosmo hiding in the infinite loop? 👀 #cosmiccoral #fractaldiving #bioluminescentdream #endlesszoom #powersofzen #oddlysatisfying #zoomer #animation #art #aiart #chillbeats  ||  YT: The universe hums in every cell
=== 02:54:08 coral_synapse -> REVIEW (captioned)
=== 02:54:08 --- lantern_mangrove ---
[style] liquid_light  ->  bioluminescent glow, wet luminous surfaces, deep saturated color, ultra-detailed, cinematic, dreamlike, glittering specular highlights, iridescent sparkle, vivid complementary colour contrast, jewel-bright accents
[dive] run dir: /mnt/c/Users/Phil/zoomer/output/lantern_mangrove/v2
[dive] lantern_mangrove: 280 frames, 576x1024, zoom 1.045/frame, denoise 0.5, MODEL ds (dreamshaperXL.safetensors)
[dive] RESOLVE ON — tidal_coast(surface)[22..44], root_nursery(surface)[50..72], waterline(surface)[78..100], plankton_drift(sea)[106..128], glass_shells(sea)[134..156], cell_interior(sea)[162..184], antenna_array(sea)[190..202], silica_network(lattice)[218..240]
[dive] TRACKER v3 ON (175 approach frames; detect every 4, Florence-2-large-ft); depth preproc=DepthAnythingV2Preprocessor
[dive] frame-0 establish: a vast wide panoramic view of the night side of a dark ocean world seen from low orbit, the curve of the world
[dive] frame 1/280 (21.3s/frame, ~5937s left) :: moving through the night side of a dark ocean world seen fro
[dive] frame 11/280 (21.8s/frame, ~5852s left) :: moving through the night side of a dark ocean world seen fro
[dive] frame 21/280 (21.3s/frame, ~5517s left) :: diving straight into a glowing green coast as it swells to f
[dive] frame 31/280 (20.2s/frame, ~5039s left) :: a mangrove coast seen from low above at night, black tidal c
[dive] frame 41/280 (18.3s/frame, ~4380s left) :: moving through a mangrove coast seen from low above at night
[dive] frame 51/280 (18.3s/frame, ~4186s left) :: diving straight into a black tidal channel as it swells to f
[dive] frame 61/280 (17.6s/frame, ~3847s left) :: a mangrove nursery at night seen at eye level just above the
[dive] frame 71/280 (16.9s/frame, ~3522s left) :: moving through a mangrove nursery at night seen at eye level
[dive] frame 81/280 (17.0s/frame, ~3380s left) :: diving straight into a flat patch of black water as it swell
[dive] frame 91/280 (16.7s/frame, ~3159s left) :: the waterline of the mangrove shallows seen edge-on, the fla
[dive] frame 101/280 (16.3s/frame, ~2916s left) :: diving straight into a cloudy green bloom as it swells to fi
[dive] frame 111/280 (16.6s/frame, ~2798s left) :: diving straight into a cloudy green bloom as it swells to fi
[dive] frame 121/280 (16.3s/frame, ~2597s left) :: moving through inside the green water among a crowd of plank
[dive] frame 131/280 (16.2s/frame, ~2419s left) :: diving straight into a ribbed glass disc as it swells to fil
[dive] frame 141/280 (16.3s/frame, ~2267s left) :: ornate glass shells adrift at every depth, pillbox discs sta
[dive] frame 151/280 (16.1s/frame, ~2079s left) :: moving through ornate glass shells adrift at every depth, pi
[dive] frame 161/280 (16.1s/frame, ~1919s left) :: diving straight into a dark green cell as it swells to fill 
[dive] frame 171/280 (16.1s/frame, ~1756s left) :: inside one diatom, golden-brown chloroplast slabs stacked fl
[dive] frame 181/280 (15.9s/frame, ~1574s left) :: moving through inside one diatom, golden-brown chloroplast s
[dive] frame 191/280 (16.0s/frame, ~1427s left) :: diving straight into a golden-brown chloroplast as it swells
[dive] frame 201/280 (15.9s/frame, ~1258s left) :: row upon row of ring-shaped pigment complexes set into folde
[dive] frame 211/280 (16.1s/frame, ~1111s left) :: moving through row upon row of ring-shaped pigment complexes
[dive] frame 221/280 (16.2s/frame, ~958s left) :: diving straight into a pale glass strand as it swells to fil
[dive] frame 231/280 (16.2s/frame, ~791s left) :: the random network of fused silica, three-armed joins of gla
[dive] frame 241/280 (16.0s/frame, ~624s left) :: deep inside the random network of fused silica, three-armed 
[dive] frame 251/280 (15.7s/frame, ~456s left) :: deep inside the random network of fused silica, three-armed 
[dive] frame 261/280 (15.6s/frame, ~297s left) :: moving through a star-forming nebula, green-black dust colum
[dive] frame 271/280 (15.7s/frame, ~141s left) :: diving straight into a dark ocean world at night seen from l
[dive] frame 280/280 (15.8s/frame, ~0s left) :: diving straight into a dark ocean world at night seen from l
[dive] interpolated 12 -> 24fps (560 frames, loop-bridged) in 56s
[dive] counter overlay on 560 frames (26 decade pulses)
[dive] primary (zoom-out): /mnt/c/Users/Phil/zoomer/output/lantern_mangrove/v2/lantern_mangrove.mp4 (34029 KB, 23.3s)
[dive] alt (dive-in): /mnt/c/Users/Phil/zoomer/output/lantern_mangrove/v2/lantern_mangrove_divein.mp4 (34456 KB, 23.3s)
[dive] done in 4569s
=== 04:10:18 lantern_mangrove: rendered in 4570s
  copied lantern_mangrove.mp4 -> review/lantern_mangrove_ds.mp4
  copied lantern_mangrove_divein.mp4 -> review_divein/lantern_mangrove_ds_divein.mp4
lantern_mangrove: queued to REVIEW (ds/divein) from v2
  lantern_mangrove: 5 caption+title pairs (spot=True); theme='A hypnotic pulse of deep bass and shimme'
    [0] Dive into the glowing heart of a mangrove world 🌿✨ Can you spot Tina the DNA hiding in this endless dive? 👀 #bioluminescentdive #microscopicwonders #cosmicscalejourney #luminousloop #powersofzen #oddlysatisfying #zoomer #animation #art #aiart #chillbeats  ||  YT: Dive into the glowing heart of a mangrove world 🌿✨
    [1] Where water meets wonder in endless depth 💧🔍 Can you spot Tina the DNA hiding in this endless dive? 👀 #bioluminescentdive #microscopicwonders #cosmicscalejourney #luminousloop #powersofzen #oddlysatisfying #zoomer #animation #art #aiart #chillbeats  ||  YT: Where water meets wonder in endless depth 💧🔍
    [2] A journey through jewel-box seas and starlit voids 🌊🌌 Can you spot Tina the DNA hiding in this endless dive? 👀 #bioluminescentdive #microscopicwonders #cosmicscalejourney #luminousloop #powersofzen #oddlysatisfying #zoomer #animation #art #aiart #chillbeats  ||  YT: A journey through jewel-box seas and starlit voids 🌊🌌
    [3] Lost in the luminous labyrinth of life’s smallest scales 🦠🔥 Can you spot Tina the DNA hiding in this endless dive? 👀 #bioluminescentdive #microscopicwonders #cosmicscalejourney #luminousloop #powersofzen #oddlysatisfying #zoomer #animation #art #aiart #chillbeats  ||  YT: Lost in the luminous labyrinth of life’s smallest scales 🦠🔥
    [4] From microcosm to cosmos, a loop of light and shadow 🌀💫 Can you spot Tina the DNA hiding in this endless dive? 👀 #bioluminescentdive #microscopicwonders #cosmicscalejourney #luminousloop #powersofzen #oddlysatisfying #zoomer #animation #art #aiart #chillbeats  ||  YT: From microcosm to cosmos, a loop of light and shadow 🌀💫
=== 04:11:13 lantern_mangrove -> REVIEW (captioned)
=== 04:11:13 --- termite_citadel ---
[dive] tempo: fpb 6 (120bpm) -> transition 5f, seam 10f, anacrusis 2f
[style] enchanted_wild  ->  enchanted golden light, lush saturated color, painterly fantasy illustration, hyperdetailed, cinematic, glittering specular highlights, iridescent sparkle, vivid complementary colour contrast, jewel-bright accents
[dive] run dir: /mnt/c/Users/Phil/zoomer/output/termite_citadel/v2
[dive] termite_citadel: 264 frames, 576x1024, zoom 1.045/frame, denoise 0.5, MODEL ds (dreamshaperXL.safetensors)
[dive] RESOLVE ON — day_night_line(surface)[18..39], mound_savanna(surface)[42..53], mound_citadel(surface)[66..87], fungus_garden(surface)[90..111], hypha_cells(sea)[114..135], motor_bundle(sea)[138..159], chitin_lattice(lattice)[162..183], subnuclear_knot(sea)[186..207], galaxy_knife(sea)[234..242]
[dive] TRACKER v3 ON (168 approach frames; detect every 4, Florence-2-large-ft); depth preproc=DepthAnythingV2Preprocessor
[dive] frame-0 establish: a vast wide panoramic view of a starbirth cloud stacked into towering sienna pillars, their tips eaten thin by
[dive] frame 1/264 (18.8s/frame, ~4956s left) :: moving through a starbirth cloud stacked into towering sienn
[dive] frame 11/264 (21.7s/frame, ~5502s left) :: moving through a starbirth cloud stacked into towering sienn
[dive] frame 21/264 (20.3s/frame, ~4937s left) :: diving straight into a banded planet half in shadow as it sw
[dive] frame 31/264 (18.4s/frame, ~4294s left) :: moving through a planet seen from orbit with the day-night l
[dive] frame 41/264 (17.7s/frame, ~3951s left) :: diving straight into a tawny grassland plain as it swells to
[dive] frame 51/264 (16.8s/frame, ~3585s left) :: a savanna at dusk seen from a low rise, dozens of clay termi
[dive] frame 61/264 (17.8s/frame, ~3609s left) :: moving through a savanna at dusk seen from a low rise, dozen
[dive] frame 71/264 (17.8s/frame, ~3428s left) :: diving straight into a tall clay spire as it swells to fill 
[dive] frame 81/264 (17.2s/frame, ~3139s left) :: moving through a termite mound opened in cutaway, tier upon 
[dive] frame 91/264 (17.3s/frame, ~3000s left) :: diving straight into a ridged fungus comb as it swells to fi
[dive] frame 101/264 (16.9s/frame, ~2748s left) :: the inside of a fungus garden vault, a spongework comb of ch
[dive] frame 111/264 (16.5s/frame, ~2520s left) :: diving straight into an ivory fungal thread as it swells to 
[dive] frame 121/264 (16.5s/frame, ~2360s left) :: the inside of a fungal thread, one tube partitioned into cel
[dive] frame 131/264 (16.2s/frame, ~2154s left) :: moving through the inside of a fungal thread, one tube parti
[dive] frame 141/264 (16.3s/frame, ~2000s left) :: diving straight into a taut rose-gold cable as it swells to 
[dive] frame 151/264 (16.1s/frame, ~1816s left) :: moving through a bundle of hollow protein tubes built from p
[dive] frame 161/264 (16.0s/frame, ~1644s left) :: diving straight into a stiff ivory ribbon as it swells to fi
[dive] frame 171/264 (15.9s/frame, ~1477s left) :: the crystal grid inside a chitin fibril, flat six-sided ring
[dive] frame 181/264 (15.7s/frame, ~1302s left) :: moving through the crystal grid inside a chitin fibril, flat
[dive] frame 191/264 (15.7s/frame, ~1143s left) :: diving straight into a glowing amber core as it swells to fi
[dive] frame 201/264 (15.6s/frame, ~981s left) :: deep inside a knotted droplet of packed glowing gold spheres
[dive] frame 211/264 (15.4s/frame, ~815s left) :: deep inside a knotted droplet of packed glowing gold spheres
[dive] frame 221/264 (15.1s/frame, ~648s left) :: the whole view transforming, resolving into the scaffolding 
[dive] frame 231/264 (15.5s/frame, ~511s left) :: diving straight into a glowing galaxy disk as it swells to f
[dive] frame 241/264 (15.4s/frame, ~355s left) :: a galaxy turned exactly on its side, its disk drawn out as a
[dive] frame 251/264 (15.4s/frame, ~200s left) :: moving through a galaxy turned exactly on its side, its disk
[dive] frame 261/264 (15.5s/frame, ~47s left) :: diving straight into towering sienna pillars of starbirth cl
[dive] frame 264/264 (15.6s/frame, ~0s left) :: diving straight into towering sienna pillars of starbirth cl
[dive] interpolated 12 -> 24fps (528 frames, loop-bridged) in 53s
[dive] counter overlay on 528 frames (38 decade pulses)
[dive] primary (zoom-out): /mnt/c/Users/Phil/zoomer/output/termite_citadel/v2/termite_citadel.mp4 (34631 KB, 22.0s)
[dive] alt (dive-in): /mnt/c/Users/Phil/zoomer/output/termite_citadel/v2/termite_citadel_divein.mp4 (35302 KB, 22.0s)
[dive] done in 4263s
=== 05:22:16 termite_citadel: rendered in 4263s
  copied termite_citadel.mp4 -> review/termite_citadel_ds.mp4
  copied termite_citadel_divein.mp4 -> review_divein/termite_citadel_ds_divein.mp4
termite_citadel: queued to REVIEW (ds/divein) from v2
  termite_citadel: 5 caption+title pairs (spot=True); theme='A celestial lullaby woven with deep spac'
    [0] A cosmic dance of violet voids and rose-gold threads 🌌 Can you spot Lorraine the Terrane hiding in this endless dive? 👀 #CosmicDustLanes #TermiteSpireWorlds #FungalHiveMinds #VioletVoidVoyage #powersofzen #oddlysatisfying #zoomer #animation #art #aiart #chillbeats  ||  YT: A cosmic dance of violet voids and rose-gold threads 🌌
    [1] Where galaxies burn like blades in the endless night ✨ Can you spot Lorraine the Terrane hiding in this endless dive? 👀 #CosmicDustLanes #TermiteSpireWorlds #FungalHiveMinds #VioletVoidVoyage #powersofzen #oddlysatisfying #zoomer #animation #art #aiart #chillbeats  ||  YT: Where galaxies burn like blades in the endless night ✨
    [2] Dusk on a world woven with termite spires and amber storms 🏞️ Can you spot Lorraine the Terrane hiding in this endless dive? 👀 #CosmicDustLanes #TermiteSpireWorlds #FungalHiveMinds #VioletVoidVoyage #powersofzen #oddlysatisfying #zoomer #animation #art #aiart #chillbeats  ||  YT: Dusk on a world woven with termite spires and amber storms 🏞️
    [3] Fungal gardens humming in the heart of the hive 🍄 Can you spot Lorraine the Terrane hiding in this endless dive? 👀 #CosmicDustLanes #TermiteSpireWorlds #FungalHiveMinds #VioletVoidVoyage #powersofzen #oddlysatisfying #zoomer #animation #art #aiart #chillbeats  ||  YT: Fungal gardens humming in the heart of the hive 🍄
    [4] The universe unfolds, one golden thread at a time 🌀 Can you spot Lorraine the Terrane hiding in this endless dive? 👀 #CosmicDustLanes #TermiteSpireWorlds #FungalHiveMinds #VioletVoidVoyage #powersofzen #oddlysatisfying #zoomer #animation #art #aiart #chillbeats  ||  YT: The universe unfolds, one golden thread at a time 🌀
=== 05:23:35 termite_citadel -> REVIEW (captioned)
=== 05:23:35 --- magnetite_choir ---
[dive] tempo: fpb 8 (90bpm) -> transition 7f, seam 14f, anacrusis 2f
[style] ultraviolet  ->  ultraviolet blacklight glow, electric violet and acid green, fluorescent wash on deep black, ultra-detailed, cinematic, glittering specular highlights, iridescent sparkle, vivid complementary colour contrast, jewel-bright accents
[dive] run dir: /mnt/c/Users/Phil/zoomer/output/magnetite_choir/v2
[dive] magnetite_choir: 160 frames, 576x1024, zoom 1.045/frame, denoise 0.5, MODEL ds (dreamshaperXL.safetensors)
[dive] RESOLVE ON — magnetite_lattice(lattice)[26..39], lattice_flaw(lattice)[58..81], lodestone_face(surface)[122..132]
[dive] TRACKER v3 ON (80 approach frames; detect every 4, Florence-2-large-ft); depth preproc=DepthAnythingV2Preprocessor
[dive] frame-0 establish: a vast wide panoramic view of ragged patches of aligned iron packed edge to edge in every direction inside the
[dive] frame 1/160 (17.4s/frame, ~2765s left) :: moving through ragged patches of aligned iron packed edge to
[dive] frame 11/160 (21.7s/frame, ~3231s left) :: moving through ragged patches of aligned iron packed edge to
[dive] frame 21/160 (21.9s/frame, ~3042s left) :: diving straight into a bright green patch as it swells to fi
[dive] frame 31/160 (21.1s/frame, ~2724s left) :: diving straight into a bright green patch as it swells to fi
[dive] frame 41/160 (19.6s/frame, ~2328s left) :: moving through the iron-oxide lattice standing open in the b
[dive] frame 51/160 (19.9s/frame, ~2173s left) :: moving through the iron-oxide lattice standing open in the b
[dive] frame 61/160 (20.1s/frame, ~1986s left) :: diving straight into a glowing white sphere as it swells to 
[dive] frame 71/160 (19.1s/frame, ~1697s left) :: ranks of octahedra broken open around a core of white-green 
[dive] frame 81/160 (18.3s/frame, ~1442s left) :: deep inside ranks of octahedra broken open around a core of 
[dive] frame 91/160 (17.4s/frame, ~1202s left) :: deep inside ranks of octahedra broken open around a core of 
[dive] frame 101/160 (16.6s/frame, ~979s left) :: the whole view transforming, resolving into a plain of lodes
[dive] frame 111/160 (16.7s/frame, ~819s left) :: moving through a plain of lodestone boulders strewn over fro
[dive] frame 121/160 (17.0s/frame, ~665s left) :: diving straight into a squat lodestone boulder as it swells 
[dive] frame 131/160 (16.7s/frame, ~485s left) :: an iron-black lodestone rock, its stepped and pitted face ru
[dive] frame 141/160 (16.6s/frame, ~315s left) :: moving through an iron-black lodestone rock, its stepped and
[dive] frame 151/160 (16.7s/frame, ~150s left) :: diving straight into ragged green-lit patches of iron packed
[dive] frame 160/160 (16.8s/frame, ~0s left) :: diving straight into ragged green-lit patches of iron packed
[dive] interpolated 12 -> 24fps (320 frames, loop-bridged) in 32s
[dive] counter overlay on 320 frames (15 decade pulses)
[dive] primary (zoom-out): /mnt/c/Users/Phil/zoomer/output/magnetite_choir/v2/magnetite_choir.mp4 (20654 KB, 13.3s)
[dive] alt (dive-in): /mnt/c/Users/Phil/zoomer/output/magnetite_choir/v2/magnetite_choir_divein.mp4 (20921 KB, 13.3s)
[dive] done in 2785s
=== 06:10:00 magnetite_choir: rendered in 2785s
  copied magnetite_choir.mp4 -> review/magnetite_choir_ds.mp4
  copied magnetite_choir_divein.mp4 -> review_divein/magnetite_choir_ds_divein.mp4
magnetite_choir: queued to REVIEW (ds/divein) from v2
  magnetite_choir: 5 caption+title pairs (spot=True); theme='A slow, pulsing drone of deep bass and s'
    [0] A universe of iron, glowing in the dark 🌌 Can you spot Adam the Atom hiding in the glow? 👀 #lodestonecosmos #atomicaurora #ironvoid #octahedradream #powersofzen #oddlysatisfying #zoomer #animation #art #aiart #chillbeats  ||  YT: A universe of iron, glowing in the dark 🌌
    [1] Dive into the heart of a lodestone’s secret light Can you spot Adam the Atom hiding in the glow? 👀 #lodestonecosmos #atomicaurora #ironvoid #octahedradream #powersofzen #oddlysatisfying #zoomer #animation #art #aiart #chillbeats  ||  YT: Dive into the heart of a lodestone’s secret light
    [2] Where atoms bend and the void hums with green fire ⚛️ Can you spot Adam the Atom hiding in the glow? 👀 #lodestonecosmos #atomicaurora #ironvoid #octahedradream #powersofzen #oddlysatisfying #zoomer #animation #art #aiart #chillbeats  ||  YT: Where atoms bend and the void hums with green fire ⚛️
    [3] Lost in the lattice, where octahedra dance in amber Can you spot Adam the Atom hiding in the glow? 👀 #lodestonecosmos #atomicaurora #ironvoid #octahedradream #powersofzen #oddlysatisfying #zoomer #animation #art #aiart #chillbeats  ||  YT: Lost in the lattice, where octahedra dance in amber
    [4] A fractured crystal sings under auroras Can you spot Adam the Atom hiding in the glow? 👀 #lodestonecosmos #atomicaurora #ironvoid #octahedradream #powersofzen #oddlysatisfying #zoomer #animation #art #aiart #chillbeats  ||  YT: A fractured crystal sings under auroras
=== 06:10:48 magnetite_choir -> REVIEW (captioned)
=== 06:10:48 music pregen: coral_synapse
coral_synapse (divein): bar 2.333s -> 103 bpm, key B minor; lane deep_archive; generating 8, keeping 5
♪ generating 29.0s | 103bpm B minor | seed 26494 steps 8
  tags: all percussion is a single deep 808 kick landing exactly on the downbeat, long empty space...
  done in 28s -> coral_synapse_00012_.flac (1.4 MB)
  saved /mnt/c/Users/Phil/zoomer/output/music/coral_synapse_deep_archive.flac
  aligned -> /mnt/c/Users/Phil/zoomer/review/music/candidates/coral_synapse/deep_archive.mp4
    bar 2.333s | music bar 2.283s (conf 0.77) -> stretch 0.9783 | phase 1.050s | lock 10.58x | kick 0.43 | seamless loop @ 25.67s (music tiled x2, xf 0.50s)
  [deep_archive] lock 10.58x conf 0.77 kick 0.43 score 9.16 -> review/music/candidates/coral_synapse/deep_archive.mp4
♪ generating 29.0s | 103bpm B minor | seed 26531 steps 8
  tags: all percussion is a single deep 808 kick landing exactly on the downbeat, long empty space...
  done in 19s -> coral_synapse_00013_.flac (1.6 MB)
  saved /mnt/c/Users/Phil/zoomer/output/music/coral_synapse_deep_archive-b.flac
  aligned -> /mnt/c/Users/Phil/zoomer/review/music/candidates/coral_synapse/deep_archive-b.mp4
    bar 2.333s | music bar 2.336s (conf 0.74) -> stretch 1.0011 | phase 1.850s | lock 15.30x | kick 0.61 | seamless loop @ 25.67s (music tiled x2, xf 0.50s)
  [deep_archive-b] lock 15.30x conf 0.74 kick 0.61 score 16.28 -> review/music/candidates/coral_synapse/deep_archive-b.mp4
♪ generating 29.0s | 103bpm B minor | seed 26568 steps 8
  tags: all percussion is a deep sub-bass heartbeat, two soft low beats then space, the first land...
  done in 16s -> coral_synapse_00014_.flac (1.2 MB)
  saved /mnt/c/Users/Phil/zoomer/output/music/coral_synapse_deep_archive-heartbeat.flac
  aligned -> /mnt/c/Users/Phil/zoomer/review/music/candidates/coral_synapse/deep_archive-heartbeat.mp4
    bar 2.333s | music bar 2.283s (conf 0.73) -> stretch 0.9783 | phase 1.810s | lock 12.09x | kick 0.70 | seamless loop @ 25.67s (music tiled x2, xf 0.50s)
  [deep_archive-heartbeat] lock 12.09x conf 0.73 kick 0.70 score 14.14 -> review/music/candidates/coral_synapse/deep_archive-heartbeat.mp4
♪ generating 29.0s | 103bpm B minor | seed 26605 steps 8
  tags: all percussion is a deep sub-bass heartbeat, two soft low beats then space, the first land...
  done in 14s -> coral_synapse_00015_.flac (1.2 MB)
  saved /mnt/c/Users/Phil/zoomer/output/music/coral_synapse_choir_of_dust-wild.flac
  aligned -> /mnt/c/Users/Phil/zoomer/review/music/candidates/coral_synapse/choir_of_dust-wild.mp4
    bar 2.333s | music bar 2.315s (conf 0.05) -> stretch 1.0000 | phase 2.270s | lock 2.18x | kick 0.04 | seamless loop @ 25.67s (music tiled x2, xf 0.50s)
  [choir_of_dust-wild] lock 2.18x conf 0.05 kick 0.04 score 0.35 -> review/music/candidates/coral_synapse/choir_of_dust-wild.mp4
♪ generating 29.0s | 103bpm B minor | seed 26642 steps 8
  tags: all percussion is a single deep soft kick drum landing exactly on the downbeat of every ba...
  done in 16s -> coral_synapse_00016_.flac (1.0 MB)
  saved /mnt/c/Users/Phil/zoomer/output/music/coral_synapse_music_box-wild.flac
  aligned -> /mnt/c/Users/Phil/zoomer/review/music/candidates/coral_synapse/music_box-wild.mp4
    bar 2.333s | music bar 2.293s (conf 0.19) -> stretch 0.9829 | phase 1.810s | lock 14.18x | kick 0.03 | seamless loop @ 25.67s (music tiled x2, xf 0.50s)
  [music_box-wild] lock 14.18x conf 0.19 kick 0.03 score 2.78 -> review/music/candidates/coral_synapse/music_box-wild.mp4
♪ generating 29.0s | 103bpm B minor | seed 26679 steps 8
  tags: all percussion is a single deep 808 kick landing exactly on the downbeat, long empty space...
  done in 14s -> coral_synapse_00017_.flac (1.2 MB)
  saved /mnt/c/Users/Phil/zoomer/output/music/coral_synapse_deep_archive-halftime.flac
  aligned -> /mnt/c/Users/Phil/zoomer/review/music/candidates/coral_synapse/deep_archive-halftime.mp4
    bar 2.333s | music bar 2.283s (conf 0.54) -> stretch 0.9783 | phase 0.060s | lock 13.77x | kick -0.03 | seamless loop @ 25.67s (music tiled x2, xf 0.50s)
  [deep_archive-halftime] lock 13.77x conf 0.54 kick -0.03 score 3.57 -> review/music/candidates/coral_synapse/deep_archive-halftime.mp4
♪ generating 29.0s | 103bpm B minor | seed 26716 steps 8
  tags: all percussion is a deep soft kick on the downbeat of every bar and a quieter deep thump a...
  done in 16s -> coral_synapse_00018_.flac (1.1 MB)
  saved /mnt/c/Users/Phil/zoomer/output/music/coral_synapse_wooden_orbit-wild.flac
  aligned -> /mnt/c/Users/Phil/zoomer/review/music/candidates/coral_synapse/wooden_orbit-wild.mp4
    bar 2.333s | music bar 2.315s (conf 0.12) -> stretch 0.9920 | phase 1.250s | lock 13.51x | kick 0.10 | seamless loop @ 25.67s (music tiled x2, xf 0.50s)
  [wooden_orbit-wild] lock 13.51x conf 0.12 kick 0.10 score 2.95 -> review/music/candidates/coral_synapse/wooden_orbit-wild.mp4
♪ generating 29.0s | 103bpm B minor | seed 26753 steps 8
  tags: all percussion is a deep soft kick on the downbeat of every bar and a quieter deep thump a...
  done in 16s -> coral_synapse_00019_.flac (1.2 MB)
  saved /mnt/c/Users/Phil/zoomer/output/music/coral_synapse_deep_archive-third_answer.flac
  aligned -> /mnt/c/Users/Phil/zoomer/review/music/candidates/coral_synapse/deep_archive-third_answer.mp4
    bar 2.333s | music bar 2.336s (conf -0.01) -> stretch 1.0000 | phase 0.630s | lock 6.59x | kick -0.02 | seamless loop @ 25.67s (music tiled x2, xf 0.50s)
  [deep_archive-third_answer] lock 6.59x conf -0.01 kick -0.02 score 0.82 -> review/music/candidates/coral_synapse/deep_archive-third_answer.mp4
♪ generating 29.0s | 103bpm B minor | seed 26854 steps 8
  tags: all percussion is a single deep soft kick drum landing exactly on the downbeat of every ba...
  done in 14s -> coral_synapse_00020_.flac (1.5 MB)
  saved /mnt/c/Users/Phil/zoomer/output/music/coral_synapse_pulse1-deep_archive.flac
  aligned -> /mnt/c/Users/Phil/zoomer/review/music/candidates/coral_synapse/pulse1-deep_archive.mp4
    bar 2.333s | music bar 2.283s (conf 0.05) -> stretch 1.0000 | phase 2.300s | lock 3.22x | kick -0.04 | seamless loop @ 25.67s (music tiled x2, xf 0.50s)
  [pulse1-deep_archive] kick -0.04 (top-up 1)
♪ generating 29.0s | 103bpm B minor | seed 26955 steps 8
  tags: all percussion is a single deep soft kick drum landing exactly on the downbeat of every ba...
  done in 16s -> coral_synapse_00021_.flac (1.5 MB)
  saved /mnt/c/Users/Phil/zoomer/output/music/coral_synapse_pulse2-deep_archive.flac
  aligned -> /mnt/c/Users/Phil/zoomer/review/music/candidates/coral_synapse/pulse2-deep_archive.mp4
    bar 2.333s | music bar 2.304s (conf 0.74) -> stretch 0.9874 | phase 2.330s | lock 8.59x | kick 0.36 | seamless loop @ 25.67s (music tiled x2, xf 0.50s)
  [pulse2-deep_archive] kick 0.36 (top-up 2)
♪ generating 29.0s | 103bpm B minor | seed 27056 steps 8
  tags: all percussion is a single deep soft kick drum landing exactly on the downbeat of every ba...
  done in 15s -> coral_synapse_00022_.flac (1.6 MB)
  saved /mnt/c/Users/Phil/zoomer/output/music/coral_synapse_pulse3-deep_archive.flac
  aligned -> /mnt/c/Users/Phil/zoomer/review/music/candidates/coral_synapse/pulse3-deep_archive.mp4
    bar 2.333s | music bar 2.283s (conf 0.73) -> stretch 0.9783 | phase 0.800s | lock 10.18x | kick 0.50 | seamless loop @ 25.67s (music tiled x2, xf 0.50s)
  [pulse3-deep_archive] kick 0.50 (top-up 3)
kept: deep_archive-b, deep_archive-heartbeat, wooden_orbit-wild, music_box-wild, choir_of_dust-wild
  (ComfyUI models unloaded — VRAM freed)
recorded 5 candidates; audition in the dashboard Music panel
=== 06:14:08 music pregen: lantern_mangrove
lantern_mangrove (divein): bar 2.333s -> 103 bpm, key E minor; lane tide_organ; generating 8, keeping 5
♪ generating 27.0s | 103bpm E minor | seed 30585 steps 8
  tags: all percussion is a deep sub-bass heartbeat, two soft low beats then space, the first land...
  done in 22s -> lantern_mangrove_00010_.flac (1.1 MB)
  saved /mnt/c/Users/Phil/zoomer/output/music/lantern_mangrove_tide_organ.flac
  aligned -> /mnt/c/Users/Phil/zoomer/review/music/candidates/lantern_mangrove/tide_organ.mp4
    bar 2.333s | music bar 2.197s (conf 0.14) -> stretch 0.9700 | phase 1.620s | lock 2.56x | kick 0.12 | seamless loop @ 23.33s (music tiled x2, xf 0.50s)
  [tide_organ] lock 2.56x conf 0.14 kick 0.12 score 0.60 -> review/music/candidates/lantern_mangrove/tide_organ.mp4
♪ generating 27.0s | 103bpm E minor | seed 30622 steps 8
  tags: all percussion is a deep sub-bass heartbeat, two soft low beats then space, the first land...
  done in 13s -> lantern_mangrove_00011_.flac (1.2 MB)
  saved /mnt/c/Users/Phil/zoomer/output/music/lantern_mangrove_tide_organ-b.flac
  aligned -> /mnt/c/Users/Phil/zoomer/review/music/candidates/lantern_mangrove/tide_organ-b.mp4
    bar 2.333s | music bar 2.304s (conf 0.58) -> stretch 0.9874 | phase 0.060s | lock 11.08x | kick 0.52 | seamless loop @ 23.33s (music tiled x2, xf 0.50s)
  [tide_organ-b] lock 11.08x conf 0.58 kick 0.52 score 9.16 -> review/music/candidates/lantern_mangrove/tide_organ-b.mp4
♪ generating 27.0s | 103bpm E minor | seed 30659 steps 8
  tags: all percussion is a single deep 808 kick landing exactly on the downbeat, long empty space...
  done in 15s -> lantern_mangrove_00012_.flac (1.3 MB)
  saved /mnt/c/Users/Phil/zoomer/output/music/lantern_mangrove_tide_organ-halftime.flac
  aligned -> /mnt/c/Users/Phil/zoomer/review/music/candidates/lantern_mangrove/tide_organ-halftime.mp4
    bar 2.333s | music bar 2.293s (conf 0.20) -> stretch 0.9829 | phase 0.040s | lock 6.55x | kick 0.06 | seamless loop @ 23.33s (music tiled x2, xf 0.50s)
  [tide_organ-halftime] lock 6.55x conf 0.20 kick 0.06 score 1.40 -> review/music/candidates/lantern_mangrove/tide_organ-halftime.mp4
♪ generating 27.0s | 103bpm E minor | seed 30696 steps 8
  tags: all percussion is a deep soft kick on the downbeat of every bar and a quieter deep thump a...
  done in 13s -> lantern_mangrove_00013_.flac (1.1 MB)
  saved /mnt/c/Users/Phil/zoomer/output/music/lantern_mangrove_wooden_orbit-wild.flac
  aligned -> /mnt/c/Users/Phil/zoomer/review/music/candidates/lantern_mangrove/wooden_orbit-wild.mp4
    bar 2.333s | music bar 2.293s (conf 0.47) -> stretch 0.9829 | phase 0.050s | lock 25.18x | kick 0.42 | seamless loop @ 23.33s (music tiled x2, xf 0.50s)
  [wooden_orbit-wild] lock 25.18x conf 0.47 kick 0.42 score 16.30 -> review/music/candidates/lantern_mangrove/wooden_orbit-wild.mp4
♪ generating 27.0s | 103bpm E minor | seed 30733 steps 8
  tags: all percussion is a deep sub-bass heartbeat, two soft low beats then space, the first land...
  done in 15s -> lantern_mangrove_00014_.flac (1.2 MB)
  saved /mnt/c/Users/Phil/zoomer/output/music/lantern_mangrove_choir_of_dust-wild.flac
  aligned -> /mnt/c/Users/Phil/zoomer/review/music/candidates/lantern_mangrove/choir_of_dust-wild.mp4
    bar 2.333s | music bar 2.133s (conf -0.03) -> stretch 1.0000 | phase 0.930s | lock 3.60x | kick -0.06 | seamless loop @ 23.33s (music tiled x2, xf 0.50s)
  [choir_of_dust-wild] lock 3.60x conf -0.03 kick -0.06 score 0.45 -> review/music/candidates/lantern_mangrove/choir_of_dust-wild.mp4
♪ generating 27.0s | 103bpm E minor | seed 30770 steps 8
  tags: all percussion is a deep soft kick on the downbeat of every bar and a quieter deep thump a...
  done in 15s -> lantern_mangrove_00015_.flac (1.3 MB)
  saved /mnt/c/Users/Phil/zoomer/output/music/lantern_mangrove_tide_organ-third_answer.flac
  aligned -> /mnt/c/Users/Phil/zoomer/review/music/candidates/lantern_mangrove/tide_organ-third_answer.mp4
    bar 2.333s | music bar 2.261s (conf 0.13) -> stretch 0.9700 | phase 0.840s | lock 7.49x | kick 0.08 | seamless loop @ 23.33s (music tiled x1, xf 0.50s)
  [tide_organ-third_answer] lock 7.49x conf 0.13 kick 0.08 score 1.53 -> review/music/candidates/lantern_mangrove/tide_organ-third_answer.mp4
♪ generating 27.0s | 103bpm E minor | seed 30807 steps 8
  tags: all percussion is a single deep soft kick drum landing exactly on the downbeat of every ba...
  done in 15s -> lantern_mangrove_00016_.flac (1.1 MB)
  saved /mnt/c/Users/Phil/zoomer/output/music/lantern_mangrove_glass_chapel-wild.flac
  aligned -> /mnt/c/Users/Phil/zoomer/review/music/candidates/lantern_mangrove/glass_chapel-wild.mp4
    bar 2.333s | music bar 2.325s (conf 0.51) -> stretch 0.9966 | phase 0.070s | lock 8.96x | kick 0.50 | seamless loop @ 23.33s (music tiled x2, xf 0.50s)
  [glass_chapel-wild] lock 8.96x conf 0.51 kick 0.51 score 6.80 -> review/music/candidates/lantern_mangrove/glass_chapel-wild.mp4
♪ generating 27.0s | 103bpm E minor | seed 30844 steps 8
  tags: all percussion is a deep soft kick on the downbeat of every bar and a quieter deep thump a...
  done in 15s -> lantern_mangrove_00017_.flac (1.0 MB)
  saved /mnt/c/Users/Phil/zoomer/output/music/lantern_mangrove_tide_organ-third_answer2.flac
  aligned -> /mnt/c/Users/Phil/zoomer/review/music/candidates/lantern_mangrove/tide_organ-third_answer2.mp4
    bar 2.333s | music bar 2.315s (conf 0.24) -> stretch 0.9920 | phase 0.020s | lock 4.36x | kick 0.00 | seamless loop @ 23.33s (music tiled x2, xf 0.50s)
  [tide_organ-third_answer2] lock 4.36x conf 0.24 kick 0.00 score 0.82 -> review/music/candidates/lantern_mangrove/tide_organ-third_answer2.mp4
♪ generating 27.0s | 103bpm E minor | seed 30945 steps 8
  tags: all percussion is a single deep soft kick drum landing exactly on the downbeat of every ba...
  done in 13s -> lantern_mangrove_00018_.flac (1.1 MB)
  saved /mnt/c/Users/Phil/zoomer/output/music/lantern_mangrove_pulse1-tide_organ.flac
  aligned -> /mnt/c/Users/Phil/zoomer/review/music/candidates/lantern_mangrove/pulse1-tide_organ.mp4
    bar 2.333s | music bar 2.283s (conf 0.57) -> stretch 0.9783 | phase 0.080s | lock 13.89x | kick 0.46 | seamless loop @ 23.33s (music tiled x2, xf 0.50s)
  [pulse1-tide_organ] kick 0.46 (top-up 1)
♪ generating 27.0s | 103bpm E minor | seed 31046 steps 8
  tags: all percussion is a single deep soft kick drum landing exactly on the downbeat of every ba...
  done in 15s -> lantern_mangrove_00019_.flac (1.1 MB)
  saved /mnt/c/Users/Phil/zoomer/output/music/lantern_mangrove_pulse2-tide_organ.flac
  aligned -> /mnt/c/Users/Phil/zoomer/review/music/candidates/lantern_mangrove/pulse2-tide_organ.mp4
    bar 2.333s | music bar 2.315s (conf 0.56) -> stretch 0.9920 | phase 2.330s | lock 18.19x | kick 0.47 | seamless loop @ 23.33s (music tiled x2, xf 0.50s)
  [pulse2-tide_organ] kick 0.47 (top-up 2)
kept: wooden_orbit-wild, pulse2-tide_organ, pulse1-tide_organ, glass_chapel-wild, choir_of_dust-wild
  (ComfyUI models unloaded — VRAM freed)
recorded 5 candidates; audition in the dashboard Music panel
=== 06:16:54 music pregen: termite_citadel
termite_citadel (divein): bar 2.000s -> 120 bpm, key G minor; lane choir_of_dust; generating 8, keeping 5
♪ generating 25.0s | 120bpm G minor | seed 14185 steps 8
  tags: all percussion is a deep sub-bass heartbeat, two soft low beats then space, the first land...
  done in 19s -> termite_citadel_00009_.flac (1.4 MB)
  saved /mnt/c/Users/Phil/zoomer/output/music/termite_citadel_choir_of_dust.flac
  aligned -> /mnt/c/Users/Phil/zoomer/review/music/candidates/termite_citadel/choir_of_dust.mp4
    bar 2.000s | music bar 1.995s (conf 0.46) -> stretch 0.9973 | phase 1.980s | lock 7.81x | kick 0.33 | seamless loop @ 22.00s (music tiled x2, xf 0.50s)
  [choir_of_dust] lock 7.81x conf 0.46 kick 0.33 score 4.33 -> review/music/candidates/termite_citadel/choir_of_dust.mp4
♪ generating 25.0s | 120bpm G minor | seed 14222 steps 8
  tags: all percussion is a deep sub-bass heartbeat, two soft low beats then space, the first land...
  done in 15s -> termite_citadel_00010_.flac (0.9 MB)
  saved /mnt/c/Users/Phil/zoomer/output/music/termite_citadel_choir_of_dust-b.flac
  aligned -> /mnt/c/Users/Phil/zoomer/review/music/candidates/termite_citadel/choir_of_dust-b.mp4
    bar 2.000s | music bar 1.792s (conf 0.25) -> stretch 0.9700 | phase 0.360s | lock 2.40x | kick 0.23 | seamless loop @ 22.00s (music tiled x2, xf 0.50s)
  [choir_of_dust-b] lock 2.40x conf 0.25 kick 0.23 score 0.86 -> review/music/candidates/termite_citadel/choir_of_dust-b.mp4
♪ generating 25.0s | 120bpm G minor | seed 14259 steps 8
  tags: all percussion is a single deep 808 kick landing exactly on the downbeat, long empty space...
  done in 13s -> termite_citadel_00011_.flac (0.9 MB)
  saved /mnt/c/Users/Phil/zoomer/output/music/termite_citadel_choir_of_dust-halftime.flac
  aligned -> /mnt/c/Users/Phil/zoomer/review/music/candidates/termite_citadel/choir_of_dust-halftime.mp4
    bar 2.000s | music bar 1.995s (conf 0.64) -> stretch 0.9973 | phase 1.110s | lock 12.33x | kick 0.64 | seamless loop @ 22.00s (music tiled x2, xf 0.50s)
  [choir_of_dust-halftime] lock 12.33x conf 0.64 kick 0.65 score 12.55 -> review/music/candidates/termite_citadel/choir_of_dust-halftime.mp4
♪ generating 25.0s | 120bpm G minor | seed 14296 steps 8
  tags: all percussion is a deep soft kick on the downbeat of every bar and a quieter deep thump a...
  done in 15s -> termite_citadel_00012_.flac (1.3 MB)
  saved /mnt/c/Users/Phil/zoomer/output/music/termite_citadel_wooden_orbit-wild.flac
  aligned -> /mnt/c/Users/Phil/zoomer/review/music/candidates/termite_citadel/wooden_orbit-wild.mp4
    bar 2.000s | music bar 2.005s (conf 0.59) -> stretch 1.0027 | phase 0.730s | lock 9.44x | kick 0.50 | seamless loop @ 22.00s (music tiled x2, xf 0.50s)
  [wooden_orbit-wild] lock 9.44x conf 0.59 kick 0.50 score 7.67 -> review/music/candidates/termite_citadel/wooden_orbit-wild.mp4
♪ generating 25.0s | 120bpm G minor | seed 14333 steps 8
  tags: all percussion is a single deep 808 kick landing exactly on the downbeat, long empty space...
  done in 13s -> termite_citadel_00013_.flac (1.1 MB)
  saved /mnt/c/Users/Phil/zoomer/output/music/termite_citadel_deep_archive-wild.flac
  aligned -> /mnt/c/Users/Phil/zoomer/review/music/candidates/termite_citadel/deep_archive-wild.mp4
    bar 2.000s | music bar 2.005s (conf 0.27) -> stretch 1.0027 | phase 0.530s | lock 6.02x | kick 0.05 | seamless loop @ 22.00s (music tiled x2, xf 0.50s)
  [deep_archive-wild] lock 6.02x conf 0.27 kick 0.05 score 1.39 -> review/music/candidates/termite_citadel/deep_archive-wild.mp4
♪ generating 25.0s | 120bpm G minor | seed 14370 steps 8
  tags: all percussion is a deep soft kick on the downbeat of every bar and a quieter deep thump a...
  done in 15s -> termite_citadel_00014_.flac (0.9 MB)
  saved /mnt/c/Users/Phil/zoomer/output/music/termite_citadel_choir_of_dust-third_answer.flac
  aligned -> /mnt/c/Users/Phil/zoomer/review/music/candidates/termite_citadel/choir_of_dust-third_answer.mp4
    bar 2.000s | music bar 2.005s (conf 0.59) -> stretch 1.0027 | phase 0.130s | lock 21.39x | kick 0.32 | seamless loop @ 22.00s (music tiled x2, xf 0.50s)
  [choir_of_dust-third_answer] lock 21.39x conf 0.59 kick 0.32 score 13.34 -> review/music/candidates/termite_citadel/choir_of_dust-third_answer.mp4
♪ generating 25.0s | 120bpm G minor | seed 14407 steps 8
  tags: all percussion is a single deep soft kick drum landing exactly on the downbeat of every ba...
  done in 13s -> termite_citadel_00015_.flac (0.9 MB)
  saved /mnt/c/Users/Phil/zoomer/output/music/termite_citadel_music_box-wild.flac
  aligned -> /mnt/c/Users/Phil/zoomer/review/music/candidates/termite_citadel/music_box-wild.mp4
    bar 2.000s | music bar 2.005s (conf 0.73) -> stretch 1.0027 | phase 1.330s | lock 17.84x | kick 0.72 | seamless loop @ 22.00s (music tiled x2, xf 0.50s)
  [music_box-wild] lock 17.84x conf 0.73 kick 0.72 score 21.25 -> review/music/candidates/termite_citadel/music_box-wild.mp4
♪ generating 25.0s | 120bpm G minor | seed 14444 steps 8
  tags: all percussion is a deep soft kick on the downbeat of every bar and a quieter deep thump a...
  done in 14s -> termite_citadel_00016_.flac (1.5 MB)
  saved /mnt/c/Users/Phil/zoomer/output/music/termite_citadel_choir_of_dust-third_answer2.flac
  aligned -> /mnt/c/Users/Phil/zoomer/review/music/candidates/termite_citadel/choir_of_dust-third_answer2.mp4
    bar 2.000s | music bar 1.995s (conf 0.62) -> stretch 0.9973 | phase 1.280s | lock 8.46x | kick 0.55 | seamless loop @ 22.00s (music tiled x2, xf 0.50s)
  [choir_of_dust-third_answer2] lock 8.46x conf 0.62 kick 0.55 score 7.60 -> review/music/candidates/termite_citadel/choir_of_dust-third_answer2.mp4
kept: music_box-wild, choir_of_dust-third_answer, choir_of_dust-halftime, wooden_orbit-wild, deep_archive-wild
  (ComfyUI models unloaded — VRAM freed)
recorded 5 candidates; audition in the dashboard Music panel
=== 06:19:02 music pregen: magnetite_choir
magnetite_choir (divein): bar 2.667s -> 90 bpm, key C# minor; lane aurora_strings; generating 8, keeping 5
♪ generating 17.0s | 90bpm C# minor | seed 15916 steps 8
  tags: all percussion is a single deep soft kick drum landing exactly on the downbeat of every ba...
  done in 17s -> magnetite_choir_00012_.flac (0.6 MB)
  saved /mnt/c/Users/Phil/zoomer/output/music/magnetite_choir_aurora_strings.flac
  aligned -> /mnt/c/Users/Phil/zoomer/review/music/candidates/magnetite_choir/aurora_strings.mp4
    bar 2.667s | music bar 2.859s (conf 0.04) -> stretch 1.0000 | phase 0.240s | lock 4.23x | kick 0.08 | seamless loop @ 13.33s (music tiled x2, xf 0.50s)
  [aurora_strings] lock 4.23x conf 0.04 kick 0.08 score 0.74 -> review/music/candidates/magnetite_choir/aurora_strings.mp4
♪ generating 17.0s | 90bpm C# minor | seed 15953 steps 8
  tags: all percussion is a single deep soft kick drum landing exactly on the downbeat of every ba...
  done in 11s -> magnetite_choir_00013_.flac (0.7 MB)
  saved /mnt/c/Users/Phil/zoomer/output/music/magnetite_choir_aurora_strings-b.flac
  aligned -> /mnt/c/Users/Phil/zoomer/review/music/candidates/magnetite_choir/aurora_strings-b.mp4
    bar 2.667s | music bar 2.656s (conf 0.04) -> stretch 1.0000 | phase 0.030s | lock 25.11x | kick 0.19 | seamless loop @ 13.33s (music tiled x2, xf 0.50s)
  [aurora_strings-b] lock 25.11x conf 0.04 kick 0.19 score 5.96 -> review/music/candidates/magnetite_choir/aurora_strings-b.mp4
♪ generating 17.0s | 90bpm C# minor | seed 15990 steps 8
  tags: all percussion is a deep soft kick on the downbeat of every bar and a quieter deep thump a...
  done in 10s -> magnetite_choir_00014_.flac (0.6 MB)
  saved /mnt/c/Users/Phil/zoomer/output/music/magnetite_choir_aurora_strings-third_answer.flac
  aligned -> /mnt/c/Users/Phil/zoomer/review/music/candidates/magnetite_choir/aurora_strings-third_answer.mp4
    bar 2.667s | music bar 2.453s (conf -0.03) -> stretch 1.0000 | phase 0.040s | lock 8.70x | kick -0.07 | seamless loop @ 13.33s (music tiled x2, xf 0.50s)
  [aurora_strings-third_answer] lock 8.70x conf -0.03 kick -0.07 score 1.09 -> review/music/candidates/magnetite_choir/aurora_strings-third_answer.mp4
♪ generating 17.0s | 90bpm C# minor | seed 16027 steps 8
  tags: all percussion is a single deep soft kick drum landing exactly on the downbeat of every ba...
  done in 12s -> magnetite_choir_00015_.flac (0.7 MB)
  saved /mnt/c/Users/Phil/zoomer/output/music/magnetite_choir_glass_chapel-wild.flac
  aligned -> /mnt/c/Users/Phil/zoomer/review/music/candidates/magnetite_choir/glass_chapel-wild.mp4
    bar 2.667s | music bar 2.656s (conf 0.10) -> stretch 1.0000 | phase 0.020s | lock 31.69x | kick 0.20 | seamless loop @ 13.33s (music tiled x2, xf 0.50s)
  [glass_chapel-wild] lock 31.69x conf 0.10 kick 0.20 score 8.42 -> review/music/candidates/magnetite_choir/glass_chapel-wild.mp4
♪ generating 17.0s | 90bpm C# minor | seed 16064 steps 8
  tags: all percussion is a deep sub-bass heartbeat, two soft low beats then space, the first land...
  done in 12s -> magnetite_choir_00016_.flac (0.6 MB)
  saved /mnt/c/Users/Phil/zoomer/output/music/magnetite_choir_tide_organ-wild.flac
  aligned -> /mnt/c/Users/Phil/zoomer/review/music/candidates/magnetite_choir/tide_organ-wild.mp4
    bar 2.667s | music bar 2.656s (conf 0.23) -> stretch 0.9960 | phase 1.340s | lock 19.52x | kick 0.10 | seamless loop @ 13.33s (music tiled x2, xf 0.50s)
  [tide_organ-wild] lock 19.52x conf 0.23 kick 0.10 score 4.89 -> review/music/candidates/magnetite_choir/tide_organ-wild.mp4
♪ generating 17.0s | 90bpm C# minor | seed 16101 steps 8
  tags: all percussion is a single deep 808 kick landing exactly on the downbeat, long empty space...
  done in 10s -> magnetite_choir_00017_.flac (0.6 MB)
  saved /mnt/c/Users/Phil/zoomer/output/music/magnetite_choir_aurora_strings-halftime.flac
  aligned -> /mnt/c/Users/Phil/zoomer/review/music/candidates/magnetite_choir/aurora_strings-halftime.mp4
    bar 2.667s | music bar 2.592s (conf 0.03) -> stretch 1.0000 | phase 1.970s | lock 3.89x | kick 0.08 | seamless loop @ 13.33s (music tiled x1, xf 0.50s)
  [aurora_strings-halftime] lock 3.89x conf 0.03 kick 0.07 score 0.67 -> review/music/candidates/magnetite_choir/aurora_strings-halftime.mp4
♪ generating 17.0s | 90bpm C# minor | seed 16138 steps 8
  tags: all percussion is a deep sub-bass heartbeat, two soft low beats then space, the first land...
  done in 12s -> magnetite_choir_00018_.flac (0.6 MB)
  saved /mnt/c/Users/Phil/zoomer/output/music/magnetite_choir_choir_of_dust-wild.flac
  aligned -> /mnt/c/Users/Phil/zoomer/review/music/candidates/magnetite_choir/choir_of_dust-wild.mp4
    bar 2.667s | music bar 2.656s (conf 0.20) -> stretch 0.9960 | phase 0.040s | lock 24.45x | kick 0.02 | seamless loop @ 13.33s (music tiled x2, xf 0.50s)
  [choir_of_dust-wild] lock 24.45x conf 0.20 kick 0.02 score 4.59 -> review/music/candidates/magnetite_choir/choir_of_dust-wild.mp4
♪ generating 17.0s | 68bpm C# minor | seed 16175 steps 8
  tags: a gently lilting waltz in 3/4 time, all percussion is a single deep soft kick drum landing...
  done in 9s -> magnetite_choir_00019_.flac (0.8 MB)
  saved /mnt/c/Users/Phil/zoomer/output/music/magnetite_choir_waltz-aurora_strings.flac
  aligned -> /mnt/c/Users/Phil/zoomer/review/music/candidates/magnetite_choir/waltz-aurora_strings.mp4
    bar 2.667s | music bar 2.496s (conf -0.03) -> stretch 1.0000 | phase 0.040s | lock 13.73x | kick -0.01 | seamless loop @ 13.33s (music tiled x2, xf 0.50s)
  [waltz-aurora_strings] lock 13.73x conf -0.03 kick -0.01 score 1.72 -> review/music/candidates/magnetite_choir/waltz-aurora_strings.mp4
♪ generating 17.0s | 90bpm C# minor | seed 16276 steps 8
  tags: all percussion is a single deep soft kick drum landing exactly on the downbeat of every ba...
  done in 11s -> magnetite_choir_00020_.flac (0.7 MB)
  saved /mnt/c/Users/Phil/zoomer/output/music/magnetite_choir_pulse1-aurora_strings.flac
  aligned -> /mnt/c/Users/Phil/zoomer/review/music/candidates/magnetite_choir/pulse1-aurora_strings.mp4
    bar 2.667s | music bar 2.453s (conf 0.05) -> stretch 1.0000 | phase 0.690s | lock 3.66x | kick 0.12 | seamless loop @ 13.33s (music tiled x2, xf 0.50s)
  [pulse1-aurora_strings] kick 0.12 (top-up 1)
♪ generating 17.0s | 90bpm C# minor | seed 16377 steps 8
  tags: all percussion is a single deep soft kick drum landing exactly on the downbeat of every ba...
  done in 12s -> magnetite_choir_00021_.flac (0.6 MB)
  saved /mnt/c/Users/Phil/zoomer/output/music/magnetite_choir_pulse2-aurora_strings.flac
  aligned -> /mnt/c/Users/Phil/zoomer/review/music/candidates/magnetite_choir/pulse2-aurora_strings.mp4
    bar 2.667s | music bar 2.667s (conf 0.64) -> stretch 1.0000 | phase 1.000s | lock 18.53x | kick 0.51 | seamless loop @ 13.33s (music tiled x2, xf 0.50s)
  [pulse2-aurora_strings] kick 0.51 (top-up 2)
♪ generating 17.0s | 90bpm C# minor | seed 16478 steps 8
  tags: all percussion is a single deep soft kick drum landing exactly on the downbeat of every ba...
  done in 11s -> magnetite_choir_00022_.flac (0.7 MB)
  saved /mnt/c/Users/Phil/zoomer/output/music/magnetite_choir_pulse3-aurora_strings.flac
  aligned -> /mnt/c/Users/Phil/zoomer/review/music/candidates/magnetite_choir/pulse3-aurora_strings.mp4
    bar 2.667s | music bar 2.677s (conf 0.31) -> stretch 1.0040 | phase 0.500s | lock 12.59x | kick 0.34 | seamless loop @ 13.33s (music tiled x2, xf 0.50s)
  [pulse3-aurora_strings] kick 0.34 (top-up 3)
kept: pulse2-aurora_strings, glass_chapel-wild, pulse3-aurora_strings, tide_organ-wild, choir_of_dust-wild
  (ComfyUI models unloaded — VRAM freed)
recorded 5 candidates; audition in the dashboard Music panel
=== 06:21:21 batch done in 4.9h — 4 to Review
=== 06:21:21 ComfyUI models unloaded — VRAM freed
=== 06:21:21 log: outbox/night_batch_0820_013002.log
