  abyssal_chandelier: pruned 1.17G
  alexandria: pruned 0.35G
  alexandria_ds: pruned 0.49G
  ammonite_spiral: pruned 0.42G
  anemone_arsenal: pruned 1.80G
  antenna_ball: pruned 0.57G
  antenna_ball_ds: pruned 0.84G
  antenna_ball_turbo: pruned 0.20G
  attic_drift: pruned 0.24G
  bamboo_sea: pruned 0.39G
  bee_cathedral: pruned 0.46G
  black_hole: pruned 1.28G
  black_hole_ds: pruned 0.58G
  bourdon_foundry: pruned 1.00G
  brinicle_grove: pruned 0.35G
  butterfly_meridian: pruned 0.54G
  caddis_masonry: pruned 1.82G
  cartographer: pruned 2.11G
  cartographer_ds: pruned 2.43G
  cave_of_numbers: pruned 0.05G
  chalkboard_infinities: pruned 0.35G
  chameleon_prism: pruned 0.67G
  cherenkov_cistern: pruned 1.33G
  chess_empires: pruned 0.52G
  cinder_veil: pruned 0.55G
  circuit_city_ds: pruned 0.54G
  circuit_city_turbo: pruned 1.48G
  cobalt_rookery: pruned 4.20G
  copper_rain: pruned 0.75G
  coral_synapse: pruned 3.04G
  cosmic_scales_remix_ds: pruned 0.71G
  cosmic_scales_remix_turbo: pruned 5.41G
  desert_rosette: pruned 0.67G
  dollhouse: pruned 0.43G
  dollhouse_ds: pruned 0.79G
  droplet_zoo: pruned 0.24G
  eclipse_waterhole: pruned 0.71G
  ember_meadow: pruned 0.26G
  fiddler_commons: pruned 0.32G
  food_chain: pruned 0.66G
  food_chain_ds: pruned 1.19G
  frost_window: pruned 0.53G
  frost_window_cn0: pruned 0.27G
  full_ladder: pruned 2.36G
  full_ladder_ds: pruned 1.43G
  geode_cosmos: pruned 0.69G
  glass_apiary: pruned 1.47G
  gossamer_dawn: pruned 0.24G
  heron_delta: pruned 0.25G
  ink_dynasty: pruned 0.48G
  iris_observatory: pruned 1.10G
  iris_observatory_ds: pruned 0.70G
  ivory_gambit: pruned 1.31G
  jade_automata: pruned 0.51G
  jewel_oculus: pruned 0.55G
  kelp_dynamo: pruned 0.58G
  lab_4reg: pruned 0.24G
  lab_4reg_in: pruned 0.18G
  lantern_mangrove: pruned 3.71G
  lather_atlas: pruned 0.24G
  lichen_moor: pruned 0.39G
  lissajous_stage: pruned 0.22G
  loom_of_nights: pruned 1.15G
  magellanic_mob: pruned 0.68G
  magnetite_choir: pruned 2.23G
  mantis_drumline: pruned 0.37G
  meteorite_cradle: pruned 2.12G
  midnight_kitchen: pruned 0.26G
  midnight_kitchen_ds: pruned 0.27G
  mineral_heart: pruned 2.46G
  mineral_heart_ds: pruned 3.20G
  mineral_heart_turbo: pruned 0.64G
  moth_orchard_night: pruned 0.88G
  motmot_cenote: pruned 0.62G
  night_bloom: pruned 2.55G
  night_bloom_ds: pruned 1.18G
  night_lido: pruned 0.26G
  observatory_dusk: pruned 0.48G
  peony_shell: pruned 0.92G
  physarum_maze: pruned 0.50G
  pollen_court: pruned 0.82G
  pomegranate_vault: pruned 0.63G
  quantum_orrery: pruned 1.37G
  resonance_hall: pruned 0.51G
  ruby_furnace: pruned 2.84G
  salt_mirror: pruned 0.36G
  skyfog: pruned 0.46G
  skyfog_ds: pruned 1.72G
  skyfog_turbo: pruned 0.22G
  snowfall: pruned 0.38G
  snowfall_ds: pruned 0.39G
  snowfall_turbo: pruned 0.19G
  squid_lantern: pruned 0.65G
  stormglass_ds: pruned 0.48G
  stormglass_turbo: pruned 0.39G
  sugar_nebula: pruned 0.80G
  sundew_snare: pruned 0.71G
  sunspot_archipelago: pruned 0.55G
  termite_citadel: pruned 2.56G
  tesla_garden: pruned 0.39G
  tide_glass: pruned 0.37G
  tide_of_life: pruned 1.17G
  tide_of_life_ds: pruned 0.65G
  turing_springs: pruned 0.36G
  velvet_atlas: pruned 0.78G
  vesper_flight: pruned 1.74G
  whale_fall_republic: pruned 2.65G
  wild_yeast: pruned 1.84G

pruned 106.06G of regenerable across 108 trees on E:
