[1] cellular/mesophyll s0 ok
[2] cellular/mesophyll s1 ok
[3] cellular/mesophyll s2 ok
[4] cellular/cristae s0 ok
[5] cellular/cristae s1 ok
[6] cellular/cristae s2 ok
[7] cellular/diatom_plaza s0 ok
[8] cellular/diatom_plaza s1 ok
[9] cellular/diatom_plaza s2 ok
[10] cellular/neuron_forest s0 ok
[11] cellular/neuron_forest s1 ok
[12] cellular/neuron_forest s2 ok
[13] cellular/cell_division s0 ok
[14] cellular/cell_division s1 ok
[15] cellular/cell_division s2 ok
[16] cellular/capillary_river s0 ok
[17] cellular/capillary_river s1 ok
[18] cellular/capillary_river s2 ok
[19] cellular/cilia_field s0 ok
[20] cellular/cilia_field s1 ok
[21] cellular/cilia_field s2 ok
[22] molecular/ribbon_canyon s0 ok
[23] molecular/ribbon_canyon s1 ok
[24] molecular/ribbon_canyon s2 ok
[25] molecular/dna_gorge s0 ok
[26] molecular/dna_gorge s1 ok
[27] molecular/dna_gorge s2 ok
[28] molecular/membrane_sea s0 ok
[29] molecular/membrane_sea s1 ok
[30] molecular/membrane_sea s2 ok
[31] molecular/microtubule_hall s0 ok
[32] molecular/microtubule_hall s1 ok
[33] molecular/microtubule_hall s2 ok
[34] molecular/obj_ribosome s0 ok
[35] molecular/obj_ribosome s1 ok
[36] molecular/obj_ribosome s2 ok
[37] atomic/lattice_gallery s0 ok
[38] atomic/lattice_gallery s1 ok
[39] atomic/lattice_gallery s2 ok
[40] atomic/grain_boundary s0 ok
[41] atomic/grain_boundary s1 ok
[42] atomic/grain_boundary s2 ok
[43] mm/moss_jungle s0 ok
[44] mm/moss_jungle s1 ok
[45] mm/moss_jungle s2 ok
[46] mm/snow_growth s0 ok
[47] mm/snow_growth s1 ok
[48] mm/snow_growth s2 ok
[49] human_eco/tidepool_city s0 ok
[50] human_eco/tidepool_city s1 ok
[51] human_eco/tidepool_city s2 ok
[52] human_eco/kelp_traffic s0 ok
[53] human_eco/kelp_traffic s1 ok
[54] human_eco/kelp_traffic s2 ok
[55] human_eco/deadwood_city s0 ok
[56] human_eco/deadwood_city s1 ok
[57] human_eco/deadwood_city s2 ok
[58] human_eco/vent_colony s0 ok
[59] human_eco/vent_colony s1 ok
[60] human_eco/vent_colony s2 ok
[61] mineral/bismuth_terraces s0 ok
[62] mineral/bismuth_terraces s1 ok
[63] mineral/bismuth_terraces s2 ok
[64] mineral/opal_field s0 ok
[65] mineral/opal_field s1 ok
[66] mineral/opal_field s2 ok
[67] mineral/selenite_forest s0 ok
[68] mineral/selenite_forest s1 ok
[69] mineral/selenite_forest s2 ok
[70] galactic/lensing_arcs s0 ok
[71] galactic/lensing_arcs s1 ok
[72] galactic/lensing_arcs s2 ok
72 candidates in 11.8 min -> /mnt/c/Users/Phil/zoomer/output/realm_refs/candidates
