=== 00:05:19 batch start — 4 journeys: quantum_orrery loom_of_nights jade_automata pollen_court ===
=== 00:05:19 ComfyUI ready ===
=== 00:05:19 GPU busy (game or another render?) — waiting for it to free up ===
=== 00:05:46 GPU free — rendering ===
=== 00:05:46 --- quantum_orrery --- ===
=== 00:05:46 python3 engine/dive.py journeys/quantum_orrery.json ===
[style] cosmic_gloss  ->  luminous volumetric light, glossy hyperreal render, deep-space glow, ultra-detailed, cinematic, epic scale, glittering specular highlights, iridescent sparkle, vivid complementary colour contrast, jewel-bright accents
[dive] run dir: /mnt/c/Users/Phil/zoomer/output/quantum_orrery/v1
[dive] quantum_orrery: 196 frames, 576x1024, zoom 1.045/frame, denoise 0.5, MODEL ds (dreamshaperXL.safetensors)
[dive] TRACKER v3 ON (91 approach frames; detect every 4, Florence-2-large-ft); depth preproc=DepthAnythingV2Preprocessor
[dive] frame 1/196 (30.4s/frame, ~5928s left) :: moving through three small white-hot points set in a taut tr
[dive] frame 11/196 (23.6s/frame, ~4374s left) :: moving through three small white-hot points set in a taut tr
[dive] frame 21/196 (22.0s/frame, ~3855s left) :: diving straight into a polished brass hub, three curved arms
[dive] frame 31/196 (20.9s/frame, ~3452s left) :: a polished brass hub at the centre of the orrery, three curv
[dive] frame 41/196 (17.7s/frame, ~2750s left) :: moving through a polished brass hub at the centre of the orr
[dive] frame 51/196 (15.9s/frame, ~2302s left) :: diving straight into  as it swells to fill the entire view, 
[dive] frame 61/196 (14.8s/frame, ~1991s left) :: a cluttered astronomer's study at night seen from across the
[dive] frame 71/196 (15.2s/frame, ~1896s left) :: moving through a cluttered astronomer's study at night seen 
[dive] frame 81/196 (15.8s/frame, ~1820s left) :: diving straight into a gleaming brass orrery, curved armatur
[dive] frame 91/196 (15.5s/frame, ~1626s left) :: a brass orrery standing on a cluttered desk, slender curved 
[dive] frame 101/196 (16.0s/frame, ~1516s left) :: diving straight into a small deep-blue planet bead, a smooth
[dive] frame 111/196 (16.2s/frame, ~1381s left) :: diving straight into a small deep-blue planet bead, a smooth
[dive] frame 121/196 (16.1s/frame, ~1205s left) :: moving through a deep-blue stone bead set on a slender brass
[dive] frame 131/196 (16.3s/frame, ~1059s left) :: diving straight into a bright pale fleck of metal, a small a
[dive] frame 141/196 (16.5s/frame, ~910s left) :: a mosaic of faceted crystal domains in polished metal, flat 
[dive] frame 151/196 (16.0s/frame, ~721s left) :: deep inside a mosaic of faceted crystal domains in polished 
[dive] frame 161/196 (15.5s/frame, ~543s left) :: deep inside a mosaic of faceted crystal domains in polished 
[dive] frame 171/196 (15.2s/frame, ~380s left) :: the whole view transforming, resolving into a vast bubble-ch
[dive] frame 181/196 (14.8s/frame, ~222s left) :: moving through a vast bubble-chamber realm of deep indigo fo
[dive] frame 191/196 (14.4s/frame, ~72s left) :: diving straight into three small white-hot points set in a t
[dive] frame 196/196 (14.3s/frame, ~0s left) :: diving straight into three small white-hot points set in a t
[dive] interpolated 12 -> 24fps in 35s
[dive] counter overlay on 389 frames (19 decade pulses)
[dive] primary (zoom-out): /mnt/c/Users/Phil/zoomer/output/quantum_orrery/v1/quantum_orrery.mp4 (21420 KB, 16.3s)
[dive] alt (dive-in): /mnt/c/Users/Phil/zoomer/output/quantum_orrery/v1/quantum_orrery_divein.mp4 (21884 KB, 16.3s)
[dive] done in 2903s
=== 00:54:10 python3 scripts/queue_review.py quantum_orrery ds ===
  copied quantum_orrery.mp4 -> review/quantum_orrery_ds.mp4
  copied quantum_orrery_divein.mp4 -> review_divein/quantum_orrery_ds_divein.mp4
quantum_orrery: queued to REVIEW (ds/divein) from v1
=== 00:54:10 python3 scripts/caption.py quantum_orrery ===
  quantum_orrery: 5 caption+title pairs (spot=True); theme='A slow, swelling ambient drone with dist'
    [0] A brass orrery hums with cosmic whispers 🌌 Can you spot Lee hiding in the infinite? 👀 #cosmicjourney #infinitezoom #brassuniverse #hiddenrealms #powersofzen #oddlysatisfying #zoomer #animation #art #aiart #chillbeats  ||  YT: A brass orrery hums with cosmic whispers 🌌
    [1] Deep in the metal, galaxies unfold... Can you spot Lee hiding in the infinite? 👀 #cosmicjourney #infinitezoom #brassuniverse #hiddenrealms #powersofzen #oddlysatisfying #zoomer #animation #art #aiart #chillbeats  ||  YT: Deep in the metal, galaxies unfold...
    [2] Where crystal seams split the endless dark ⚡ Can you spot Lee hiding in the infinite? 👀 #cosmicjourney #infinitezoom #brassuniverse #hiddenrealms #powersofzen #oddlysatisfying #zoomer #animation #art #aiart #chillbeats  ||  YT: Where crystal seams split the endless dark ⚡
    [3] Three stars weave a thread through void and light Can you spot Lee hiding in the infinite? 👀 #cosmicjourney #infinitezoom #brassuniverse #hiddenrealms #powersofzen #oddlysatisfying #zoomer #animation #art #aiart #chillbeats  ||  YT: Three stars weave a thread through void and light
    [4] The universe spins on a desk at night Can you spot Lee hiding in the infinite? 👀 #cosmicjourney #infinitezoom #brassuniverse #hiddenrealms #powersofzen #oddlysatisfying #zoomer #animation #art #aiart #chillbeats  ||  YT: The universe spins on a desk at night
=== 00:54:50 quantum_orrery done -> REVIEW ===
=== 00:54:50 --- loom_of_nights --- ===
=== 00:54:50 python3 engine/dive.py journeys/loom_of_nights.json ===
[style] aurora_silk  ->  aurora ribbons of green and violet light, silken flowing light, soft luminous gradients, ultra-detailed, dreamlike, glittering specular highlights, iridescent sparkle, vivid complementary colour contrast, jewel-bright accents
[dive] run dir: /mnt/c/Users/Phil/zoomer/output/loom_of_nights/v1
[dive] loom_of_nights: 308 frames, 576x1024, zoom 1.045/frame, denoise 0.5, MODEL ds (dreamshaperXL.safetensors)
[dive] TRACKER v3 ON (175 approach frames; detect every 4, Florence-2-large-ft); depth preproc=DepthAnythingV2Preprocessor
[dive] frame 1/308 (14.3s/frame, ~4386s left) :: moving through a strict over-under grid of woven threads run
[dive] frame 11/308 (19.9s/frame, ~5897s left) :: moving through a strict over-under grid of woven threads run
[dive] frame 21/308 (19.5s/frame, ~5590s left) :: diving straight into an indigo-dyed fiber, a dark twisted st
[dive] frame 31/308 (18.9s/frame, ~5243s left) :: a single indigo-dyed fiber crossing a field of packed strand
[dive] frame 41/308 (18.1s/frame, ~4839s left) :: moving through a single indigo-dyed fiber crossing a field o
[dive] frame 51/308 (18.2s/frame, ~4687s left) :: diving straight into braided pale gold fibrils, twisted toge
[dive] frame 61/308 (17.9s/frame, ~4418s left) :: braided filament strands strung through a dark realm, pale g
[dive] frame 71/308 (16.5s/frame, ~3908s left) :: deep inside braided filament strands strung through a dark r
[dive] frame 81/308 (15.4s/frame, ~3500s left) :: deep inside braided filament strands strung through a dark r
[dive] frame 91/308 (14.9s/frame, ~3224s left) :: the whole view transforming, resolving into the dark-matter 
[dive] frame 101/308 (15.4s/frame, ~3182s left) :: diving straight into a bright spiral galaxy, arms wound tigh
[dive] frame 111/308 (15.7s/frame, ~3090s left) :: diving straight into a bright spiral galaxy, arms wound tigh
[dive] frame 121/308 (15.6s/frame, ~2909s left) :: moving through a tilted spiral galaxy set against the black,
[dive] frame 131/308 (15.8s/frame, ~2796s left) :: diving straight into a bright golden star, ringed by sharp b
[dive] frame 141/308 (16.2s/frame, ~2699s left) :: a white star inside a spun disk of dust, sharp concentric si
[dive] frame 151/308 (16.0s/frame, ~2507s left) :: moving through a white star inside a spun disk of dust, shar
[dive] frame 161/308 (16.2s/frame, ~2389s left) :: diving straight into a deep indigo planet, thin gold lines t
[dive] frame 171/308 (16.4s/frame, ~2243s left) :: a huge indigo planet hanging in the dark, its night side tur
[dive] frame 181/308 (16.4s/frame, ~2082s left) :: moving through a huge indigo planet hanging in the dark, its
[dive] frame 191/308 (16.6s/frame, ~1942s left) :: diving straight into a wide branching river of gold light as
[dive] frame 201/308 (16.7s/frame, ~1789s left) :: dark mountain country at night seen from high above, a gold 
[dive] frame 211/308 (16.8s/frame, ~1631s left) :: moving through dark mountain country at night seen from high
[dive] frame 221/308 (17.0s/frame, ~1481s left) :: diving straight into a small stone village of lamplit window
[dive] frame 231/308 (16.9s/frame, ~1299s left) :: a lamplit weaving hamlet on the valley floor, stone cottages
[dive] frame 241/308 (16.5s/frame, ~1107s left) :: diving straight into  as it swells to fill the entire view, 
[dive] frame 251/308 (16.2s/frame, ~924s left) :: diving straight into  as it swells to fill the entire view, 
[dive] frame 261/308 (16.1s/frame, ~756s left) :: moving through a moonlit weaving workshop seen wide from the
[dive] frame 271/308 (16.2s/frame, ~601s left) :: diving straight into a half-woven tapestry, a night landscap
[dive] frame 281/308 (16.4s/frame, ~443s left) :: the face of a half-woven tapestry stretched on the loom, a n
[dive] frame 291/308 (16.2s/frame, ~275s left) :: moving through the face of a half-woven tapestry stretched o
[dive] frame 301/308 (15.9s/frame, ~111s left) :: diving straight into a strict over-under grid of woven threa
[dive] frame 308/308 (15.7s/frame, ~0s left) :: diving straight into a strict over-under grid of woven threa
[dive] interpolated 12 -> 24fps in 34s
[dive] counter overlay on 613 frames (38 decade pulses)
[dive] primary (zoom-out): /mnt/c/Users/Phil/zoomer/output/loom_of_nights/v1/loom_of_nights.mp4 (34157 KB, 25.7s)
[dive] alt (dive-in): /mnt/c/Users/Phil/zoomer/output/loom_of_nights/v1/loom_of_nights_divein.mp4 (34846 KB, 25.7s)
[dive] done in 4999s
=== 02:18:09 python3 scripts/queue_review.py loom_of_nights ds ===
  copied loom_of_nights.mp4 -> review/loom_of_nights_ds.mp4
  copied loom_of_nights_divein.mp4 -> review_divein/loom_of_nights_ds_divein.mp4
loom_of_nights: queued to REVIEW (ds/divein) from v1
=== 02:18:10 python3 scripts/caption.py loom_of_nights ===
  loom_of_nights: 5 caption+title pairs (spot=True); theme='A slow, hypnotic pulse of celestial chim'
    [0] A loom’s quiet hum echoes through the cosmos 🌌 Can you spot Newman hiding in the stars? 👀 #cosmicweaving #infinitefabric #dreamingthevoid #loomoftheuniverse #powersofzen #oddlysatisfying #zoomer #animation #art #aiart #chillbeats  ||  YT: A loom’s quiet hum echoes through the cosmos 🌌
    [1] Threads of time weave the universe itself ✨ Can you spot Newman hiding in the stars? 👀 #cosmicweaving #infinitefabric #dreamingthevoid #loomoftheuniverse #powersofzen #oddlysatisfying #zoomer #animation #art #aiart #chillbeats  ||  YT: Threads of time weave the universe itself ✨
    [2] From warp to wonder, the fabric unfolds 🪐 Can you spot Newman hiding in the stars? 👀 #cosmicweaving #infinitefabric #dreamingthevoid #loomoftheuniverse #powersofzen #oddlysatisfying #zoomer #animation #art #aiart #chillbeats  ||  YT: From warp to wonder, the fabric unfolds 🪐
    [3] Golden rivers flow where galaxies bend 🌀 Can you spot Newman hiding in the stars? 👀 #cosmicweaving #infinitefabric #dreamingthevoid #loomoftheuniverse #powersofzen #oddlysatisfying #zoomer #animation #art #aiart #chillbeats  ||  YT: Golden rivers flow where galaxies bend 🌀
    [4] The night sky is a half-finished tapestry 🎨 Can you spot Newman hiding in the stars? 👀 #cosmicweaving #infinitefabric #dreamingthevoid #loomoftheuniverse #powersofzen #oddlysatisfying #zoomer #animation #art #aiart #chillbeats  ||  YT: The night sky is a half-finished tapestry 🎨
=== 02:18:52 loom_of_nights done -> REVIEW ===
=== 02:18:52 --- jade_automata --- ===
=== 02:18:52 python3 engine/dive.py journeys/jade_automata.json ===
[style] lacquer_pop  ->  deep lacquer enamel sheen, vermilion red and deep green, bold flat colour blocking, lustrous graphic poster look, ultra-detailed, glittering specular highlights, iridescent sparkle, vivid complementary colour contrast, jewel-bright accents
[dive] run dir: /mnt/c/Users/Phil/zoomer/output/jade_automata/v1
[dive] jade_automata: 280 frames, 576x1024, zoom 1.045/frame, denoise 0.5, MODEL ds (dreamshaperXL.safetensors)
[dive] TRACKER v3 ON (154 approach frames; detect every 4, Florence-2-large-ft); depth preproc=DepthAnythingV2Preprocessor
[dive] frame 1/280 (26.0s/frame, ~7243s left) :: moving through a branching web of galaxy filaments across th
[dive] frame 11/280 (21.4s/frame, ~5745s left) :: moving through a branching web of galaxy filaments across th
[dive] frame 21/280 (20.9s/frame, ~5409s left) :: diving straight into a glowing star cluster, a packed ball o
[dive] frame 31/280 (20.3s/frame, ~5045s left) :: a globular swarm of pale green stars packed dense toward a b
[dive] frame 41/280 (19.2s/frame, ~4599s left) :: moving through a globular swarm of pale green stars packed d
[dive] frame 51/280 (19.4s/frame, ~4437s left) :: diving straight into a red-orange star, a hot vermilion poin
[dive] frame 61/280 (19.0s/frame, ~4160s left) :: a red-orange star set against the black, a shell of fire wit
[dive] frame 71/280 (18.9s/frame, ~3940s left) :: moving through a red-orange star set against the black, a sh
[dive] frame 81/280 (18.6s/frame, ~3694s left) :: diving straight into a small celadon-green planet, a pale gr
[dive] frame 91/280 (17.8s/frame, ~3368s left) :: a celadon-green planet hanging in the black, its curved limb
[dive] frame 101/280 (18.2s/frame, ~3254s left) :: diving straight into a range of green mountains, ridge after
[dive] frame 111/280 (18.4s/frame, ~3105s left) :: diving straight into a range of green mountains, ridge after
[dive] frame 121/280 (17.9s/frame, ~2842s left) :: moving through green mountain ridges seen from high above, t
[dive] frame 131/280 (17.1s/frame, ~2553s left) :: diving straight into  as it swells to fill the entire view, 
[dive] frame 141/280 (16.5s/frame, ~2298s left) :: a wide jade temple terrace on a misty mountainside seen from
[dive] frame 151/280 (16.4s/frame, ~2114s left) :: moving through a wide jade temple terrace on a misty mountai
[dive] frame 161/280 (16.7s/frame, ~1992s left) :: diving straight into a tall carved jade wall panel, deep cel
[dive] frame 171/280 (16.8s/frame, ~1831s left) :: a carved jade wall panel standing on the temple terrace, dee
[dive] frame 181/280 (16.7s/frame, ~1657s left) :: moving through a carved jade wall panel standing on the temp
[dive] frame 191/280 (16.7s/frame, ~1489s left) :: diving straight into a small etched square, five gold cells 
[dive] frame 201/280 (16.6s/frame, ~1313s left) :: a grid of etched glyph squares ruled across a celadon stone 
[dive] frame 211/280 (16.7s/frame, ~1150s left) :: moving through a grid of etched glyph squares ruled across a
[dive] frame 221/280 (16.9s/frame, ~994s left) :: diving straight into a smooth patch of bare jade, pale celad
[dive] frame 231/280 (16.7s/frame, ~820s left) :: the mineral grain of jade, deep green mottled spots and wind
[dive] frame 241/280 (16.4s/frame, ~638s left) :: deep inside the mineral grain of jade, deep green mottled sp
[dive] frame 251/280 (16.0s/frame, ~465s left) :: deep inside the mineral grain of jade, deep green mottled sp
[dive] frame 261/280 (15.8s/frame, ~300s left) :: moving through a foam universe of glowing cell walls, thin l
[dive] frame 271/280 (15.5s/frame, ~139s left) :: diving straight into a branching web of galaxy filaments acr
[dive] frame 280/280 (15.2s/frame, ~0s left) :: diving straight into a branching web of galaxy filaments acr
[dive] interpolated 12 -> 24fps in 30s
[dive] counter overlay on 557 frames (36 decade pulses)
[dive] primary (zoom-out): /mnt/c/Users/Phil/zoomer/output/jade_automata/v1/jade_automata.mp4 (32756 KB, 23.3s)
[dive] alt (dive-in): /mnt/c/Users/Phil/zoomer/output/jade_automata/v1/jade_automata_divein.mp4 (33376 KB, 23.3s)
[dive] done in 4398s
=== 03:32:10 python3 scripts/queue_review.py jade_automata ds ===
  copied jade_automata.mp4 -> review/jade_automata_ds.mp4
  copied jade_automata_divein.mp4 -> review_divein/jade_automata_ds_divein.mp4
jade_automata: queued to REVIEW (ds/divein) from v1
=== 03:32:11 python3 scripts/caption.py jade_automata ===
  jade_automata: 5 caption+title pairs (spot=True); theme='A slow, hypnotic pulse of gongs and chim'
    [0] A jade temple dissolves into cosmic foam 🌌 Can you spot Janet hiding in the stars? 👀 #JadeCosmos #InfiniteZenLoop #CelestialTerrace #VermilionVoid #powersofzen #oddlysatisfying #zoomer #animation #art #aiart #chillbeats  ||  YT: A jade temple dissolves into cosmic foam 🌌
    [1] Cloud scrolls unravel into galaxy filaments ✨ Can you spot Janet hiding in the stars? 👀 #JadeCosmos #InfiniteZenLoop #CelestialTerrace #VermilionVoid #powersofzen #oddlysatisfying #zoomer #animation #art #aiart #chillbeats  ||  YT: Cloud scrolls unravel into galaxy filaments ✨
    [2] Starlight swarms collapse to a burning world 🔥 Can you spot Janet hiding in the stars? 👀 #JadeCosmos #InfiniteZenLoop #CelestialTerrace #VermilionVoid #powersofzen #oddlysatisfying #zoomer #animation #art #aiart #chillbeats  ||  YT: Starlight swarms collapse to a burning world 🔥
    [3] Mountains rise from the embers of a star ⛰️ Can you spot Janet hiding in the stars? 👀 #JadeCosmos #InfiniteZenLoop #CelestialTerrace #VermilionVoid #powersofzen #oddlysatisfying #zoomer #animation #art #aiart #chillbeats  ||  YT: Mountains rise from the embers of a star ⛰️
    [4] The loop begins again in endless green Can you spot Janet hiding in the stars? 👀 #JadeCosmos #InfiniteZenLoop #CelestialTerrace #VermilionVoid #powersofzen #oddlysatisfying #zoomer #animation #art #aiart #chillbeats  ||  YT: The loop begins again in endless green
=== 03:32:52 jade_automata done -> REVIEW ===
=== 03:32:52 --- pollen_court --- ===
=== 03:32:52 python3 engine/dive.py journeys/pollen_court.json ===
[style] infrared_bloom  ->  false-colour infrared palette, hot magenta and cyan, blooming light, high-saturation dreamscape, ultra-detailed, glittering specular highlights, iridescent sparkle, vivid complementary colour contrast, jewel-bright accents
[dive] run dir: /mnt/c/Users/Phil/zoomer/output/pollen_court/v1
[dive] pollen_court: 140 frames, 576x1024, zoom 1.045/frame, denoise 0.5, MODEL ds (dreamshaperXL.safetensors)
[dive] TRACKER v3 ON (49 approach frames; detect every 4, Florence-2-large-ft); depth preproc=DepthAnythingV2Preprocessor
[dive] frame 1/140 (13.8s/frame, ~1916s left) :: moving through a single pollen grain in a drift of its neigh
[dive] frame 11/140 (19.6s/frame, ~2528s left) :: moving through a single pollen grain in a drift of its neigh
[dive] frame 21/140 (19.9s/frame, ~2371s left) :: diving straight into a deep round pore, a dark opening ringe
[dive] frame 31/140 (19.8s/frame, ~2157s left) :: a reticulated honeycomb mesh spread across a golden land, ra
[dive] frame 41/140 (16.9s/frame, ~1675s left) :: deep inside a reticulated honeycomb mesh spread across a gol
[dive] frame 51/140 (15.1s/frame, ~1348s left) :: deep inside a reticulated honeycomb mesh spread across a gol
[dive] frame 61/140 (14.2s/frame, ~1120s left) :: the whole view transforming, resolving into a flowering tree
[dive] frame 71/140 (13.3s/frame, ~919s left) :: moving through a flowering tree canopy seen wide against a p
[dive] frame 81/140 (12.7s/frame, ~749s left) :: diving straight into  as it swells to fill the entire view, 
[dive] frame 91/140 (12.3s/frame, ~603s left) :: a blossoming spring park in low golden light, seen from the 
[dive] frame 101/140 (13.5s/frame, ~526s left) :: diving straight into an old green wooden bench, its painted 
[dive] frame 111/140 (14.0s/frame, ~406s left) :: diving straight into an old green wooden bench, its painted 
[dive] frame 121/140 (13.8s/frame, ~262s left) :: moving through a weathered green bench slat running away und
[dive] frame 131/140 (13.4s/frame, ~120s left) :: diving straight into a single pollen grain in a drift of its
[dive] frame 140/140 (13.0s/frame, ~0s left) :: diving straight into a single pollen grain in a drift of its
[dive] interpolated 12 -> 24fps in 15s
[dive] counter overlay on 277 frames (11 decade pulses)
[dive] primary (zoom-out): /mnt/c/Users/Phil/zoomer/output/pollen_court/v1/pollen_court.mp4 (18633 KB, 11.7s)
[dive] alt (dive-in): /mnt/c/Users/Phil/zoomer/output/pollen_court/v1/pollen_court_divein.mp4 (18992 KB, 11.7s)
[dive] done in 1886s
=== 04:04:18 python3 scripts/queue_review.py pollen_court ds ===
  copied pollen_court.mp4 -> review/pollen_court_ds.mp4
  copied pollen_court_divein.mp4 -> review_divein/pollen_court_ds_divein.mp4
pollen_court: queued to REVIEW (ds/divein) from v1
=== 04:04:19 python3 scripts/caption.py pollen_court ===
  pollen_court: 5 caption+title pairs (spot=True); theme='A shimmering harp and synths weaving thr'
    [0] A pollen grain’s universe, infinite and iridescent 🌸 Can you spot Amos hiding in the pollen drift? 👀 #infraredzen #pollenuniverse #blossomcosmos #dreamloop #powersofzen #oddlysatisfying #zoomer #animation #art #aiart #chillbeats  ||  YT: A pollen grain’s universe, infinite and iridescent 🌸
    [1] Diving through blossoms into golden honeycomb dreams ✨ Can you spot Amos hiding in the pollen drift? 👀 #infraredzen #pollenuniverse #blossomcosmos #dreamloop #powersofzen #oddlysatisfying #zoomer #animation #art #aiart #chillbeats  ||  YT: Diving through blossoms into golden honeycomb dreams ✨
    [2] The park’s pulse in petals, a loop of light and shadow Can you spot Amos hiding in the pollen drift? 👀 #infraredzen #pollenuniverse #blossomcosmos #dreamloop #powersofzen #oddlysatisfying #zoomer #animation #art #aiart #chillbeats  ||  YT: The park’s pulse in petals, a loop of light and shadow
    [3] Where every bench hides a cosmos beneath its slats Can you spot Amos hiding in the pollen drift? 👀 #infraredzen #pollenuniverse #blossomcosmos #dreamloop #powersofzen #oddlysatisfying #zoomer #animation #art #aiart #chillbeats  ||  YT: Where every bench hides a cosmos beneath its slats
    [4] Spring’s fractal heart beats in magenta and cyan Can you spot Amos hiding in the pollen drift? 👀 #infraredzen #pollenuniverse #blossomcosmos #dreamloop #powersofzen #oddlysatisfying #zoomer #animation #art #aiart #chillbeats  ||  YT: Spring’s fractal heart beats in magenta and cyan
=== 04:05:01 pollen_court done -> REVIEW ===
=== 04:05:01 BATCH COMPLETE — 3 videos in Video Review (captioned). Next: mark a start frame, Approve -> Music. ===
