abyssal_chandelier · card vent_plain (render idx 4, exp 2.5) -> mode surface
window frames 106..128 (pre 6 / arrival 7 / travel 10), total 308, fpb 7
scaffold preview -> output/resolve_lab/abyssal_chandelier_vent_plain/scaffold (cn ramp 0.03..0.36)
source: output/abyssal_chandelier/v1
  f106 den 0.40 cn 0.03 
  f107 den 0.40 cn 0.07 
  f108 den 0.40 cn 0.10 
  f109 den 0.40 cn 0.13 
  f110 den 0.47 cn 0.17 
  f111 den 0.53 cn 0.20 
  f112 den 0.58 cn 0.21 ARRIVAL
  f113 den 0.58 cn 0.26 ARRIVAL
  f114 den 0.58 cn 0.30 ARRIVAL
  f115 den 0.58 cn 0.35 ARRIVAL
  f116 den 0.58 cn 0.39 ARRIVAL
  f117 den 0.58 cn 0.44 ARRIVAL
  f118 den 0.40 cn 0.49 
  f119 den 0.46 cn 0.53 
  f120 den 0.46 cn 0.58 
  f121 den 0.46 cn 0.60 
  f122 den 0.46 cn 0.60 
  f123 den 0.46 cn 0.60 
  f124 den 0.46 cn 0.60 
  f125 den 0.40 cn 0.60 
  f126 den 0.40 cn 0.60 
  f127 den 0.40 cn 0.36 
  f128 den 0.46 cn 0.36 
A/B -> output/resolve_lab/abyssal_chandelier_vent_plain/resolve_AB.mp4
