Posting: tide_of_life  (file: production/tide_of_life_ds_divein.mp4, ds/divein)
  tiktok: posted
Traceback (most recent call last):
  File "/mnt/c/Users/Phil/zoomer/scripts/poster.py", line 371, in run
    results[name] = fn(entry["file"], entry["yt_title"], entry["yt_desc"], dry_run)
                    ^^^^^^^^^^^^^^^^^^^^^^^^^^^^^^^^^^^^^^^^^^^^^^^^^^^^^^^^^^^^^^^
  File "/mnt/c/Users/Phil/zoomer/scripts/poster.py", line 240, in post_youtube
    tab = Tab(match="studio.youtube")
          ^^^^^^^^^^^^^^^^^^^^^^^^^^^
  File "/mnt/c/Users/Phil/zoomer/scripts/zen_browser.py", line 31, in __init__
    t = next(t for t in ts if match in t["url"] or match in t.get("title",""))
        ^^^^^^^^^^^^^^^^^^^^^^^^^^^^^^^^^^^^^^^^^^^^^^^^^^^^^^^^^^^^^^^^^^^^^^
StopIteration

During handling of the above exception, another exception occurred:

Traceback (most recent call last):
  File "/mnt/c/Users/Phil/zoomer/scripts/poster.py", line 409, in <module>
    main()
  File "/mnt/c/Users/Phil/zoomer/scripts/poster.py", line 405, in main
    run(only, args.dry_run, args.journey)
  File "/mnt/c/Users/Phil/zoomer/scripts/poster.py", line 378, in run
    flag(name, "unexpected", Tab(match=name), str(e))
                             ^^^^^^^^^^^^^^^
  File "/mnt/c/Users/Phil/zoomer/scripts/zen_browser.py", line 31, in __init__
    t = next(t for t in ts if match in t["url"] or match in t.get("title",""))
        ^^^^^^^^^^^^^^^^^^^^^^^^^^^^^^^^^^^^^^^^^^^^^^^^^^^^^^^^^^^^^^^^^^^^^^
StopIteration
Posting: night_bloom  (file: production/night_bloom_ds_divein.mp4, ds/divein)
  tiktok: posted
    set_text failed: NO_FOCUS
  !! FLAG [youtube/title] title field not settable
     context: {"buttons":["Close","Close","Skip navigation","Skip navigation","Create","Create","Dashboard","Content","Analytics","Community","Subtitles","Content detection","Earn","Customization","Audio library","Settings","Send feedback","Edit","Edit","Add to playlist","Add to playlist","More actions","More actions","Learn more","Learn more","Date","Views","Learn more","Learn more","Learn more"],"headings":["Channel content","Video","Notices","Visibility","Date","Views","Comments","Details"]}
  instagram: posted

Summary: {
  "tiktok": "posted",
  "youtube": "FLAGGED: youtube/title: title field not settable",
  "instagram": "posted"
}
⚠ flags recorded in /mnt/c/Users/Phil/zoomer/outbox/flags.jsonl — review before next run.
Posting: alexandria  (file: production/alexandria_ds_divein.mp4, ds/divein)
  tiktok: posted
    set_text failed: NO_FOCUS
    set_text failed: NO_FOCUS
    set_text failed: NO_FOCUS
    set_text failed: NO_FOCUS
    set_text failed: NO_FOCUS
    set_text failed: NO_FOCUS
  !! FLAG [youtube/title] title field not settable
     context: {"buttons":["Close","Close","Skip navigation","Skip navigation","Create","Create","Dashboard","Content","Analytics","Community","Subtitles","Content detection","Earn","Customization","Audio library","Settings","Send feedback","Learn more","Learn more","Catch me up on this video","Catch me up on this video","Go to videos","Go to videos","Go to videos","116","78","27","Go to channel analytics","Go to channel analytics","Go to channel analytics"],"headings":["Channel dashboard","Latest Short performance","everything glows at night 🌙 10ᶻ","an ocean, a cell, and the cosmic web — one dive 🌊 10ᶻ","everything's a black hole if you zoom out enough 🕳️✨ 10ᶻ","the town hidden inside a grain of sugar 🍞❄️ 10ᶻ","one continuous dive through every scale of the universe 🌌 10ᶻ","Channel analytics"]}
  !! FLAG [instagram/edit_screen] edit screen never appeared after 1st Next
     context: {"buttons":["Instagram","HomeHome","ReelsReels","MessagesMessages","SearchSearch","NotificationsNotifications","New postCreate","Profile","SettingsMore","powers.of.zen","14h","Original audio","More options","Audio is muted","Audio is muted","Like","Comment","Repost","Share","Save","Save","powers.of.zen","#powersofzen","#bioluminescence","#oddlysatisfying","gucci_neddy","22h","Follow","More options","Like"],"headings":["Crop"]}

Summary: {
  "tiktok": "posted",
  "youtube": "FLAGGED: youtube/title: title field not settable",
  "instagram": "FLAGGED: instagram/edit_screen: edit screen never appeared after 1st Next"
}
⚠ flags recorded in /mnt/c/Users/Phil/zoomer/outbox/flags.jsonl — review before next run.
Posting: food_chain  (file: production/food_chain_ds_divein.mp4, ds/divein)
  ⏸ skipping paused platform(s): tiktok
  youtube: https://youtube.com/shorts/n2fsFJuVVeQ
  instagram: https://www.instagram.com/powers.of.zen/reel/DbZI3tOMPqL/

Summary: {
  "youtube": "https://youtube.com/shorts/n2fsFJuVVeQ",
  "instagram": "https://www.instagram.com/powers.of.zen/reel/DbZI3tOMPqL/"
}
⚠ flags recorded in /mnt/c/Users/Phil/zoomer/outbox/flags.jsonl — review before next run.
Posting: snowfall  (file: production/snowfall_divein.mp4, turbo/divein)
  ⏸ skipping paused platform(s): tiktok
    set_text failed: NO_FOCUS
    set_text failed: NO_FOCUS
    set_text failed: NO_FOCUS
    set_text failed: NO_FOCUS
    set_text failed: NO_FOCUS
    set_text failed: NO_FOCUS
    set_text failed: NO_FOCUS
    set_text failed: NO_FOCUS
    set_text failed: NO_FOCUS
    set_text failed: NO_FOCUS
  !! FLAG [youtube/title] title never confirmed set (field not editable in time?)
     context: {"buttons":["Close","Close","Get started","Get started","Dismiss","Dismiss","Skip navigation","Skip navigation","Create","Create","Dashboard","Content","Analytics","Community","Subtitles","Content detection","Earn","Customization","Audio library","Settings","Send feedback","Learn more","Learn more","Catch me up on this video","Catch me up on this video","Go to videos","Go to videos","Go to videos","993","126"],"headings":["Channel dashboard","Latest Short performance","a whole tiny world in one pond 🐟 10ᶻ","the atom in the ink is the planet under the city 📜🪐 10ᶻ","everything glows at night 🌙 10ᶻ","an ocean, a cell, and the cosmic web — one dive 🌊 10ᶻ","everything's a black hole if you zoom out enough 🕳️✨ 10ᶻ","Channel analytics"]}
  !! FLAG [instagram/crop_original] could not confirm Original (phone 9:16) crop — refusing to post a squared video
     context: {"buttons":["Instagram","HomeHome","ReelsReels","MessagesMessages","SearchSearch","NotificationsNotifications","New postCreate","Profile","SettingsMore","powers.of.zen","13h","Original audio","More options","Audio is muted","Audio is muted","Like","1","Comment","Repost","Share","Save","Save","1 like","powers.of.zen","#powersofzen","#pond","#oddlysatisfying","#fyp","powers.of.zen","Switch"],"headings":["Suggested Posts","Crop"]}

Summary: {
  "youtube": "FLAGGED: youtube/title: title never confirmed set (field not editable in time?)",
  "instagram": "FLAGGED: instagram/crop_original: could not confirm Original (phone 9:16) crop \u2014 refusing to post a squared video"
}
⚠ flags recorded in /mnt/c/Users/Phil/zoomer/outbox/flags.jsonl — review before next run.
Posting: cosmic_scales_remix  (file: production\cosmic_scales_remix_ds_shift.mp4, ds/zoomout)
  ⏸ skipping paused platform(s): tiktok
  youtube: https://youtube.com/shorts/pKiWyMYBqi4
  instagram: https://www.instagram.com/powers.of.zen/reel/DbbtqMVtunf/

Summary: {
  "youtube": "https://youtube.com/shorts/pKiWyMYBqi4",
  "instagram": "https://www.instagram.com/powers.of.zen/reel/DbbtqMVtunf/"
}
⚠ flags recorded in /mnt/c/Users/Phil/zoomer/outbox/flags.jsonl — review before next run.
Posting: cartographer  (file: production/cartographer_ds_divein.mp4, ds/divein)
  ⏸ skipping paused platform(s): tiktok
  !! FLAG [youtube/file_input] upload dialog never became VISIBLE (Create->Upload; cold-session onboarding nags?)
     context: {"buttons":["Close","Close","Skip navigation","Skip navigation","Create","Create","Dashboard","Content","Analytics","Community","Subtitles","Content detection","Earn","Customization","Audio library","Settings","Send feedback","Learn more","Learn more","Catch me up on this video","Catch me up on this video","Go to videos","Go to videos","Go to videos","Create post","Create post","Create post","1.1K","861","406"],"headings":["Channel dashboard","Latest Short performance","A hypnotic spiral through every scale of reality ⚡","The quiet hum of falling snow","a whole tiny world in one pond 🐟 10ᶻ","the atom in the ink is the planet under the city 📜🪐 10ᶻ","everything glows at night 🌙 10ᶻ","Channel analytics"]}
  !! FLAG [instagram/crop_original] could not confirm Original (phone 9:16) crop — refusing to post a squared video
     context: {"buttons":["Instagram","HomeHome","ReelsReels","MessagesMessages","SearchSearch","NotificationsNotifications","New postCreate","Profile","SettingsMore","powers.of.zen","22h","Original audio","More options","Audio is muted","Audio is muted","Like","2","Comment","Repost","Share","Save","Save","apeshit82","1 other","powers.of.zen","#crystallineworlds","#endlesswinterdive","#frostedcosmos","#powersofzen","#oddlysatisfying"],"headings":["Suggested Posts","Turn on Notifications","Crop"]}

Summary: {
  "youtube": "FLAGGED: youtube/file_input: upload dialog never became VISIBLE (Create->Upload; cold-session onboarding nags?)",
  "instagram": "FLAGGED: instagram/crop_original: could not confirm Original (phone 9:16) crop \u2014 refusing to post a squared video"
}
⚠ flags recorded in /mnt/c/Users/Phil/zoomer/outbox/flags.jsonl — review before next run.
Posting: circuit_city  (file: production\circuit_city_ds_divein_shift.mp4, ds/divein)
  ⏸ skipping paused platform(s): tiktok
  youtube: https://youtube.com/shorts/aiQRUEc9qOA
  instagram: https://www.instagram.com/powers.of.zen/reel/DbeSdr0uWQe/

Summary: {
  "youtube": "https://youtube.com/shorts/aiQRUEc9qOA",
  "instagram": "https://www.instagram.com/powers.of.zen/reel/DbeSdr0uWQe/"
}
⚠ flags recorded in /mnt/c/Users/Phil/zoomer/outbox/flags.jsonl — review before next run.
Posting: dollhouse  (file: production/dollhouse_ds.mp4, ds/zoomout)
  ⏸ skipping paused platform(s): tiktok
  youtube: https://youtube.com/shorts/rP1fA9iKjDU
  instagram: https://www.instagram.com/powers.of.zen/reel/DbfylfKtqYd/

Summary: {
  "youtube": "https://youtube.com/shorts/rP1fA9iKjDU",
  "instagram": "https://www.instagram.com/powers.of.zen/reel/DbfylfKtqYd/"
}
⚠ flags recorded in /mnt/c/Users/Phil/zoomer/outbox/flags.jsonl — review before next run.
Posting: night_bloom_remix  (file: review_divein/night_bloom_remix_ds_divein_shift.mp4, ds/divein)
  ⏸ skipping paused platform(s): tiktok
  youtube: https://youtube.com/shorts/T3lj-rfcyyM
  instagram: https://www.instagram.com/powers.of.zen/reel/Dbg3QOnxpQi/

Summary: {
  "youtube": "https://youtube.com/shorts/T3lj-rfcyyM",
  "instagram": "https://www.instagram.com/powers.of.zen/reel/Dbg3QOnxpQi/"
}
⚠ flags recorded in /mnt/c/Users/Phil/zoomer/outbox/flags.jsonl — review before next run.
Posting: butterfly_meridian  (file: production/butterfly_meridian_ds_divein_shift.mp4, ds/divein)
  ⏸ skipping paused platform(s): tiktok
  youtube: https://youtube.com/shorts/YV5ZGIYKpb0
  instagram: https://www.instagram.com/powers.of.zen/reel/DbiXYvTxGr9/

Summary: {
  "youtube": "https://youtube.com/shorts/YV5ZGIYKpb0",
  "instagram": "https://www.instagram.com/powers.of.zen/reel/DbiXYvTxGr9/"
}
⚠ flags recorded in /mnt/c/Users/Phil/zoomer/outbox/flags.jsonl — review before next run.
Posting: jade_automata  (file: production/jade_automata_ds_shift.mp4, ds/zoomout)
  ⏸ skipping paused platform(s): tiktok
  youtube: https://youtube.com/shorts/FlYXhecGvLA
  instagram: https://www.instagram.com/powers.of.zen/reel/DbjcDhyO_9n/

Summary: {
  "youtube": "https://youtube.com/shorts/FlYXhecGvLA",
  "instagram": "https://www.instagram.com/powers.of.zen/reel/DbjcDhyO_9n/"
}
⚠ flags recorded in /mnt/c/Users/Phil/zoomer/outbox/flags.jsonl — review before next run.
Posting: mineral_heart  (file: review_divein/mineral_heart_ds_divein_shift.mp4, ds/divein)
  ⏸ skipping paused platform(s): tiktok
  youtube: https://youtube.com/shorts/DsIOztlEOUU
  instagram: https://www.instagram.com/powers.of.zen/reel/Dbk8L2hpUfz/

Summary: {
  "youtube": "https://youtube.com/shorts/DsIOztlEOUU",
  "instagram": "https://www.instagram.com/powers.of.zen/reel/Dbk8L2hpUfz/"
}
⚠ flags recorded in /mnt/c/Users/Phil/zoomer/outbox/flags.jsonl — review before next run.
Posting: cave_of_numbers  (file: production/cave_of_numbers_ds_shift.mp4, ds/zoomout)
  ⏸ skipping paused platform(s): tiktok
  youtube: https://youtube.com/shorts/YWs2SHWgQfs
  instagram: https://www.instagram.com/powers.of.zen/reel/DbmA2MBQ0Ft/

Summary: {
  "youtube": "https://youtube.com/shorts/YWs2SHWgQfs",
  "instagram": "https://www.instagram.com/powers.of.zen/reel/DbmA2MBQ0Ft/"
}
⚠ flags recorded in /mnt/c/Users/Phil/zoomer/outbox/flags.jsonl — review before next run.
Posting: lather_atlas  (file: production/lather_atlas_ds.mp4, ds/zoomout)
  ⏸ skipping paused platform(s): tiktok
  youtube: https://youtube.com/shorts/AzpocVt3RVk
  instagram: https://www.instagram.com/powers.of.zen/reel/Dbng-e1hZRb/

Summary: {
  "youtube": "https://youtube.com/shorts/AzpocVt3RVk",
  "instagram": "https://www.instagram.com/powers.of.zen/reel/Dbng-e1hZRb/"
}
⚠ flags recorded in /mnt/c/Users/Phil/zoomer/outbox/flags.jsonl — review before next run.
Posting: frost_window  (file: review_divein/frost_window_ds_divein_shift.mp4, ds/divein)
  ⏸ skipping paused platform(s): tiktok
  youtube: https://youtube.com/shorts/vdJSfp8GGvA
  instagram: https://www.instagram.com/powers.of.zen/reel/DbolpFYs3Tq/

Summary: {
  "youtube": "https://youtube.com/shorts/vdJSfp8GGvA",
  "instagram": "https://www.instagram.com/powers.of.zen/reel/DbolpFYs3Tq/"
}
⚠ flags recorded in /mnt/c/Users/Phil/zoomer/outbox/flags.jsonl — review before next run.
Posting: quantum_orrery  (file: production/quantum_orrery_ds_shift.mp4, ds/zoomout)
  ⏸ skipping paused platform(s): tiktok
  youtube: https://youtube.com/shorts/WnFjoxcB0ZQ
  instagram: https://www.instagram.com/powers.of.zen/reel/DbqFxM6R-lR/

Summary: {
  "youtube": "https://youtube.com/shorts/WnFjoxcB0ZQ",
  "instagram": "https://www.instagram.com/powers.of.zen/reel/DbqFxM6R-lR/"
}
⚠ flags recorded in /mnt/c/Users/Phil/zoomer/outbox/flags.jsonl — review before next run.
Posting: glass_apiary  (file: review_divein/glass_apiary_ds_divein_shift.mp4, ds/divein)
  ⏸ skipping paused platform(s): tiktok
  youtube: https://youtube.com/shorts/BRFDbG9o2lU
  instagram: https://www.instagram.com/powers.of.zen/reel/DbrKbv5BzMr/

Summary: {
  "youtube": "https://youtube.com/shorts/BRFDbG9o2lU",
  "instagram": "https://www.instagram.com/powers.of.zen/reel/DbrKbv5BzMr/"
}
⚠ flags recorded in /mnt/c/Users/Phil/zoomer/outbox/flags.jsonl — review before next run.
Posting: copper_rain  (file: production/copper_rain_ds_divein_shift.mp4, ds/divein)
  ⏸ skipping paused platform(s): tiktok
  youtube: https://youtube.com/shorts/Nv1d6jkDykU
  instagram: https://www.instagram.com/powers.of.zen/reel/DbsqkAqu7OB/

Summary: {
  "youtube": "https://youtube.com/shorts/Nv1d6jkDykU",
  "instagram": "https://www.instagram.com/powers.of.zen/reel/DbsqkAqu7OB/"
}
⚠ flags recorded in /mnt/c/Users/Phil/zoomer/outbox/flags.jsonl — review before next run.
Posting: pollen_court  (file: review_divein/pollen_court_ds_divein_shift.mp4, ds/divein)
  ⏸ skipping paused platform(s): tiktok
  youtube: https://youtube.com/shorts/tvTfgasrV60
  instagram: https://www.instagram.com/powers.of.zen/reel/DbtvOrQMd-j/

Summary: {
  "youtube": "https://youtube.com/shorts/tvTfgasrV60",
  "instagram": "https://www.instagram.com/powers.of.zen/reel/DbtvOrQMd-j/"
}
⚠ flags recorded in /mnt/c/Users/Phil/zoomer/outbox/flags.jsonl — review before next run.
Posting: tesla_garden  (file: production/tesla_garden_ds_shift.mp4, ds/zoomout)
  ⏸ skipping paused platform(s): tiktok
  youtube: https://youtube.com/shorts/fO9XElDOsJc
  instagram: https://www.instagram.com/powers.of.zen/reel/DbvPXOBPRP8/

Summary: {
  "youtube": "https://youtube.com/shorts/fO9XElDOsJc",
  "instagram": "https://www.instagram.com/powers.of.zen/reel/DbvPXOBPRP8/"
}
⚠ flags recorded in /mnt/c/Users/Phil/zoomer/outbox/flags.jsonl — review before next run.
Posting: velvet_atlas  (file: review_divein/velvet_atlas_ds_divein.mp4, ds/divein)
  ⏸ skipping paused platform(s): tiktok
  youtube: https://youtube.com/shorts/nUi126I6dg4
  instagram: https://www.instagram.com/powers.of.zen/reel/DbwUB8zQlsm/

Summary: {
  "youtube": "https://youtube.com/shorts/nUi126I6dg4",
  "instagram": "https://www.instagram.com/powers.of.zen/reel/DbwUB8zQlsm/"
}
⚠ flags recorded in /mnt/c/Users/Phil/zoomer/outbox/flags.jsonl — review before next run.
Chrome CDP not reachable on :9222 — run scripts/start_chrome_zen.sh first.
Posting: chalkboard_infinities  (file: review_divein/chalkboard_infinities_ds_divein.mp4, ds/divein)
  ⏸ skipping paused platform(s): tiktok
  youtube: https://youtube.com/shorts/TdNXaK1lf0w
  instagram: https://www.instagram.com/powers.of.zen/reel/Dby40v0t29S/

Summary: {
  "youtube": "https://youtube.com/shorts/TdNXaK1lf0w",
  "instagram": "https://www.instagram.com/powers.of.zen/reel/Dby40v0t29S/"
}
⚠ flags recorded in /mnt/c/Users/Phil/zoomer/outbox/flags.jsonl — review before next run.
Posting: sugar_nebula  (file: review_divein/sugar_nebula_ds_divein.mp4, ds/divein)
  ⏸ skipping paused platform(s): tiktok
  youtube: https://youtube.com/shorts/Gzl8SvMrr9M
  instagram: https://www.instagram.com/powers.of.zen/reel/Db0Y8-qO1-Q/

Summary: {
  "youtube": "https://youtube.com/shorts/Gzl8SvMrr9M",
  "instagram": "https://www.instagram.com/powers.of.zen/reel/Db0Y8-qO1-Q/"
}
⚠ flags recorded in /mnt/c/Users/Phil/zoomer/outbox/flags.jsonl — review before next run.
Posting: ink_dynasty  (file: review_divein/ink_dynasty_ds_divein_shift.mp4, ds/divein)
  ⏸ skipping paused platform(s): tiktok
  youtube: https://youtube.com/shorts/cjO9gocJLwo
  instagram: https://www.instagram.com/powers.of.zen/reel/Db1dnXug0Om/

Summary: {
  "youtube": "https://youtube.com/shorts/cjO9gocJLwo",
  "instagram": "https://www.instagram.com/powers.of.zen/reel/Db1dnXug0Om/"
}
⚠ flags recorded in /mnt/c/Users/Phil/zoomer/outbox/flags.jsonl — review before next run.
Posting: lichen_moor  (file: review_divein/lichen_moor_ds_divein.mp4, ds/divein)
  ⏸ skipping paused platform(s): tiktok
  youtube: https://youtube.com/shorts/vFCqWaQ-9cs
  instagram: https://www.instagram.com/powers.of.zen/reel/Db29vr7gb7Y/

Summary: {
  "youtube": "https://youtube.com/shorts/vFCqWaQ-9cs",
  "instagram": "https://www.instagram.com/powers.of.zen/reel/Db29vr7gb7Y/"
}
⚠ flags recorded in /mnt/c/Users/Phil/zoomer/outbox/flags.jsonl — review before next run.
No queued video to post (set a video's state to 'queued' in the dashboard, or pass --journey).
No queued video to post (set a video's state to 'queued' in the dashboard, or pass --journey).
No queued video to post (set a video's state to 'queued' in the dashboard, or pass --journey).
Posting: resonance_hall  (file: production/resonance_hall_ds_shift.mp4, ds/zoomout)
  ⏸ skipping paused platform(s): tiktok
  youtube: https://youtube.com/shorts/pQKdcHhyV0s
  instagram: https://www.instagram.com/powers.of.zen/reel/Db9L_ofszjn/

Summary: {
  "youtube": "https://youtube.com/shorts/pQKdcHhyV0s",
  "instagram": "https://www.instagram.com/powers.of.zen/reel/Db9L_ofszjn/"
}
⚠ flags recorded in /mnt/c/Users/Phil/zoomer/outbox/flags.jsonl — review before next run.
Posting: tide_glass  (file: review_divein/tide_glass_ds_divein_shift.mp4, ds/divein)
  ⏸ skipping paused platform(s): tiktok
  youtube: https://youtube.com/shorts/mrPiwkaKClc
  instagram: https://www.instagram.com/powers.of.zen/reel/Db-sIZ8JNWA/

Summary: {
  "youtube": "https://youtube.com/shorts/mrPiwkaKClc",
  "instagram": "https://www.instagram.com/powers.of.zen/reel/Db-sIZ8JNWA/"
}
⚠ flags recorded in /mnt/c/Users/Phil/zoomer/outbox/flags.jsonl — review before next run.
followers: 34   ('34 Followers, 6 Following, 32 Posts - See Instagram photos and videos from Power')
reels on grid: 32 (trusted-hover pass, 31 with likes)

journey                     views  likes  like%  code
night_bloom_remix            2088     28   1.3%  Dbg3QOnxpQi
cosmic_scales_remix          1698     28   1.6%  DbbtqMVtunf
mineral_heart                 570     17   3.0%  Dbk8L2hpUfz
cave_of_numbers               368      5   1.4%  DbmA2MBQ0Ft
copper_rain                   312      8   2.6%  DbsqkAqu7OB
butterfly_meridian            308     15   4.9%  DbiXYvTxGr9
sugar_nebula                  271      1   0.4%  Db0Y8-qO1-Q
circuit_city                  245      7   2.9%  DbeSdr0uWQe
food_chain                    239      2   0.8%  DbZI3tOMPqL
tesla_garden                  212     10   4.7%  DbvPXOBPRP8
?                             202      2   1.0%  DbRslvuJmwq
dollhouse                     171      4   2.3%  DbfylfKtqYd
cartographer                  166      5   3.0%  DbdS6MlhTBU
snowfall                      165      3   1.8%  Dba1KIBhz3b
?                             165      3   1.8%  DbUAppwshJV
velvet_atlas                  162      6   3.7%  DbwUB8zQlsm
glass_apiary                  161      3   1.9%  DbrKbv5BzMr
frost_window                  160      2   1.2%  DbolpFYs3Tq
ink_dynasty                   150      8   5.3%  Db1dnXug0Om
midnight_kitchen              150      4   2.7%  DbTB20SvVx6
chalkboard_infinities         148      4   2.7%  Dby40v0t29S
pollen_court                  147      4   2.7%  DbtvOrQMd-j
quantum_orrery                147      3   2.0%  DbqFxM6R-lR
tide_glass                    140      2   1.4%  Db-sIZ8JNWA
lather_atlas                  139      2   1.4%  Dbng-e1hZRb
jade_automata                 136      9   6.6%  DbjcDhyO_9n
resonance_hall                135      4   3.0%  Db9L_ofszjn
alexandria                    127      4   3.1%  DbYP5WcutsC
lichen_moor                   124      2   1.6%  Db29vr7gb7Y
tide_of_life                   75      2   2.7%  DbVob6pJnSg
alexandria                     68      2   2.9%  DbWkGPOBLzg
cinder_veil                     ?      ?      ?  Db_wy6SMj1f

snapshot appended to outbox/ig_stats.jsonl (32 rows)
Posting: cinder_veil  (file: review_divein/cinder_veil_ds_divein_shift.mp4, ds/divein)
  ⏸ skipping paused platform(s): tiktok
  youtube: https://youtube.com/shorts/78IjjpANpf4
  instagram: https://www.instagram.com/powers.of.zen/reel/Db_wy6SMj1f/

Summary: {
  "youtube": "https://youtube.com/shorts/78IjjpANpf4",
  "instagram": "https://www.instagram.com/powers.of.zen/reel/Db_wy6SMj1f/"
}
⚠ flags recorded in /mnt/c/Users/Phil/zoomer/outbox/flags.jsonl — review before next run.
followers: 34   ('34 Followers, 6 Following, 33 Posts - See Instagram photos and videos from Power')
reels on grid: 33 (trusted-hover pass, 32 with likes)

journey                     views  likes  like%  code
night_bloom_remix            2089     28   1.3%  Dbg3QOnxpQi
cosmic_scales_remix          1698     28   1.6%  DbbtqMVtunf
mineral_heart                 574     17   3.0%  Dbk8L2hpUfz
cave_of_numbers               368      5   1.4%  DbmA2MBQ0Ft
copper_rain                   316      8   2.5%  DbsqkAqu7OB
butterfly_meridian            308     15   4.9%  DbiXYvTxGr9
sugar_nebula                  271      1   0.4%  Db0Y8-qO1-Q
circuit_city                  246      7   2.8%  DbeSdr0uWQe
food_chain                    239      2   0.8%  DbZI3tOMPqL
tesla_garden                  212     10   4.7%  DbvPXOBPRP8
?                             202      2   1.0%  DbRslvuJmwq
dollhouse                     173      4   2.3%  DbfylfKtqYd
cartographer                  166      5   3.0%  DbdS6MlhTBU
snowfall                      165      3   1.8%  Dba1KIBhz3b
?                             165      3   1.8%  DbUAppwshJV
velvet_atlas                  162      6   3.7%  DbwUB8zQlsm
glass_apiary                  161      3   1.9%  DbrKbv5BzMr
frost_window                  160      2   1.2%  DbolpFYs3Tq
ink_dynasty                   151      8   5.3%  Db1dnXug0Om
midnight_kitchen              150      4   2.7%  DbTB20SvVx6
chalkboard_infinities         148      4   2.7%  Dby40v0t29S
quantum_orrery                148      3   2.0%  DbqFxM6R-lR
tide_glass                    147      2   1.4%  Db-sIZ8JNWA
pollen_court                  147      4   2.7%  DbtvOrQMd-j
cinder_veil                   139      1   0.7%  Db_wy6SMj1f
lather_atlas                  139      2   1.4%  Dbng-e1hZRb
resonance_hall                136      4   2.9%  Db9L_ofszjn
jade_automata                 136      9   6.6%  DbjcDhyO_9n
alexandria                    127      4   3.1%  DbYP5WcutsC
lichen_moor                   124      2   1.6%  Db29vr7gb7Y
tide_of_life                   75      2   2.7%  DbVob6pJnSg
alexandria                     68      2   2.9%  DbWkGPOBLzg
salt_mirror                     ?      ?      ?  DcBQ7cpxIRg

snapshot appended to outbox/ig_stats.jsonl (33 rows)
Posting: salt_mirror  (file: review_divein/salt_mirror_ds_divein_shift.mp4, ds/divein)
  ⏸ skipping paused platform(s): tiktok
  youtube: https://youtube.com/shorts/Pj4q0aK23-M
  instagram: https://www.instagram.com/powers.of.zen/reel/DcBQ7cpxIRg/

Summary: {
  "youtube": "https://youtube.com/shorts/Pj4q0aK23-M",
  "instagram": "https://www.instagram.com/powers.of.zen/reel/DcBQ7cpxIRg/"
}
⚠ flags recorded in /mnt/c/Users/Phil/zoomer/outbox/flags.jsonl — review before next run.
followers: 36   ('36 Followers, 6 Following, 34 Posts - See Instagram photos and videos from Power')
reels on grid: 19 (trusted-hover pass, 19 with likes)

journey                     views  likes  like%  code
night_bloom_remix            2089     28   1.3%  Dbg3QOnxpQi
cosmic_scales_remix          1698     28   1.6%  DbbtqMVtunf
mineral_heart                 574     17   3.0%  Dbk8L2hpUfz
cave_of_numbers               368      5   1.4%  DbmA2MBQ0Ft
butterfly_meridian            308     15   4.9%  DbiXYvTxGr9
circuit_city                  246      7   2.8%  DbeSdr0uWQe
food_chain                    239      2   0.8%  DbZI3tOMPqL
?                             202      2   1.0%  DbRslvuJmwq
dollhouse                     173      4   2.3%  DbfylfKtqYd
cartographer                  166      5   3.0%  DbdS6MlhTBU
snowfall                      165      3   1.8%  Dba1KIBhz3b
?                             165      3   1.8%  DbUAppwshJV
frost_window                  160      2   1.2%  DbolpFYs3Tq
midnight_kitchen              150      4   2.7%  DbTB20SvVx6
lather_atlas                  139      2   1.4%  Dbng-e1hZRb
jade_automata                 136      9   6.6%  DbjcDhyO_9n
alexandria                    127      4   3.1%  DbYP5WcutsC
tide_of_life                   75      2   2.7%  DbVob6pJnSg
alexandria                     68      2   2.9%  DbWkGPOBLzg

snapshot appended to outbox/ig_stats.jsonl (19 rows)
Posting: abyssal_chandelier  (file: review_divein/abyssal_chandelier_ds_divein_shift.mp4, ds/divein)
  ⏸ skipping paused platform(s): tiktok
  youtube: https://youtube.com/shorts/-GcYNMnZcJA
  instagram: https://www.instagram.com/powers.of.zen/reel/DcCVl5qtz4w/

Summary: {
  "youtube": "https://youtube.com/shorts/-GcYNMnZcJA",
  "instagram": "https://www.instagram.com/powers.of.zen/reel/DcCVl5qtz4w/"
}
⚠ flags recorded in /mnt/c/Users/Phil/zoomer/outbox/flags.jsonl — review before next run.
followers: 36   ('36 Followers, 6 Following, 35 Posts - See Instagram photos and videos from Power')
reels on grid: 35 (trusted-hover pass, 34 with likes)

journey                     views  likes  like%  code
night_bloom_remix            2089     28   1.3%  Dbg3QOnxpQi
cosmic_scales_remix          1698     28   1.6%  DbbtqMVtunf
salt_mirror                   606      1   0.2%  DcBQ7cpxIRg
mineral_heart                 574     17   3.0%  Dbk8L2hpUfz
cave_of_numbers               368      5   1.4%  DbmA2MBQ0Ft
copper_rain                   316      8   2.5%  DbsqkAqu7OB
butterfly_meridian            308     15   4.9%  DbiXYvTxGr9
sugar_nebula                  271      1   0.4%  Db0Y8-qO1-Q
circuit_city                  246      7   2.8%  DbeSdr0uWQe
food_chain                    239      2   0.8%  DbZI3tOMPqL
tesla_garden                  212     10   4.7%  DbvPXOBPRP8
?                             202      2   1.0%  DbRslvuJmwq
dollhouse                     173      4   2.3%  DbfylfKtqYd
cartographer                  166      5   3.0%  DbdS6MlhTBU
snowfall                      165      3   1.8%  Dba1KIBhz3b
?                             165      3   1.8%  DbUAppwshJV
velvet_atlas                  162      6   3.7%  DbwUB8zQlsm
glass_apiary                  161      3   1.9%  DbrKbv5BzMr
frost_window                  160      2   1.2%  DbolpFYs3Tq
cinder_veil                   154      1   0.6%  Db_wy6SMj1f
ink_dynasty                   151      8   5.3%  Db1dnXug0Om
midnight_kitchen              150      4   2.7%  DbTB20SvVx6
tide_glass                    148      2   1.4%  Db-sIZ8JNWA
chalkboard_infinities         148      4   2.7%  Dby40v0t29S
quantum_orrery                148      3   2.0%  DbqFxM6R-lR
pollen_court                  147      4   2.7%  DbtvOrQMd-j
lather_atlas                  139      2   1.4%  Dbng-e1hZRb
resonance_hall                136      4   2.9%  Db9L_ofszjn
jade_automata                 136      9   6.6%  DbjcDhyO_9n
abyssal_chandelier            128      2   1.6%  DcCVl5qtz4w
alexandria                    127      4   3.1%  DbYP5WcutsC
lichen_moor                   124      2   1.6%  Db29vr7gb7Y
tide_of_life                   75      2   2.7%  DbVob6pJnSg
alexandria                     68      2   2.9%  DbWkGPOBLzg
ivory_gambit                    ?      ?      ?  DcD1ubzp9IM

snapshot appended to outbox/ig_stats.jsonl (35 rows)
Posting: ivory_gambit  (file: review_divein/ivory_gambit_ds_divein_shift.mp4, ds/divein)
  ⏸ skipping paused platform(s): tiktok
  youtube: https://youtube.com/shorts/3QQX_lqL_Sk
  instagram: https://www.instagram.com/powers.of.zen/reel/DcD1ubzp9IM/

Summary: {
  "youtube": "https://youtube.com/shorts/3QQX_lqL_Sk",
  "instagram": "https://www.instagram.com/powers.of.zen/reel/DcD1ubzp9IM/"
}
⚠ flags recorded in /mnt/c/Users/Phil/zoomer/outbox/flags.jsonl — review before next run.
followers: 38   ('38 Followers, 6 Following, 36 Posts - See Instagram photos and videos from Power')
reels on grid: 28 (trusted-hover pass, 28 with likes)

journey                     views  likes  like%  code
night_bloom_remix            2089     28   1.3%  Dbg3QOnxpQi
cosmic_scales_remix          1698     28   1.6%  DbbtqMVtunf
mineral_heart                 574     17   3.0%  Dbk8L2hpUfz
cave_of_numbers               368      5   1.4%  DbmA2MBQ0Ft
copper_rain                   316      8   2.5%  DbsqkAqu7OB
butterfly_meridian            308     15   4.9%  DbiXYvTxGr9
sugar_nebula                  271      1   0.4%  Db0Y8-qO1-Q
circuit_city                  246      7   2.8%  DbeSdr0uWQe
food_chain                    239      2   0.8%  DbZI3tOMPqL
tesla_garden                  212     10   4.7%  DbvPXOBPRP8
?                             202      2   1.0%  DbRslvuJmwq
dollhouse                     173      4   2.3%  DbfylfKtqYd
cartographer                  166      5   3.0%  DbdS6MlhTBU
snowfall                      165      3   1.8%  Dba1KIBhz3b
?                             165      3   1.8%  DbUAppwshJV
velvet_atlas                  162      6   3.7%  DbwUB8zQlsm
glass_apiary                  161      3   1.9%  DbrKbv5BzMr
frost_window                  160      2   1.2%  DbolpFYs3Tq
ink_dynasty                   151      8   5.3%  Db1dnXug0Om
midnight_kitchen              150      4   2.7%  DbTB20SvVx6
chalkboard_infinities         148      4   2.7%  Dby40v0t29S
quantum_orrery                148      3   2.0%  DbqFxM6R-lR
pollen_court                  147      4   2.7%  DbtvOrQMd-j
lather_atlas                  139      2   1.4%  Dbng-e1hZRb
jade_automata                 136      9   6.6%  DbjcDhyO_9n
alexandria                    127      4   3.1%  DbYP5WcutsC
tide_of_life                   75      2   2.7%  DbVob6pJnSg
alexandria                     68      2   2.9%  DbWkGPOBLzg

snapshot appended to outbox/ig_stats.jsonl (28 rows)
Posting: moth_orchard_night  (file: review_divein/moth_orchard_night_ds_divein_shift.mp4, ds/divein)
  ⏸ skipping paused platform(s): tiktok
  youtube: https://youtube.com/shorts/R73Xv0arMEU
  instagram: https://www.instagram.com/powers.of.zen/reel/DcE6Y9Murh5/

Summary: {
  "youtube": "https://youtube.com/shorts/R73Xv0arMEU",
  "instagram": "https://www.instagram.com/powers.of.zen/reel/DcE6Y9Murh5/"
}
⚠ flags recorded in /mnt/c/Users/Phil/zoomer/outbox/flags.jsonl — review before next run.
followers: 38   ('38 Followers, 6 Following, 37 Posts - See Instagram photos and videos from Power')
reels on grid: 25 (trusted-hover pass, 25 with likes)

journey                     views  likes  like%  code
night_bloom_remix            2090     28   1.3%  Dbg3QOnxpQi
cosmic_scales_remix          1699     28   1.6%  DbbtqMVtunf
mineral_heart                 575     17   3.0%  Dbk8L2hpUfz
cave_of_numbers               369      5   1.4%  DbmA2MBQ0Ft
copper_rain                   317      8   2.5%  DbsqkAqu7OB
butterfly_meridian            308     15   4.9%  DbiXYvTxGr9
circuit_city                  247      7   2.8%  DbeSdr0uWQe
food_chain                    240      2   0.8%  DbZI3tOMPqL
tesla_garden                  213     10   4.7%  DbvPXOBPRP8
?                             203      2   1.0%  DbRslvuJmwq
dollhouse                     174      4   2.3%  DbfylfKtqYd
cartographer                  167      5   3.0%  DbdS6MlhTBU
snowfall                      166      3   1.8%  Dba1KIBhz3b
?                             166      3   1.8%  DbUAppwshJV
velvet_atlas                  163      6   3.7%  DbwUB8zQlsm
glass_apiary                  162      3   1.9%  DbrKbv5BzMr
frost_window                  161      2   1.2%  DbolpFYs3Tq
midnight_kitchen              151      4   2.6%  DbTB20SvVx6
quantum_orrery                149      3   2.0%  DbqFxM6R-lR
pollen_court                  148      4   2.7%  DbtvOrQMd-j
lather_atlas                  140      2   1.4%  Dbng-e1hZRb
jade_automata                 137      9   6.6%  DbjcDhyO_9n
alexandria                    127      4   3.1%  DbYP5WcutsC
tide_of_life                   76      2   2.6%  DbVob6pJnSg
alexandria                     69      2   2.9%  DbWkGPOBLzg

snapshot appended to outbox/ig_stats.jsonl (25 rows)
Posting: geode_cosmos  (file: production/geode_cosmos_ds_divein_shift.mp4, ds/divein)
  ⏸ skipping paused platform(s): tiktok
  youtube: https://youtube.com/shorts/hd2XBvNA59U
  instagram: https://www.instagram.com/powers.of.zen/reel/DcGahIISzJw/

Summary: {
  "youtube": "https://youtube.com/shorts/hd2XBvNA59U",
  "instagram": "https://www.instagram.com/powers.of.zen/reel/DcGahIISzJw/"
}
⚠ flags recorded in /mnt/c/Users/Phil/zoomer/outbox/flags.jsonl — review before next run.
No queued video to post (set a video's state to 'queued' in the dashboard, or pass --journey).
No queued video to post (set a video's state to 'queued' in the dashboard, or pass --journey).
